Archive member included to satisfy reference by file (symbol)

app/libapp.a(main.c.obj)      (--whole-archive)
zephyr/libzephyr.a(crc32_sw.c.obj)
                              (--whole-archive)
zephyr/libzephyr.a(crc16_sw.c.obj)
                              (--whole-archive)
zephyr/libzephyr.a(crc8_sw.c.obj)
                              (--whole-archive)
zephyr/libzephyr.a(crc7_sw.c.obj)
                              (--whole-archive)
zephyr/libzephyr.a(dec.c.obj)
                              (--whole-archive)
zephyr/libzephyr.a(fdtable.c.obj)
                              (--whole-archive)
zephyr/libzephyr.a(hex.c.obj)
                              (--whole-archive)
zephyr/libzephyr.a(mempool.c.obj)
                              (--whole-archive)
zephyr/libzephyr.a(notify.c.obj)
                              (--whole-archive)
zephyr/libzephyr.a(printk.c.obj)
                              (--whole-archive)
zephyr/libzephyr.a(onoff.c.obj)
                              (--whole-archive)
zephyr/libzephyr.a(rb.c.obj)  (--whole-archive)
zephyr/libzephyr.a(sem.c.obj)
                              (--whole-archive)
zephyr/libzephyr.a(thread_entry.c.obj)
                              (--whole-archive)
zephyr/libzephyr.a(timeutil.c.obj)
                              (--whole-archive)
zephyr/libzephyr.a(work_q.c.obj)
                              (--whole-archive)
zephyr/libzephyr.a(heap.c.obj)
                              (--whole-archive)
zephyr/libzephyr.a(heap-validate.c.obj)
                              (--whole-archive)
zephyr/libzephyr.a(configs.c.obj)
                              (--whole-archive)
zephyr/libzephyr.a(soc.c.obj)
                              (--whole-archive)
zephyr/libzephyr.a(stm32cube_hal.c.obj)
                              (--whole-archive)
zephyr/libzephyr.a(uart_console.c.obj)
                              (--whole-archive)
zephyr/libzephyr.a(intc_exti_stm32.c.obj)
                              (--whole-archive)
zephyr/libzephyr.a(clock_stm32_ll_common.c.obj)
                              (--whole-archive)
zephyr/libzephyr.a(clock_stm32f2_f4_f7.c.obj)
                              (--whole-archive)
zephyr/libzephyr.a(pinmux_stm32.c.obj)
                              (--whole-archive)
zephyr/libzephyr.a(sys_clock_init.c.obj)
                              (--whole-archive)
zephyr/libzephyr.a(cortex_m_systick.c.obj)
                              (--whole-archive)
zephyr/arch/common/libarch__common.a(isr_tables.c.obj)
                              (--whole-archive)
zephyr/arch/common/libarch__common.a(sw_isr_common.c.obj)
                              (--whole-archive)
zephyr/arch/arch/arm/core/aarch32/libarch__arm__core__aarch32.a(swap.c.obj)
                              (--whole-archive)
zephyr/arch/arch/arm/core/aarch32/libarch__arm__core__aarch32.a(swap_helper.S.obj)
                              (--whole-archive)
zephyr/arch/arch/arm/core/aarch32/libarch__arm__core__aarch32.a(irq_manage.c.obj)
                              (--whole-archive)
zephyr/arch/arch/arm/core/aarch32/libarch__arm__core__aarch32.a(thread.c.obj)
                              (--whole-archive)
zephyr/arch/arch/arm/core/aarch32/libarch__arm__core__aarch32.a(cpu_idle.S.obj)
                              (--whole-archive)
zephyr/arch/arch/arm/core/aarch32/libarch__arm__core__aarch32.a(fatal.c.obj)
                              (--whole-archive)
zephyr/arch/arch/arm/core/aarch32/libarch__arm__core__aarch32.a(nmi.c.obj)
                              (--whole-archive)
zephyr/arch/arch/arm/core/aarch32/libarch__arm__core__aarch32.a(nmi_on_reset.S.obj)
                              (--whole-archive)
zephyr/arch/arch/arm/core/aarch32/libarch__arm__core__aarch32.a(prep_c.c.obj)
                              (--whole-archive)
zephyr/arch/arch/arm/core/aarch32/libarch__arm__core__aarch32.a(isr_wrapper.S.obj)
                              (--whole-archive)
zephyr/arch/arch/arm/core/aarch32/cortex_m/libarch__arm__core__aarch32__cortex_m.a(vector_table.S.obj)
                              (--whole-archive)
zephyr/arch/arch/arm/core/aarch32/cortex_m/libarch__arm__core__aarch32__cortex_m.a(reset.S.obj)
                              (--whole-archive)
zephyr/arch/arch/arm/core/aarch32/cortex_m/libarch__arm__core__aarch32__cortex_m.a(fault_s.S.obj)
                              (--whole-archive)
zephyr/arch/arch/arm/core/aarch32/cortex_m/libarch__arm__core__aarch32__cortex_m.a(fault.c.obj)
                              (--whole-archive)
zephyr/arch/arch/arm/core/aarch32/cortex_m/libarch__arm__core__aarch32__cortex_m.a(exc_exit.S.obj)
                              (--whole-archive)
zephyr/arch/arch/arm/core/aarch32/cortex_m/libarch__arm__core__aarch32__cortex_m.a(scb.c.obj)
                              (--whole-archive)
zephyr/arch/arch/arm/core/aarch32/cortex_m/libarch__arm__core__aarch32__cortex_m.a(irq_init.c.obj)
                              (--whole-archive)
[...]
Memory Configuration

Name             Origin             Length             Attributes
FLASH            0x0000000008000000 0x0000000000100000 xr
CCM              0x0000000010000000 0x0000000000010000 rw
SRAM             0x0000000020000000 0x0000000000020000 xw
IDT_LIST         0x0000000020020000 0x0000000000000800 xw
*default*        0x0000000000000000 0xffffffffffffffff

Linker script and memory map

LOAD zephyr/CMakeFiles/zephyr_final.dir/misc/empty_file.c.obj
LOAD zephyr/CMakeFiles/zephyr_final.dir/isr_tables.c.obj
                0x0000000000000020                _region_min_align = 0x20

.rel.plt        0x0000000008000000        0x0
 *(SORT_BY_ALIGNMENT(.rel.plt))
                [!provide]                        PROVIDE (__rel_iplt_start = .)
 *(SORT_BY_ALIGNMENT(.rel.iplt))
 .rel.iplt      0x0000000008000000        0x0 zephyr/CMakeFiles/zephyr_final.dir/isr_tables.c.obj
                [!provide]                        PROVIDE (__rel_iplt_end = .)

.rela.plt       0x0000000000000000        0x0
 *(SORT_BY_ALIGNMENT(.rela.plt))
                [!provide]                        PROVIDE (__rela_iplt_start = .)
 *(SORT_BY_ALIGNMENT(.rela.iplt))
                [!provide]                        PROVIDE (__rela_iplt_end = .)

.rel.dyn
 *(SORT_BY_ALIGNMENT(.rel.*))

.rela.dyn
 *(SORT_BY_ALIGNMENT(.rela.*))

/DISCARD/
 *(SORT_BY_ALIGNMENT(.plt))
 *(SORT_BY_ALIGNMENT(.iplt))
 *(SORT_BY_ALIGNMENT(.got.plt))
 *(SORT_BY_ALIGNMENT(.igot.plt))
 *(SORT_BY_ALIGNMENT(.got))
 *(SORT_BY_ALIGNMENT(.igot))
 *(SORT_BY_ALIGNMENT(.irq_info))
 *(SORT_BY_ALIGNMENT(.intList))
 *(SORT_BY_ALIGNMENT(.note.GNU-stack))
                0x0000000008000000                _image_rom_start = 0x8000000

rom_start       0x0000000008000000      0x188
                0x0000000000000000                . = 0x0
                0x0000000000000000                . = ALIGN (0x4)
                0x0000000008000000                _vector_start = .
 *(SORT_BY_ALIGNMENT(.exc_vector_table))
 *(SORT_BY_ALIGNMENT(.exc_vector_table.*))
 .exc_vector_table._vector_table_section
                0x0000000008000000       0x40 zephyr/arch/arch/arm/core/aarch32/cortex_m/libarch__arm__core__aarch32__cortex_m.a(vector_table.S.obj)
                0x0000000008000000                _vector_table
 *(SORT_BY_ALIGNMENT(.gnu.linkonce.irq_vector_table))
 .gnu.linkonce.irq_vector_table
                0x0000000008000040      0x148 zephyr/CMakeFiles/zephyr_final.dir/isr_tables.c.obj
                0x0000000008000040                _irq_vector_table
 *(SORT_BY_ALIGNMENT(.vectors))
                0x0000000008000188                _vector_end = .
 *(SORT_BY_ALIGNMENT(.openocd_dbg))
 *(SORT_BY_ALIGNMENT(.openocd_dbg.*))

text            0x0000000008000188     0x31c2
                0x0000000008000188                _image_text_start = .
 *(SORT_BY_ALIGNMENT(.text))
 .text          0x0000000008000188       0x30 /home/mateusz/zephyr-sdk-0.11.2/arm-zephyr-eabi/bin/../lib/gcc/arm-zephyr-eabi/9.2.0/thumb/v7e-m/nofp/libgcc.a(_aeabi_uldivmod.o)
                0x0000000008000188                __aeabi_uldivmod
 .text          0x00000000080001b8      0x2c4 /home/mateusz/zephyr-sdk-0.11.2/arm-zephyr-eabi/bin/../lib/gcc/arm-zephyr-eabi/9.2.0/thumb/v7e-m/nofp/libgcc.a(_udivmoddi4.o)
                0x00000000080001b8                __udivmoddi4
 .text          0x000000000800047c        0x4 /home/mateusz/zephyr-sdk-0.11.2/arm-zephyr-eabi/bin/../lib/gcc/arm-zephyr-eabi/9.2.0/thumb/v7e-m/nofp/libgcc.a(_dvmd_tls.o)
                0x000000000800047c                __aeabi_ldiv0
                0x000000000800047c                __aeabi_idiv0
 *(SORT_BY_ALIGNMENT(.text.*))
 .text.pwm_pin_set_usec.constprop.0
                0x0000000008000480       0x9c app/libapp.a(main.c.obj)
 .text.gpio_init
                0x000000000800051c       0x4c app/libapp.a(main.c.obj)
                0x000000000800051c                gpio_init
 .text.main     0x0000000008000568       0x5c app/libapp.a(main.c.obj)
                0x0000000008000568                main
 .text.char_out
                0x00000000080005c4       0x10 zephyr/libzephyr.a(printk.c.obj)
 .text._printk_dec_ulong
                0x00000000080005d4       0xa0 zephyr/libzephyr.a(printk.c.obj)
 .text.__printk_hook_install
                0x0000000008000674        0xc zephyr/libzephyr.a(printk.c.obj)
                0x0000000008000674                __printk_hook_install
 .text.z_vprintk
                0x0000000008000680      0x328 zephyr/libzephyr.a(printk.c.obj)
                0x0000000008000680                z_vprintk
 .text.vprintk  0x00000000080009a8       0x1c zephyr/libzephyr.a(printk.c.obj)
                0x00000000080009a8                vprintk
 .text.st_stm32f4_init
                0x00000000080009c4       0x2c zephyr/libzephyr.a(soc.c.obj)
 .text.uart_console_init
                0x00000000080009f0       0x2c zephyr/libzephyr.a(uart_console.c.obj)
 .text.console_out
                0x0000000008000a1c       0x28 zephyr/libzephyr.a(uart_console.c.obj)
 .text.__stm32_exti_isr
                0x0000000008000a44       0x40 zephyr/libzephyr.a(intc_exti_stm32.c.obj)
 .text.stm32_exti_enable
                0x0000000008000a84       0x1c zephyr/libzephyr.a(intc_exti_stm32.c.obj)
                0x0000000008000a84                stm32_exti_enable
 .text.stm32_exti_disable
                0x0000000008000aa0       0x1c zephyr/libzephyr.a(intc_exti_stm32.c.obj)
                0x0000000008000aa0                stm32_exti_disable
 .text.stm32_exti_trigger
                0x0000000008000abc       0x68 zephyr/libzephyr.a(intc_exti_stm32.c.obj)
                0x0000000008000abc                stm32_exti_trigger
 .text.stm32_exti_set_callback
                0x0000000008000b24       0x24 zephyr/libzephyr.a(intc_exti_stm32.c.obj)
                0x0000000008000b24                stm32_exti_set_callback
 .text.stm32_exti_unset_callback
                0x0000000008000b48       0x18 zephyr/libzephyr.a(intc_exti_stm32.c.obj)
                0x0000000008000b48                stm32_exti_unset_callback
 .text.stm32_clock_control_on
                0x0000000008000b60       0x70 zephyr/libzephyr.a(clock_stm32_ll_common.c.obj)
 .text.stm32_clock_control_off
                0x0000000008000bd0       0x54 zephyr/libzephyr.a(clock_stm32_ll_common.c.obj)
 .text.stm32_clock_control_get_subsys_rate
                0x0000000008000c24       0x28 zephyr/libzephyr.a(clock_stm32_ll_common.c.obj)
 .text.stm32_clock_control_init
                0x0000000008000c4c       0x88 zephyr/libzephyr.a(clock_stm32_ll_common.c.obj)
 .text.config_enable_default_clocks
                0x0000000008000cd4       0x20 zephyr/libzephyr.a(clock_stm32f2_f4_f7.c.obj)
                0x0000000008000cd4                config_enable_default_clocks
 .text.z_pinmux_stm32_set
                0x0000000008000cf4       0x5c zephyr/libzephyr.a(pinmux_stm32.c.obj)
                0x0000000008000cf4                z_pinmux_stm32_set
 .text.stm32_setup_pins
                0x0000000008000d50       0x30 zephyr/libzephyr.a(pinmux_stm32.c.obj)
                0x0000000008000d50                stm32_setup_pins
 .text.elapsed  0x0000000008000d80       0x3c zephyr/libzephyr.a(cortex_m_systick.c.obj)
 .text.z_clock_isr
                0x0000000008000dbc       0x44 zephyr/libzephyr.a(cortex_m_systick.c.obj)
                0x0000000008000dbc                z_clock_isr
 .text.z_clock_driver_init
                0x0000000008000e00       0x38 zephyr/libzephyr.a(cortex_m_systick.c.obj)
                0x0000000008000e00                z_clock_driver_init
 .text.z_clock_set_timeout
                0x0000000008000e38       0xc8 zephyr/libzephyr.a(cortex_m_systick.c.obj)
                0x0000000008000e38                z_clock_set_timeout
 .text.z_clock_elapsed
                0x0000000008000f00       0x3c zephyr/libzephyr.a(cortex_m_systick.c.obj)
                0x0000000008000f00                z_clock_elapsed
 .text.arch_swap
                0x0000000008000f3c       0x34 zephyr/arch/arch/arm/core/aarch32/libarch__arm__core__aarch32.a(swap.c.obj)
                0x0000000008000f3c                arch_swap
 .text.z_arm_pendsv
                0x0000000008000f70       0x48 zephyr/arch/arch/arm/core/aarch32/libarch__arm__core__aarch32.a(swap_helper.S.obj)
                0x0000000008000f70                z_arm_pendsv
 .text.z_arm_svc
                0x0000000008000fb8       0x20 zephyr/arch/arch/arm/core/aarch32/libarch__arm__core__aarch32.a(swap_helper.S.obj)
                0x0000000008000fb8                z_arm_svc
 .text.arch_irq_enable
                0x0000000008000fd8       0x20 zephyr/arch/arch/arm/core/aarch32/libarch__arm__core__aarch32.a(irq_manage.c.obj)
                0x0000000008000fd8                arch_irq_enable
 .text.z_arm_irq_priority_set
                0x0000000008000ff8       0x30 zephyr/arch/arch/arm/core/aarch32/libarch__arm__core__aarch32.a(irq_manage.c.obj)
                0x0000000008000ff8                z_arm_irq_priority_set
 .text.arch_new_thread
                0x0000000008001028       0x34 zephyr/arch/arch/arm/core/aarch32/libarch__arm__core__aarch32.a(thread.c.obj)
                0x0000000008001028                arch_new_thread
 .text.arch_switch_to_main_thread
                0x000000000800105c       0x38 zephyr/arch/arch/arm/core/aarch32/libarch__arm__core__aarch32.a(thread.c.obj)
                0x000000000800105c                arch_switch_to_main_thread
 .text.z_arm_cpu_idle_init
                0x0000000008001094        0xc zephyr/arch/arch/arm/core/aarch32/libarch__arm__core__aarch32.a(cpu_idle.S.obj)
                0x0000000008001094                z_arm_cpu_idle_init
 .text.arch_cpu_idle
                0x00000000080010a0       0x1c zephyr/arch/arch/arm/core/aarch32/libarch__arm__core__aarch32.a(cpu_idle.S.obj)
                0x00000000080010a0                arch_cpu_idle
 .text.z_SysNmiOnReset
                0x00000000080010bc        0x8 zephyr/arch/arch/arm/core/aarch32/libarch__arm__core__aarch32.a(nmi_on_reset.S.obj)
                0x00000000080010bc                z_SysNmiOnReset
 .text.z_arm_prep_c
                0x00000000080010c4       0x44 zephyr/arch/arch/arm/core/aarch32/libarch__arm__core__aarch32.a(prep_c.c.obj)
                0x00000000080010c4                z_arm_prep_c
 .text._isr_wrapper
                0x0000000008001108       0x28 zephyr/arch/arch/arm/core/aarch32/libarch__arm__core__aarch32.a(isr_wrapper.S.obj)
                0x0000000008001108                _isr_wrapper
 .text._reset_section
                0x0000000008001130       0x2c zephyr/arch/arch/arm/core/aarch32/cortex_m/libarch__arm__core__aarch32__cortex_m.a(reset.S.obj)
                0x0000000008001130                z_arm_reset
                0x0000000008001130                __start
 .text.__fault  0x000000000800115c       0x14 zephyr/arch/arch/arm/core/aarch32/cortex_m/libarch__arm__core__aarch32__cortex_m.a(fault_s.S.obj)
                0x000000000800115c                z_arm_bus_fault
                0x000000000800115c                z_arm_usage_fault
                0x000000000800115c                z_arm_mpu_fault
                0x000000000800115c                z_arm_exc_spurious
                0x000000000800115c                z_arm_debug_monitor
                0x000000000800115c                z_arm_hard_fault
 .text.mem_manage_fault.isra.0
                0x0000000008001170       0x38 zephyr/arch/arch/arm/core/aarch32/cortex_m/libarch__arm__core__aarch32__cortex_m.a(fault.c.obj)
 .text.bus_fault.isra.0
                0x00000000080011a8       0x3c zephyr/arch/arch/arm/core/aarch32/cortex_m/libarch__arm__core__aarch32__cortex_m.a(fault.c.obj)
 .text.usage_fault.isra.0
                0x00000000080011e4       0x24 zephyr/arch/arch/arm/core/aarch32/cortex_m/libarch__arm__core__aarch32__cortex_m.a(fault.c.obj)
 .text.z_arm_fault
                0x0000000008001208       0xe8 zephyr/arch/arch/arm/core/aarch32/cortex_m/libarch__arm__core__aarch32__cortex_m.a(fault.c.obj)
                0x0000000008001208                z_arm_fault
 .text.z_arm_fault_init
                0x00000000080012f0       0x10 zephyr/arch/arch/arm/core/aarch32/cortex_m/libarch__arm__core__aarch32__cortex_m.a(fault.c.obj)
                0x00000000080012f0                z_arm_fault_init
 .text._HandlerModeExit
                0x0000000008001300       0x1c zephyr/arch/arch/arm/core/aarch32/cortex_m/libarch__arm__core__aarch32__cortex_m.a(exc_exit.S.obj)
                0x0000000008001300                z_arm_exc_exit
                0x0000000008001300                z_arm_int_exit
 .text.z_arm_interrupt_init
                0x000000000800131c       0x18 zephyr/arch/arch/arm/core/aarch32/cortex_m/libarch__arm__core__aarch32__cortex_m.a(irq_init.c.obj)
                0x000000000800131c                z_arm_interrupt_init
 .text.z_impl_k_thread_abort
                0x0000000008001334       0x4c zephyr/arch/arch/arm/core/aarch32/cortex_m/libarch__arm__core__aarch32__cortex_m.a(thread_abort.c.obj)
                0x0000000008001334                z_impl_k_thread_abort
 .text.z_arm_configure_static_mpu_regions
                0x0000000008001380       0x38 zephyr/arch/arch/arm/core/aarch32/cortex_m/mpu/libarch__arm__core__aarch32__cortex_m__mpu.a(arm_core_mpu.c.obj)
                0x0000000008001380                z_arm_configure_static_mpu_regions
 .text.mpu_configure_regions
                0x00000000080013b8       0x8c zephyr/arch/arch/arm/core/aarch32/cortex_m/mpu/libarch__arm__core__aarch32__cortex_m__mpu.a(arm_mpu.c.obj)
 .text.arm_core_mpu_enable
                0x0000000008001444       0x14 zephyr/arch/arch/arm/core/aarch32/cortex_m/mpu/libarch__arm__core__aarch32__cortex_m__mpu.a(arm_mpu.c.obj)
                0x0000000008001444                arm_core_mpu_enable
 .text.arm_core_mpu_disable
                0x0000000008001458       0x10 zephyr/arch/arch/arm/core/aarch32/cortex_m/mpu/libarch__arm__core__aarch32__cortex_m__mpu.a(arm_mpu.c.obj)
                0x0000000008001458                arm_core_mpu_disable
 .text.arm_mpu_init
                0x0000000008001468       0x5c zephyr/arch/arch/arm/core/aarch32/cortex_m/mpu/libarch__arm__core__aarch32__cortex_m__mpu.a(arm_mpu.c.obj)
 .text.arm_core_mpu_configure_static_mpu_regions
                0x00000000080014c4       0x14 zephyr/arch/arch/arm/core/aarch32/cortex_m/mpu/libarch__arm__core__aarch32__cortex_m__mpu.a(arm_mpu.c.obj)
                0x00000000080014c4                arm_core_mpu_configure_static_mpu_regions
 .text.__stdout_hook_install
                0x00000000080014d8        0xc zephyr/lib/libc/minimal/liblib__libc__minimal.a(stdout_console.c.obj)
                0x00000000080014d8                __stdout_hook_install
 .text.pinmux_stm32_init
                0x00000000080014e4       0x14 zephyr/boards/arm/stm32f4_disco/libboards__arm__stm32f4_disco.a(pinmux.c.obj)
 .text.gpio_stm32_pin_interrupt_configure
                0x00000000080014f8      0x134 zephyr/drivers/gpio/libdrivers__gpio.a(gpio_stm32.c.obj)
 .text.gpio_stm32_init
                0x000000000800162c       0x24 zephyr/drivers/gpio/libdrivers__gpio.a(gpio_stm32.c.obj)
 .text.pwm_stm32_pin_set
                0x0000000008001650       0xf8 zephyr/drivers/pwm/libdrivers__pwm.a(pwm_stm32.c.obj)
 .text.pwm_stm32_init
                0x0000000008001748       0x28 zephyr/drivers/pwm/libdrivers__pwm.a(pwm_stm32.c.obj)
 .text.uart_stm32_configure
                0x0000000008001770      0x114 zephyr/drivers/serial/libdrivers__serial.a(uart_stm32.c.obj)
 .text.uart_stm32_init
                0x0000000008001884       0x7c zephyr/drivers/serial/libdrivers__serial.a(uart_stm32.c.obj)
 .text.TIM_OC1_SetConfig
                0x0000000008001900       0x64 modules/stm32/stm32cube/lib..__modules__hal__stm32__stm32cube.a(stm32f4xx_hal_tim.c.obj)
 .text.TIM_OC3_SetConfig
                0x0000000008001964       0x6c modules/stm32/stm32cube/lib..__modules__hal__stm32__stm32cube.a(stm32f4xx_hal_tim.c.obj)
 .text.TIM_OC4_SetConfig
                0x00000000080019d0       0x4c modules/stm32/stm32cube/lib..__modules__hal__stm32__stm32cube.a(stm32f4xx_hal_tim.c.obj)
 .text.TIM_Base_SetConfig
                0x0000000008001a1c       0xcc modules/stm32/stm32cube/lib..__modules__hal__stm32__stm32cube.a(stm32f4xx_hal_tim.c.obj)
                0x0000000008001a1c                TIM_Base_SetConfig
 .text.TIM_OC2_SetConfig
                0x0000000008001ae8       0x6c modules/stm32/stm32cube/lib..__modules__hal__stm32__stm32cube.a(stm32f4xx_hal_tim.c.obj)
                0x0000000008001ae8                TIM_OC2_SetConfig
 .text.HAL_TIM_OC_Start
                0x0000000008001b54       0x40 modules/stm32/stm32cube/lib..__modules__hal__stm32__stm32cube.a(stm32f4xx_hal_tim.c.obj)
                0x0000000008001b54                HAL_TIM_OC_Start
 .text.UTILS_PLL_IsBusy
                0x0000000008001b94       0x1c modules/stm32/stm32cube/lib..__modules__hal__stm32__stm32cube.a(stm32f4xx_ll_utils.c.obj)
 .text.UTILS_SetFlashLatency.part.0
                0x0000000008001bb0       0xa8 modules/stm32/stm32cube/lib..__modules__hal__stm32__stm32cube.a(stm32f4xx_ll_utils.c.obj)
 .text.UTILS_EnablePLLAndSwitchSystem
                0x0000000008001c58       0xa0 modules/stm32/stm32cube/lib..__modules__hal__stm32__stm32cube.a(stm32f4xx_ll_utils.c.obj)
 .text.LL_PLL_ConfigSystemClock_HSE
                0x0000000008001cf8       0x94 modules/stm32/stm32cube/lib..__modules__hal__stm32__stm32cube.a(stm32f4xx_ll_utils.c.obj)
                0x0000000008001cf8                LL_PLL_ConfigSystemClock_HSE
 .text.z_sys_device_do_config_level
                0x0000000008001d8c       0x2c zephyr/kernel/libkernel.a(device.c.obj)
                0x0000000008001d8c                z_sys_device_do_config_level
 .text.z_impl_device_get_binding
                0x0000000008001db8       0x4c zephyr/kernel/libkernel.a(device.c.obj)
                0x0000000008001db8                z_impl_device_get_binding
 .text.z_bss_zero
                0x0000000008001e04       0x30 zephyr/kernel/libkernel.a(init.c.obj)
                0x0000000008001e04                z_bss_zero
 .text.z_data_copy
                0x0000000008001e34       0x4c zephyr/kernel/libkernel.a(init.c.obj)
                0x0000000008001e34                z_data_copy
 .text.bg_thread_main
                0x0000000008001e80       0x48 zephyr/kernel/libkernel.a(init.c.obj)
 .text.z_cstart
                0x0000000008001ec8      0x110 zephyr/kernel/libkernel.a(init.c.obj)
                0x0000000008001ec8                z_cstart
 .text.z_reset_time_slice
                0x0000000008001fd8       0x2c zephyr/kernel/libkernel.a(sched.c.obj)
                0x0000000008001fd8                z_reset_time_slice
 .text.k_sched_time_slice_set
                0x0000000008002004       0x40 zephyr/kernel/libkernel.a(sched.c.obj)
                0x0000000008002004                k_sched_time_slice_set
 .text.k_sched_lock
                0x0000000008002044       0x28 zephyr/kernel/libkernel.a(sched.c.obj)
                0x0000000008002044                k_sched_lock
 .text.z_priq_dumb_remove
                0x000000000800206c       0x2c zephyr/kernel/libkernel.a(sched.c.obj)
                0x000000000800206c                z_priq_dumb_remove
 .text.update_cache
                0x0000000008002098       0x48 zephyr/kernel/libkernel.a(sched.c.obj)
 .text.k_sched_unlock
                0x00000000080020e0       0x38 zephyr/kernel/libkernel.a(sched.c.obj)
                0x00000000080020e0                k_sched_unlock
 .text.ready_thread
                0x0000000008002118       0x68 zephyr/kernel/libkernel.a(sched.c.obj)
 .text.z_sched_start
                0x0000000008002180       0x3c zephyr/kernel/libkernel.a(sched.c.obj)
                0x0000000008002180                z_sched_start
 .text.z_move_thread_to_end_of_prio_q
                0x00000000080021bc       0x8c zephyr/kernel/libkernel.a(sched.c.obj)
                0x00000000080021bc                z_move_thread_to_end_of_prio_q
 .text.z_time_slice
                0x0000000008002248       0x6c zephyr/kernel/libkernel.a(sched.c.obj)
                0x0000000008002248                z_time_slice
 .text.z_impl_k_thread_suspend
                0x00000000080022b4       0x68 zephyr/kernel/libkernel.a(sched.c.obj)
                0x00000000080022b4                z_impl_k_thread_suspend
 .text.z_thread_single_abort
                0x000000000800231c       0xac zephyr/kernel/libkernel.a(sched.c.obj)
                0x000000000800231c                z_thread_single_abort
 .text.unready_thread
                0x00000000080023c8       0x34 zephyr/kernel/libkernel.a(sched.c.obj)
 .text.z_tick_sleep.part.0
                0x00000000080023fc       0x5c zephyr/kernel/libkernel.a(sched.c.obj)
 .text.z_sched_init
                0x0000000008002458       0x18 zephyr/kernel/libkernel.a(sched.c.obj)
                0x0000000008002458                z_sched_init
 .text.z_impl_k_yield
                0x0000000008002470       0x9c zephyr/kernel/libkernel.a(sched.c.obj)
                0x0000000008002470                z_impl_k_yield
 .text.z_impl_k_sleep
                0x000000000800250c       0x40 zephyr/kernel/libkernel.a(sched.c.obj)
                0x000000000800250c                z_impl_k_sleep
 .text.z_impl_k_current_get
                0x000000000800254c        0xc zephyr/kernel/libkernel.a(sched.c.obj)
                0x000000000800254c                z_impl_k_current_get
 .text.z_setup_new_thread
                0x0000000008002558       0x4c zephyr/kernel/libkernel.a(thread.c.obj)
                0x0000000008002558                z_setup_new_thread
 .text.z_init_static_threads
                0x00000000080025a4       0x94 zephyr/kernel/libkernel.a(thread.c.obj)
                0x00000000080025a4                z_init_static_threads
 .text.elapsed  0x0000000008002638       0x14 zephyr/kernel/libkernel.a(timeout.c.obj)
 .text.remove_timeout
                0x000000000800264c       0x28 zephyr/kernel/libkernel.a(timeout.c.obj)
 .text.next_timeout
                0x0000000008002674       0x38 zephyr/kernel/libkernel.a(timeout.c.obj)
 .text.z_add_timeout
                0x00000000080026ac       0xf4 zephyr/kernel/libkernel.a(timeout.c.obj)
                0x00000000080026ac                z_add_timeout
 .text.z_clock_announce
                0x00000000080027a0       0xa8 zephyr/kernel/libkernel.a(timeout.c.obj)
                0x00000000080027a0                z_clock_announce
 .text.z_tick_get
                0x0000000008002848       0x34 zephyr/kernel/libkernel.a(timeout.c.obj)
                0x0000000008002848                z_tick_get
 .text.statics_init
                0x000000000800287c       0x24 zephyr/kernel/libkernel.a(kheap.c.obj)
 .text.gpio_pin_configure
                0x00000000080028a0       0x1e app/libapp.a(main.c.obj)
 .text.arch_printk_char_out
                0x00000000080028be        0x4 zephyr/libzephyr.a(printk.c.obj)
                0x00000000080028be                arch_printk_char_out
 .text.print_err
                0x00000000080028c2       0x1c zephyr/libzephyr.a(printk.c.obj)
 .text.printk   0x00000000080028de       0x1a zephyr/libzephyr.a(printk.c.obj)
                0x00000000080028de                printk
 .text.z_thread_entry
                0x00000000080028f8       0x14 zephyr/libzephyr.a(thread_entry.c.obj)
                0x00000000080028f8                z_thread_entry
 .text.chunk_field
                0x000000000800290c       0x18 zephyr/libzephyr.a(heap.c.obj)
 .text.chunk_set
                0x0000000008002924       0x1a zephyr/libzephyr.a(heap.c.obj)
 .text.free_list_add
                0x000000000800293e       0x9a zephyr/libzephyr.a(heap.c.obj)
 .text.sys_heap_init
                0x00000000080029d8       0x88 zephyr/libzephyr.a(heap.c.obj)
                0x00000000080029d8                sys_heap_init
 .text._ConfigAbsSyms
                0x0000000008002a60        0x2 zephyr/libzephyr.a(configs.c.obj)
                0x0000000008002a60                _ConfigAbsSyms
 .text.__stm32_exti_isr_0
                0x0000000008002a62        0xa zephyr/libzephyr.a(intc_exti_stm32.c.obj)
 .text.__stm32_exti_isr_1
                0x0000000008002a6c        0xa zephyr/libzephyr.a(intc_exti_stm32.c.obj)
 .text.__stm32_exti_isr_2
                0x0000000008002a76        0xa zephyr/libzephyr.a(intc_exti_stm32.c.obj)
 .text.__stm32_exti_isr_3
                0x0000000008002a80        0xa zephyr/libzephyr.a(intc_exti_stm32.c.obj)
 .text.__stm32_exti_isr_4
                0x0000000008002a8a        0xa zephyr/libzephyr.a(intc_exti_stm32.c.obj)
 .text.__stm32_exti_isr_9_5
                0x0000000008002a94        0xa zephyr/libzephyr.a(intc_exti_stm32.c.obj)
 .text.__stm32_exti_isr_15_10
                0x0000000008002a9e        0xa zephyr/libzephyr.a(intc_exti_stm32.c.obj)
 .text.__stm32_exti_isr_16
                0x0000000008002aa8        0xa zephyr/libzephyr.a(intc_exti_stm32.c.obj)
 .text.__stm32_exti_isr_18
                0x0000000008002ab2        0xa zephyr/libzephyr.a(intc_exti_stm32.c.obj)
 .text.__stm32_exti_isr_21
                0x0000000008002abc        0xa zephyr/libzephyr.a(intc_exti_stm32.c.obj)
 .text.__stm32_exti_isr_22
                0x0000000008002ac6        0xa zephyr/libzephyr.a(intc_exti_stm32.c.obj)
 .text.stm32_exti_init
                0x0000000008002ad0       0x74 zephyr/libzephyr.a(intc_exti_stm32.c.obj)
 .text.config_pll_init
                0x0000000008002b44       0x10 zephyr/libzephyr.a(clock_stm32f2_f4_f7.c.obj)
                0x0000000008002b44                config_pll_init
 .text.LL_RCC_MSI_Disable
                0x0000000008002b54        0x2 zephyr/libzephyr.a(clock_stm32f2_f4_f7.c.obj)
                0x0000000008002b54                LL_RCC_MSI_Disable
 .text.z_irq_spurious
                0x0000000008002b56        0x8 zephyr/arch/arch/arm/core/aarch32/libarch__arm__core__aarch32.a(irq_manage.c.obj)
                0x0000000008002b56                z_irq_spurious
 .text.z_arm_fatal_error
                0x0000000008002b5e        0x4 zephyr/arch/arch/arm/core/aarch32/libarch__arm__core__aarch32.a(fatal.c.obj)
                0x0000000008002b5e                z_arm_fatal_error
 .text.z_do_kernel_oops
                0x0000000008002b62        0x8 zephyr/arch/arch/arm/core/aarch32/libarch__arm__core__aarch32.a(fatal.c.obj)
                0x0000000008002b62                z_do_kernel_oops
 .text.z_arm_nmi
                0x0000000008002b6a        0xe zephyr/arch/arch/arm/core/aarch32/libarch__arm__core__aarch32.a(nmi.c.obj)
                0x0000000008002b6a                z_arm_nmi
 .text.strcmp   0x0000000008002b78       0x18 zephyr/lib/libc/minimal/liblib__libc__minimal.a(string.c.obj)
                0x0000000008002b78                strcmp
 .text.memcpy   0x0000000008002b90       0x56 zephyr/lib/libc/minimal/liblib__libc__minimal.a(string.c.obj)
                0x0000000008002b90                memcpy
 .text.memset   0x0000000008002be6       0x46 zephyr/lib/libc/minimal/liblib__libc__minimal.a(string.c.obj)
                0x0000000008002be6                memset
 .text._stdout_hook_default
                0x0000000008002c2c        0x6 zephyr/lib/libc/minimal/liblib__libc__minimal.a(stdout_console.c.obj)
 .text.gpio_stm32_isr
                0x0000000008002c32       0x3c zephyr/drivers/gpio/libdrivers__gpio.a(gpio_stm32.c.obj)
 .text.gpio_stm32_port_get_raw
                0x0000000008002c6e        0xe zephyr/drivers/gpio/libdrivers__gpio.a(gpio_stm32.c.obj)
 .text.gpio_stm32_port_set_masked_raw
                0x0000000008002c7c       0x14 zephyr/drivers/gpio/libdrivers__gpio.a(gpio_stm32.c.obj)
 .text.gpio_stm32_port_set_bits_raw
                0x0000000008002c90        0xc zephyr/drivers/gpio/libdrivers__gpio.a(gpio_stm32.c.obj)
 .text.gpio_stm32_port_clear_bits_raw
                0x0000000008002c9c        0xe zephyr/drivers/gpio/libdrivers__gpio.a(gpio_stm32.c.obj)
 .text.gpio_stm32_port_toggle_bits
                0x0000000008002caa       0x10 zephyr/drivers/gpio/libdrivers__gpio.a(gpio_stm32.c.obj)
 .text.gpio_stm32_manage_callback
                0x0000000008002cba       0x56 zephyr/drivers/gpio/libdrivers__gpio.a(gpio_stm32.c.obj)
 .text.gpio_stm32_enable_callback
                0x0000000008002d10       0x12 zephyr/drivers/gpio/libdrivers__gpio.a(gpio_stm32.c.obj)
 .text.gpio_stm32_disable_callback
                0x0000000008002d22       0x14 zephyr/drivers/gpio/libdrivers__gpio.a(gpio_stm32.c.obj)
 .text.gpio_stm32_configure
                0x0000000008002d36      0x106 zephyr/drivers/gpio/libdrivers__gpio.a(gpio_stm32.c.obj)
                0x0000000008002d36                gpio_stm32_configure
 .text.gpio_stm32_config
                0x0000000008002e3c       0x7a zephyr/drivers/gpio/libdrivers__gpio.a(gpio_stm32.c.obj)
 .text.pwm_stm32_get_cycles_per_sec
                0x0000000008002eb6       0x3e zephyr/drivers/pwm/libdrivers__pwm.a(pwm_stm32.c.obj)
 .text.LL_USART_ClearFlag_PE
                0x0000000008002ef4       0x12 zephyr/drivers/serial/libdrivers__serial.a(uart_stm32.c.obj)
 .text.uart_stm32_poll_in
                0x0000000008002f06       0x24 zephyr/drivers/serial/libdrivers__serial.a(uart_stm32.c.obj)
 .text.uart_stm32_poll_out
                0x0000000008002f2a       0x16 zephyr/drivers/serial/libdrivers__serial.a(uart_stm32.c.obj)
 .text.uart_stm32_err_check
                0x0000000008002f40       0x42 zephyr/drivers/serial/libdrivers__serial.a(uart_stm32.c.obj)
 .text.uart_stm32_set_baudrate
                0x0000000008002f82       0x4a zephyr/drivers/serial/libdrivers__serial.a(uart_stm32.c.obj)
 .text.uart_stm32_config_get
                0x0000000008002fcc       0x6c zephyr/drivers/serial/libdrivers__serial.a(uart_stm32.c.obj)
 .text.HAL_TIM_PWM_MspInit
                0x0000000008003038        0x2 modules/stm32/stm32cube/lib..__modules__hal__stm32__stm32cube.a(stm32f4xx_hal_tim.c.obj)
                0x0000000008003038                HAL_TIM_PWM_MspInit
 .text.HAL_TIM_PWM_Init
                0x000000000800303a       0x34 modules/stm32/stm32cube/lib..__modules__hal__stm32__stm32cube.a(stm32f4xx_hal_tim.c.obj)
                0x000000000800303a                HAL_TIM_PWM_Init
 .text.HAL_TIM_PWM_ConfigChannel
                0x000000000800306e       0xc0 modules/stm32/stm32cube/lib..__modules__hal__stm32__stm32cube.a(stm32f4xx_hal_tim.c.obj)
                0x000000000800306e                HAL_TIM_PWM_ConfigChannel
 .text.TIM_CCxChannelCmd
                0x000000000800312e       0x1c modules/stm32/stm32cube/lib..__modules__hal__stm32__stm32cube.a(stm32f4xx_hal_tim.c.obj)
                0x000000000800312e                TIM_CCxChannelCmd
 .text.HAL_TIM_PWM_Start
                0x000000000800314a        0x4 modules/stm32/stm32cube/lib..__modules__hal__stm32__stm32cube.a(stm32f4xx_hal_tim.c.obj)
                0x000000000800314a                HAL_TIM_PWM_Start
 .text.arch_system_halt
                0x000000000800314e       0x12 zephyr/kernel/libkernel.a(fatal.c.obj)
                0x000000000800314e                arch_system_halt
 .text.k_sys_fatal_error_handler
                0x0000000008003160        0x6 zephyr/kernel/libkernel.a(fatal.c.obj)
                0x0000000008003160                k_sys_fatal_error_handler
 .text.z_fatal_error
                0x0000000008003166       0x36 zephyr/kernel/libkernel.a(fatal.c.obj)
                0x0000000008003166                z_fatal_error
 .text.z_reschedule
                0x000000000800319c       0x16 zephyr/kernel/libkernel.a(sched.c.obj)
                0x000000000800319c                z_reschedule
 .text.z_reschedule_irqlock
                0x00000000080031b2       0x18 zephyr/kernel/libkernel.a(sched.c.obj)
                0x00000000080031b2                z_reschedule_irqlock
 .text.z_reschedule_unlocked
                0x00000000080031ca       0x14 zephyr/kernel/libkernel.a(sched.c.obj)
 .text.z_priq_dumb_best
                0x00000000080031de       0x14 zephyr/kernel/libkernel.a(sched.c.obj)
                0x00000000080031de                z_priq_dumb_best
 .text.z_ready_thread
                0x00000000080031f2       0x20 zephyr/kernel/libkernel.a(sched.c.obj)
                0x00000000080031f2                z_ready_thread
 .text.z_thread_timeout
                0x0000000008003212       0x56 zephyr/kernel/libkernel.a(sched.c.obj)
                0x0000000008003212                z_thread_timeout
 .text.z_remove_thread_from_ready_q
                0x0000000008003268       0x20 zephyr/kernel/libkernel.a(sched.c.obj)
                0x0000000008003268                z_remove_thread_from_ready_q
 .text.z_abort_timeout
                0x0000000008003288       0x2c zephyr/kernel/libkernel.a(timeout.c.obj)
                0x0000000008003288                z_abort_timeout
 .text.z_get_next_timeout_expiry
                0x00000000080032b4       0x20 zephyr/kernel/libkernel.a(timeout.c.obj)
                0x00000000080032b4                z_get_next_timeout_expiry
 .text.z_set_timeout_expiry
                0x00000000080032d4       0x34 zephyr/kernel/libkernel.a(timeout.c.obj)
                0x00000000080032d4                z_set_timeout_expiry
 .text.z_tick_get_32
                0x0000000008003308        0x8 zephyr/kernel/libkernel.a(timeout.c.obj)
                0x0000000008003308                z_tick_get_32
 .text.idle     0x0000000008003310       0x28 zephyr/kernel/libkernel.a(idle.c.obj)
                0x0000000008003310                idle
 .text.k_heap_init
                0x0000000008003338       0x10 zephyr/kernel/libkernel.a(kheap.c.obj)
                0x0000000008003338                k_heap_init
 .text._OffsetAbsSyms
                0x0000000008003348        0x2 zephyr/CMakeFiles/offsets.dir/./arch/arm/core/offsets/offsets.c.obj
                0x0000000008003348                _OffsetAbsSyms
 *(SORT_BY_ALIGNMENT(.gnu.linkonce.t.*))
 *(SORT_BY_ALIGNMENT(.glue_7t))
 .glue_7t       0x000000000800334a        0x0 linker stubs
 *(SORT_BY_ALIGNMENT(.glue_7))
 .glue_7        0x000000000800334a        0x0 linker stubs
 *(SORT_BY_ALIGNMENT(.vfp11_veneer))
 .vfp11_veneer  0x000000000800334a        0x0 linker stubs
 *(SORT_BY_ALIGNMENT(.v4_bx))
 .v4_bx         0x000000000800334a        0x0 linker stubs
                0x000000000800334a                _image_text_end = .

.ARM.exidx      0x000000000800334c        0x8
                0x000000000800334c                __exidx_start = .
 *(SORT_BY_ALIGNMENT(.ARM.exidx*) SORT_BY_ALIGNMENT(gnu.linkonce.armexidx.*))
 .ARM.exidx     0x000000000800334c        0x8 /home/mateusz/zephyr-sdk-0.11.2/arm-zephyr-eabi/bin/../lib/gcc/arm-zephyr-eabi/9.2.0/thumb/v7e-m/nofp/libgcc.a(_udivmoddi4.o)
                0x0000000008003354                __exidx_end = .
                0x0000000008003354                _image_rodata_start = .

sw_isr_table    0x0000000008003354      0x290
                0x0000000008003354                . = ALIGN (0x0)
 *(SORT_BY_ALIGNMENT(.gnu.linkonce.sw_isr_table))
 .gnu.linkonce.sw_isr_table
                0x0000000008003354      0x290 zephyr/CMakeFiles/zephyr_final.dir/isr_tables.c.obj
                0x0000000008003354                _sw_isr_table

app_shmem_regions
                0x00000000080035e4        0x0
                0x00000000080035e4                __app_shmem_regions_start = .
 *(SORT_BY_NAME(SORT_BY_ALIGNMENT(.app_regions.*)))
                0x00000000080035e4                __app_shmem_regions_end = .

devconfig       0x00000000080035e4       0xfc
                0x00000000080035e4                __devconfig_start = .
 *(SORT_BY_ALIGNMENT(.devconfig.*))
 .devconfig.init
                0x00000000080035e4        0xc zephyr/libzephyr.a(soc.c.obj)
 .devconfig.init
                0x00000000080035f0        0xc zephyr/libzephyr.a(uart_console.c.obj)
 .devconfig.init
                0x00000000080035fc        0xc zephyr/libzephyr.a(intc_exti_stm32.c.obj)
 .devconfig.init
                0x0000000008003608        0xc zephyr/libzephyr.a(clock_stm32_ll_common.c.obj)
 .devconfig.init
                0x0000000008003614        0xc zephyr/libzephyr.a(sys_clock_init.c.obj)
 .devconfig.init
                0x0000000008003620        0xc zephyr/arch/arch/arm/core/aarch32/cortex_m/mpu/libarch__arm__core__aarch32__cortex_m__mpu.a(arm_mpu.c.obj)
 .devconfig.init
                0x000000000800362c        0xc zephyr/boards/arm/stm32f4_disco/libboards__arm__stm32f4_disco.a(pinmux.c.obj)
 .devconfig.init
                0x0000000008003638       0x6c zephyr/drivers/gpio/libdrivers__gpio.a(gpio_stm32.c.obj)
 .devconfig.init
                0x00000000080036a4       0x18 zephyr/drivers/pwm/libdrivers__pwm.a(pwm_stm32.c.obj)
 .devconfig.init
                0x00000000080036bc       0x18 zephyr/drivers/serial/libdrivers__serial.a(uart_stm32.c.obj)
 .devconfig.init
                0x00000000080036d4        0xc zephyr/kernel/libkernel.a(kheap.c.obj)
 *(SORT_BY_NAME(SORT_BY_ALIGNMENT(.devconfig*)))
                0x00000000080036e0                __devconfig_end = .

net_l2          0x00000000080036e0        0x0
                0x00000000080036e0                __net_l2_start = .
 *(SORT_BY_ALIGNMENT(.net_l2.init))
 *(SORT_BY_NAME(SORT_BY_ALIGNMENT(.net_l2.init*)))
                0x00000000080036e0                __net_l2_end = .

_bt_channels_area
                0x00000000080036e0        0x0
                0x00000000080036e0                _bt_l2cap_fixed_chan_list_start = .
 *(SORT_BY_NAME(SORT_BY_ALIGNMENT(._bt_l2cap_fixed_chan.static.*)))
                0x00000000080036e0                _bt_l2cap_fixed_chan_list_end = .

_bt_services_area
                0x00000000080036e0        0x0
                0x00000000080036e0                _bt_gatt_service_static_list_start = .
 *(SORT_BY_NAME(SORT_BY_ALIGNMENT(._bt_gatt_service_static.static.*)))
                0x00000000080036e0                _bt_gatt_service_static_list_end = .

log_const_sections
                0x00000000080036e0        0x0
                0x00000000080036e0                __log_const_start = .
 *(SORT_BY_NAME(SORT_BY_ALIGNMENT(.log_const_*)))
                0x00000000080036e0                __log_const_end = .

log_backends_sections
                0x00000000080036e0        0x0
                0x00000000080036e0                __log_backends_start = .
 *(SORT_BY_ALIGNMENT(._log_backend.*))
                0x00000000080036e0                __log_backends_end = .

shell_sections  0x00000000080036e0        0x0
                0x00000000080036e0                _shell_list_start = .
 *(SORT_BY_NAME(SORT_BY_ALIGNMENT(._shell.static.*)))
                0x00000000080036e0                _shell_list_end = .

shell_root_cmds_sections
                0x00000000080036e0        0x0
                0x00000000080036e0                __shell_root_cmds_start = .
 *(SORT_BY_NAME(SORT_BY_ALIGNMENT(.shell_root_cmd_*)))
                0x00000000080036e0                __shell_root_cmds_end = .

font_entry_sections
                0x00000000080036e0        0x0
                0x00000000080036e0                __font_entry_start = .
 *(SORT_BY_NAME(SORT_BY_ALIGNMENT(._cfb_font.*)))
                0x00000000080036e0                __font_entry_end = .

tracing_backends_sections
                0x00000000080036e0        0x0
                0x00000000080036e0                _tracing_backend_list_start = .
 *(SORT_BY_ALIGNMENT(._tracing_backend.*))
                0x00000000080036e0                _tracing_backend_list_end = .

rodata          0x00000000080036e0      0x2c4
 *(SORT_BY_ALIGNMENT(.rodata))
 .rodata        0x00000000080036e0        0x8 zephyr/drivers/gpio/libdrivers__gpio.a(gpio_stm32.c.obj)
 *(SORT_BY_ALIGNMENT(.rodata.*))
 .rodata.ports_enable
                0x00000000080036e8       0x2c zephyr/libzephyr.a(pinmux_stm32.c.obj)
 .rodata.mpu_config
                0x0000000008003714        0x8 zephyr/soc/arm/common/cortex_m/libsoc__arm__common__cortex_m.a(arm_mpu_regions.c.obj)
                0x0000000008003714                mpu_config
 .rodata.mpu_regions
                0x000000000800371c       0x18 zephyr/soc/arm/common/cortex_m/libsoc__arm__common__cortex_m.a(arm_mpu_regions.c.obj)
 .rodata.pinconf
                0x0000000008003734       0x38 zephyr/boards/arm/stm32f4_disco/libboards__arm__stm32f4_disco.a(pinmux.c.obj)
 .rodata.gpio_stm32_cfg_a
                0x000000000800376c       0x14 zephyr/drivers/gpio/libdrivers__gpio.a(gpio_stm32.c.obj)
 .rodata.gpio_stm32_cfg_b
                0x0000000008003780       0x14 zephyr/drivers/gpio/libdrivers__gpio.a(gpio_stm32.c.obj)
 .rodata.gpio_stm32_cfg_c
                0x0000000008003794       0x14 zephyr/drivers/gpio/libdrivers__gpio.a(gpio_stm32.c.obj)
 .rodata.gpio_stm32_cfg_d
                0x00000000080037a8       0x14 zephyr/drivers/gpio/libdrivers__gpio.a(gpio_stm32.c.obj)
 .rodata.gpio_stm32_cfg_e
                0x00000000080037bc       0x14 zephyr/drivers/gpio/libdrivers__gpio.a(gpio_stm32.c.obj)
 .rodata.gpio_stm32_cfg_f
                0x00000000080037d0       0x14 zephyr/drivers/gpio/libdrivers__gpio.a(gpio_stm32.c.obj)
 .rodata.gpio_stm32_cfg_g
                0x00000000080037e4       0x14 zephyr/drivers/gpio/libdrivers__gpio.a(gpio_stm32.c.obj)
 .rodata.gpio_stm32_cfg_h
                0x00000000080037f8       0x14 zephyr/drivers/gpio/libdrivers__gpio.a(gpio_stm32.c.obj)
 .rodata.gpio_stm32_cfg_i
                0x000000000800380c       0x14 zephyr/drivers/gpio/libdrivers__gpio.a(gpio_stm32.c.obj)
 .rodata.gpio_stm32_driver
                0x0000000008003820       0x2c zephyr/drivers/gpio/libdrivers__gpio.a(gpio_stm32.c.obj)
 .rodata.pwm_stm32_dev_cfg_0
                0x000000000800384c        0xc zephyr/drivers/pwm/libdrivers__pwm.a(pwm_stm32.c.obj)
 .rodata.pwm_stm32_dev_cfg_1
                0x0000000008003858        0xc zephyr/drivers/pwm/libdrivers__pwm.a(pwm_stm32.c.obj)
 .rodata.pwm_stm32_drv_api_funcs
                0x0000000008003864        0x8 zephyr/drivers/pwm/libdrivers__pwm.a(pwm_stm32.c.obj)
 .rodata.uart_stm32_cfg_0
                0x000000000800386c       0x14 zephyr/drivers/serial/libdrivers__serial.a(uart_stm32.c.obj)
 .rodata.uart_stm32_cfg_1
                0x0000000008003880       0x14 zephyr/drivers/serial/libdrivers__serial.a(uart_stm32.c.obj)
 .rodata.uart_stm32_driver_api
                0x0000000008003894       0x14 zephyr/drivers/serial/libdrivers__serial.a(uart_stm32.c.obj)
 .rodata.config_levels.13201
                0x00000000080038a8       0x14 zephyr/kernel/libkernel.a(device.c.obj)
 .rodata._k_neg_eagain
                0x00000000080038bc        0x4 zephyr/kernel/libkernel.a(errno.c.obj)
                0x00000000080038bc                _k_neg_eagain
 .rodata.CSWTCH.58
                0x00000000080038c0        0x6 zephyr/drivers/serial/libdrivers__serial.a(uart_stm32.c.obj)
 .rodata.gpio_init.str1.1
                0x00000000080038c6        0x6 app/libapp.a(main.c.obj)
 .rodata.pwm_init.str1.1
                0x00000000080038cc        0x6 app/libapp.a(main.c.obj)
 .rodata.str1.1
                0x00000000080038d2        0x6 zephyr/libzephyr.a(soc.c.obj)
                                          0x1 (size before relaxing)
 .rodata.uart_console_init.str1.1
                0x00000000080038d2        0x7 zephyr/libzephyr.a(uart_console.c.obj)
 .rodata.str1.1
                0x00000000080038d9        0x1 zephyr/libzephyr.a(uart_console.c.obj)
 .rodata.str1.1
                0x00000000080038d9        0xb zephyr/libzephyr.a(intc_exti_stm32.c.obj)
 .rodata.exti_irq_table
                0x00000000080038e4       0x17 zephyr/libzephyr.a(intc_exti_stm32.c.obj)
                0x00000000080038e4                exti_irq_table
 .rodata.str1.1
                0x00000000080038fb        0x9 zephyr/libzephyr.a(clock_stm32_ll_common.c.obj)
 .rodata.z_pinmux_stm32_set.str1.1
                0x0000000008003904        0x9 zephyr/libzephyr.a(pinmux_stm32.c.obj)
 .rodata.str1.1
                0x0000000008003904        0xa zephyr/libzephyr.a(sys_clock_init.c.obj)
 .rodata.str1.1
                0x000000000800390e        0x1 zephyr/arch/arch/arm/core/aarch32/cortex_m/mpu/libarch__arm__core__aarch32__cortex_m__mpu.a(arm_mpu.c.obj)
 .rodata.str1.1
                0x000000000800390e        0xf zephyr/soc/arm/common/cortex_m/libsoc__arm__common__cortex_m.a(arm_mpu_regions.c.obj)
 .rodata.str1.1
                0x000000000800391d        0x1 zephyr/boards/arm/stm32f4_disco/libboards__arm__stm32f4_disco.a(pinmux.c.obj)
 .rodata.gpio_stm32_pin_interrupt_configure.str1.1
                0x000000000800391d        0x9 zephyr/drivers/gpio/libdrivers__gpio.a(gpio_stm32.c.obj)
 .rodata.str1.1
                0x000000000800391d       0x30 zephyr/drivers/gpio/libdrivers__gpio.a(gpio_stm32.c.obj)
                                         0x36 (size before relaxing)
 .rodata.pwm_stm32_init.str1.1
                0x000000000800394d        0x9 zephyr/drivers/pwm/libdrivers__pwm.a(pwm_stm32.c.obj)
 .rodata.str1.1
                0x000000000800394d        0x6 zephyr/drivers/pwm/libdrivers__pwm.a(pwm_stm32.c.obj)
                                          0xc (size before relaxing)
 .rodata.uart_stm32_init.str1.1
                0x0000000008003953        0x9 zephyr/drivers/serial/libdrivers__serial.a(uart_stm32.c.obj)
 .rodata.str1.1
                0x0000000008003953        0x7 zephyr/drivers/serial/libdrivers__serial.a(uart_stm32.c.obj)
                                          0xe (size before relaxing)
 .rodata.AHBPrescTable
                0x000000000800395a       0x10 modules/stm32/stm32cube/lib..__modules__hal__stm32__stm32cube.a(system_stm32f4xx.c.obj)
                0x000000000800395a                AHBPrescTable
 .rodata.bg_thread_main.str1.1
                0x000000000800396a       0x30 zephyr/kernel/libkernel.a(init.c.obj)
                                         0x31 (size before relaxing)
 .rodata.z_cstart.str1.1
                0x000000000800399a        0xa zephyr/kernel/libkernel.a(init.c.obj)
 .rodata.str1.1
                0x00000000080039a4        0x1 zephyr/kernel/libkernel.a(kheap.c.obj)
 *(SORT_BY_ALIGNMENT(.gnu.linkonce.r.*))
                0x00000000080039a8                . = ALIGN (0x4)
                0x00000000080039a4                _image_rodata_end = .
                0x00000000080039c0                . = ALIGN (_region_min_align)
                0x0000000008004000                . = ALIGN ((0x1 << LOG2CEIL ((_image_rodata_end - _image_rom_start))))
                0x0000000008004000                _image_rom_end = .
                0x0000000020000000                . = 0x20000000
                0x0000000020000000                . = ALIGN (_region_min_align)
                0x0000000020000000                _image_ram_start = .

.ramfunc        0x0000000020000000        0x0 load address 0x00000000080039a4
                0x0000000020000000                . = ALIGN (_region_min_align)
                0x0000000020000000                . = ALIGN ((0x1 << LOG2CEIL (_ramfunc_ram_size)))
                0x0000000020000000                _ramfunc_ram_start = .
 *(SORT_BY_ALIGNMENT(.ramfunc))
 *(SORT_BY_ALIGNMENT(.ramfunc.*))
                0x0000000020000000                . = ALIGN (_region_min_align)
                0x0000000020000000                . = ALIGN ((0x1 << LOG2CEIL (_ramfunc_ram_size)))
                0x0000000020000000                _ramfunc_ram_end = .
                0x0000000000000000                _ramfunc_ram_size = (_ramfunc_ram_end - _ramfunc_ram_start)
                0x00000000080039a4                _ramfunc_rom_start = LOADADDR (.ramfunc)

bss             0x0000000020000000      0x322
                0x0000000020000000                . = ALIGN (0x4)
                0x0000000020000000                __bss_start = .
                0x0000000020000000                __kernel_ram_start = .
 *(SORT_BY_ALIGNMENT(.bss))
 *(SORT_BY_ALIGNMENT(.bss.*))
 .bss.curr_tick
                0x0000000020000000        0x8 zephyr/kernel/libkernel.a(timeout.c.obj)
 .bss.gpio_engine_dev
                0x0000000020000008        0x4 app/libapp.a(main.c.obj)
                0x0000000020000008                gpio_engine_dev
 .bss.pwm2_dev  0x000000002000000c        0x4 app/libapp.a(main.c.obj)
                0x000000002000000c                pwm2_dev
 .bss.uart_console_dev
                0x0000000020000010        0x4 zephyr/libzephyr.a(uart_console.c.obj)
 .bss.exti_data
                0x0000000020000014       0xb8 zephyr/libzephyr.a(intc_exti_stm32.c.obj)
 .bss.announced_cycles
                0x00000000200000cc        0x4 zephyr/libzephyr.a(cortex_m_systick.c.obj)
 .bss.cycle_count
                0x00000000200000d0        0x4 zephyr/libzephyr.a(cortex_m_systick.c.obj)
 .bss.last_load
                0x00000000200000d4        0x4 zephyr/libzephyr.a(cortex_m_systick.c.obj)
 .bss.overflow_cyc
                0x00000000200000d8        0x4 zephyr/libzephyr.a(cortex_m_systick.c.obj)
 .bss.gpio_stm32_data_a
                0x00000000200000dc       0x10 zephyr/drivers/gpio/libdrivers__gpio.a(gpio_stm32.c.obj)
 .bss.gpio_stm32_data_b
                0x00000000200000ec       0x10 zephyr/drivers/gpio/libdrivers__gpio.a(gpio_stm32.c.obj)
 .bss.gpio_stm32_data_c
                0x00000000200000fc       0x10 zephyr/drivers/gpio/libdrivers__gpio.a(gpio_stm32.c.obj)
 .bss.gpio_stm32_data_d
                0x000000002000010c       0x10 zephyr/drivers/gpio/libdrivers__gpio.a(gpio_stm32.c.obj)
 .bss.gpio_stm32_data_e
                0x000000002000011c       0x10 zephyr/drivers/gpio/libdrivers__gpio.a(gpio_stm32.c.obj)
 .bss.gpio_stm32_data_f
                0x000000002000012c       0x10 zephyr/drivers/gpio/libdrivers__gpio.a(gpio_stm32.c.obj)
 .bss.gpio_stm32_data_g
                0x000000002000013c       0x10 zephyr/drivers/gpio/libdrivers__gpio.a(gpio_stm32.c.obj)
 .bss.gpio_stm32_data_h
                0x000000002000014c       0x10 zephyr/drivers/gpio/libdrivers__gpio.a(gpio_stm32.c.obj)
 .bss.gpio_stm32_data_i
                0x000000002000015c       0x10 zephyr/drivers/gpio/libdrivers__gpio.a(gpio_stm32.c.obj)
 .bss.pwm_stm32_dev_data_0
                0x000000002000016c       0x48 zephyr/drivers/pwm/libdrivers__pwm.a(pwm_stm32.c.obj)
 .bss.pwm_stm32_dev_data_1
                0x00000000200001b4       0x48 zephyr/drivers/pwm/libdrivers__pwm.a(pwm_stm32.c.obj)
 .bss.z_idle_threads
                0x00000000200001fc       0x74 zephyr/kernel/libkernel.a(init.c.obj)
                0x00000000200001fc                z_idle_threads
 .bss.z_main_thread
                0x0000000020000270       0x74 zephyr/kernel/libkernel.a(init.c.obj)
                0x0000000020000270                z_main_thread
 .bss._kernel   0x00000000200002e4       0x2c zephyr/kernel/libkernel.a(sched.c.obj)
                0x00000000200002e4                _kernel
 .bss.pending_current
                0x0000000020000310        0x4 zephyr/kernel/libkernel.a(sched.c.obj)
 .bss.slice_max_prio
                0x0000000020000314        0x4 zephyr/kernel/libkernel.a(sched.c.obj)
 .bss.slice_time
                0x0000000020000318        0x4 zephyr/kernel/libkernel.a(sched.c.obj)
 .bss.announce_remaining
                0x000000002000031c        0x4 zephyr/kernel/libkernel.a(timeout.c.obj)
 .bss.static_regions_num
                0x0000000020000320        0x1 zephyr/arch/arch/arm/core/aarch32/cortex_m/mpu/libarch__arm__core__aarch32__cortex_m__mpu.a(arm_mpu.c.obj)
 .bss.z_sys_post_kernel
                0x0000000020000321        0x1 zephyr/kernel/libkernel.a(init.c.obj)
                0x0000000020000321                z_sys_post_kernel
 .bss.sched_spinlock
                0x0000000020000322        0x0 zephyr/kernel/libkernel.a(sched.c.obj)
 *(SORT_BY_ALIGNMENT(COMMON))
 *(SORT_BY_ALIGNMENT(.kernel_bss.*))
                0x0000000020000324                __bss_end = ALIGN (0x4)

noinit          0x0000000020000328      0xd40
 *(SORT_BY_ALIGNMENT(.noinit))
 *(SORT_BY_ALIGNMENT(.noinit.*))
 .noinit."WEST_TOPDIR/zephyr/kernel/init.c".2
                0x0000000020000328      0x400 zephyr/kernel/libkernel.a(init.c.obj)
                0x0000000020000328                z_main_stack
 .noinit."WEST_TOPDIR/zephyr/kernel/init.c".3
                0x0000000020000728      0x140 zephyr/kernel/libkernel.a(init.c.obj)
 .noinit."WEST_TOPDIR/zephyr/kernel/init.c".4
                0x0000000020000868      0x800 zephyr/kernel/libkernel.a(init.c.obj)
                0x0000000020000868                z_interrupt_stacks
 *(SORT_BY_ALIGNMENT(.kernel_noinit.*))

datas           0x0000000020001068       0x38 load address 0x00000000080039a4
                0x0000000020001068                __data_ram_start = .
 *(SORT_BY_ALIGNMENT(.data))
 *(SORT_BY_ALIGNMENT(.data.*))
 .data._char_out
                0x0000000020001068        0x4 zephyr/libzephyr.a(printk.c.obj)
                0x0000000020001068                _char_out
 .data.stm32_clock_control_api
                0x000000002000106c       0x14 zephyr/libzephyr.a(clock_stm32_ll_common.c.obj)
 .data._stdout_hook
                0x0000000020001080        0x4 zephyr/lib/libc/minimal/liblib__libc__minimal.a(stdout_console.c.obj)
 .data.uart_stm32_data_0
                0x0000000020001084        0x8 zephyr/drivers/serial/libdrivers__serial.a(uart_stm32.c.obj)
 .data.uart_stm32_data_1
                0x000000002000108c        0x8 zephyr/drivers/serial/libdrivers__serial.a(uart_stm32.c.obj)
 .data.SystemCoreClock
                0x0000000020001094        0x4 modules/stm32/stm32cube/lib..__modules__hal__stm32__stm32cube.a(system_stm32f4xx.c.obj)
                0x0000000020001094                SystemCoreClock
 .data.timeout_list
                0x0000000020001098        0x8 zephyr/kernel/libkernel.a(timeout.c.obj)
 *(SORT_BY_ALIGNMENT(.kernel.*))
                0x00000000080039a4                __data_rom_start = LOADADDR (datas)

initlevel       0x00000000200010a0       0xfc load address 0x00000000080039dc
                0x00000000200010a0                __device_init_start = .
                0x00000000200010a0                __device_PRE_KERNEL_1_start = .
 *(SORT_BY_NAME(SORT_BY_ALIGNMENT(.init_PRE_KERNEL_1[0-9])))
 .init_PRE_KERNEL_10
                0x00000000200010a0        0xc zephyr/libzephyr.a(soc.c.obj)
 .init_PRE_KERNEL_11
                0x00000000200010ac        0xc zephyr/libzephyr.a(clock_stm32_ll_common.c.obj)
 .init_PRE_KERNEL_12
                0x00000000200010b8        0xc zephyr/boards/arm/stm32f4_disco/libboards__arm__stm32f4_disco.a(pinmux.c.obj)
 *(SORT_BY_NAME(SORT_BY_ALIGNMENT(.init_PRE_KERNEL_1[1-9][0-9])))
 .init_PRE_KERNEL_130
                0x00000000200010c4        0xc zephyr/kernel/libkernel.a(kheap.c.obj)
 .init_PRE_KERNEL_140
                0x00000000200010d0        0xc zephyr/arch/arch/arm/core/aarch32/cortex_m/mpu/libarch__arm__core__aarch32__cortex_m__mpu.a(arm_mpu.c.obj)
 .init_PRE_KERNEL_150
                0x00000000200010dc        0xc zephyr/libzephyr.a(intc_exti_stm32.c.obj)
 .init_PRE_KERNEL_150
                0x00000000200010e8       0x18 zephyr/drivers/serial/libdrivers__serial.a(uart_stm32.c.obj)
 .init_PRE_KERNEL_160
                0x0000000020001100        0xc zephyr/libzephyr.a(uart_console.c.obj)
                0x000000002000110c                __device_PRE_KERNEL_2_start = .
 *(SORT_BY_NAME(SORT_BY_ALIGNMENT(.init_PRE_KERNEL_2[0-9])))
 .init_PRE_KERNEL_20
                0x000000002000110c        0xc zephyr/libzephyr.a(sys_clock_init.c.obj)
 *(SORT_BY_NAME(SORT_BY_ALIGNMENT(.init_PRE_KERNEL_2[1-9][0-9])))
                0x0000000020001118                __device_POST_KERNEL_start = .
 *(SORT_BY_NAME(SORT_BY_ALIGNMENT(.init_POST_KERNEL[0-9])))
 *(SORT_BY_NAME(SORT_BY_ALIGNMENT(.init_POST_KERNEL[1-9][0-9])))
 .init_POST_KERNEL40
                0x0000000020001118       0x6c zephyr/drivers/gpio/libdrivers__gpio.a(gpio_stm32.c.obj)
 .init_POST_KERNEL50
                0x0000000020001184       0x18 zephyr/drivers/pwm/libdrivers__pwm.a(pwm_stm32.c.obj)
                0x000000002000119c                __device_APPLICATION_start = .
 *(SORT_BY_NAME(SORT_BY_ALIGNMENT(.init_APPLICATION[0-9])))
 *(SORT_BY_NAME(SORT_BY_ALIGNMENT(.init_APPLICATION[1-9][0-9])))
                0x000000002000119c                __device_SMP_start = .
 *(SORT_BY_NAME(SORT_BY_ALIGNMENT(.init_SMP[0-9])))
 *(SORT_BY_NAME(SORT_BY_ALIGNMENT(.init_SMP[1-9][0-9])))
                0x000000002000119c                __device_init_end = .

initlevel_error
                0x00000000200010a0        0x0
 *(SORT_BY_NAME(SORT_BY_ALIGNMENT(.init_[_A-Z0-9]*)))
                0x0000000000000001                ASSERT ((SIZEOF (initlevel_error) == 0x0), Undefined initialization levels used.)

initshell       0x000000002000119c        0x0 load address 0x0000000008003ad8
                0x000000002000119c                __shell_module_start = .
 *(SORT_BY_ALIGNMENT(.shell_module_*))
                0x000000002000119c                __shell_module_end = .
                0x000000002000119c                __shell_cmd_start = .
 *(SORT_BY_ALIGNMENT(.shell_cmd_*))
                0x000000002000119c                __shell_cmd_end = .

log_dynamic_sections
                0x000000002000119c        0x0 load address 0x0000000008003ad8
                0x000000002000119c                __log_dynamic_start = .
 *(SORT_BY_NAME(SORT_BY_ALIGNMENT(.log_dynamic_*)))
                0x000000002000119c                __log_dynamic_end = .

_static_thread_area
                0x000000002000119c        0x0 load address 0x0000000008003ad8
                0x000000002000119c                __static_thread_data_list_start = .
 *(SORT_BY_NAME(SORT_BY_ALIGNMENT(.__static_thread_data.static.*)))
                0x000000002000119c                __static_thread_data_list_end = .

_k_timer_area   0x000000002000119c        0x0 load address 0x0000000008003ad8
                0x000000002000119c                _k_timer_list_start = .
 *(SORT_BY_ALIGNMENT(._k_timer.static.*))
                0x000000002000119c                _k_timer_list_end = .

_k_mem_slab_area
                0x000000002000119c        0x0 load address 0x0000000008003ad8
                0x000000002000119c                _k_mem_slab_list_start = .
 *(SORT_BY_ALIGNMENT(._k_mem_slab.static.*))
                0x000000002000119c                _k_mem_slab_list_end = .

_k_mem_pool_area
                0x000000002000119c        0x0 load address 0x0000000008003ad8
                0x000000002000119c                _k_mem_pool_list_start = .
 *(SORT_BY_ALIGNMENT(._k_mem_pool.static.*))
                0x000000002000119c                _k_mem_pool_list_end = .

_k_heap_area    0x000000002000119c        0x0 load address 0x0000000008003ad8
                0x000000002000119c                _k_heap_list_start = .
 *(SORT_BY_ALIGNMENT(._k_heap.static.*))
                0x000000002000119c                _k_heap_list_end = .

_k_sem_area     0x000000002000119c        0x0 load address 0x0000000008003ad8
                0x000000002000119c                _k_sem_list_start = .
 *(SORT_BY_ALIGNMENT(._k_sem.static.*))
 *(SORT_BY_ALIGNMENT(._sys_sem.static.*))
                0x000000002000119c                _k_sem_list_end = .

_k_mutex_area   0x000000002000119c       0x14 load address 0x0000000008003ad8
                0x000000002000119c                _k_mutex_list_start = .
 *(SORT_BY_ALIGNMENT(._k_mutex.static.*))
 ._k_mutex.static.fdtable_lock
                0x000000002000119c       0x14 zephyr/libzephyr.a(fdtable.c.obj)
                0x00000000200011b0                _k_mutex_list_end = .

_k_queue_area   0x00000000200011b0        0x0 load address 0x0000000008003aec
                0x00000000200011b0                _k_queue_list_start = .
 *(SORT_BY_ALIGNMENT(._k_queue.static.*))
 *(SORT_BY_ALIGNMENT(._k_fifo.static.*))
 *(SORT_BY_ALIGNMENT(._k_lifo.static.*))
                0x00000000200011b0                _k_queue_list_end = .

_k_stack_area   0x00000000200011b0        0x0 load address 0x0000000008003aec
                0x00000000200011b0                _k_stack_list_start = .
 *(SORT_BY_ALIGNMENT(._k_stack.static.*))
                0x00000000200011b0                _k_stack_list_end = .

_k_msgq_area    0x00000000200011b0        0x0 load address 0x0000000008003aec
                0x00000000200011b0                _k_msgq_list_start = .
 *(SORT_BY_ALIGNMENT(._k_msgq.static.*))
                0x00000000200011b0                _k_msgq_list_end = .

_k_mbox_area    0x00000000200011b0        0x0 load address 0x0000000008003aec
                0x00000000200011b0                _k_mbox_list_start = .
 *(SORT_BY_ALIGNMENT(._k_mbox.static.*))
                0x00000000200011b0                _k_mbox_list_end = .

_k_pipe_area    0x00000000200011b0        0x0 load address 0x0000000008003aec
                0x00000000200011b0                _k_pipe_list_start = .
 *(SORT_BY_ALIGNMENT(._k_pipe.static.*))
                0x00000000200011b0                _k_pipe_list_end = .

_net_buf_pool_area
                0x00000000200011b0        0x0 load address 0x0000000008003aec
                0x00000000200011b0                _net_buf_pool_list = .
 *(SORT_BY_NAME(SORT_BY_ALIGNMENT(._net_buf_pool.static.*)))

net_if          0x00000000200011b0        0x0 load address 0x0000000008003aec
                0x00000000200011b0                __net_if_start = .
 *(SORT_BY_ALIGNMENT(.net_if.*))
 *(SORT_BY_NAME(SORT_BY_ALIGNMENT(.net_if.*)))
                0x00000000200011b0                __net_if_end = .

net_if_dev      0x00000000200011b0        0x0 load address 0x0000000008003aec
                0x00000000200011b0                __net_if_dev_start = .
 *(SORT_BY_ALIGNMENT(.net_if_dev.*))
 *(SORT_BY_NAME(SORT_BY_ALIGNMENT(.net_if_dev.*)))
                0x00000000200011b0                __net_if_dev_end = .

net_l2_data     0x00000000200011b0        0x0 load address 0x0000000008003aec
                0x00000000200011b0                __net_l2_data_start = .
 *(SORT_BY_ALIGNMENT(.net_l2.data))
 *(SORT_BY_NAME(SORT_BY_ALIGNMENT(.net_l2.data*)))
                0x00000000200011b0                __net_l2_data_end = .
                0x00000000200011b0                __data_ram_end = .
                0x00000000200011b0                _image_ram_end = .
                0x00000000200011b0                _end = .
                0x0000000020020000                __kernel_ram_end = 0x20020000
                0x0000000000020000                __kernel_ram_size = (__kernel_ram_end - __kernel_ram_start)

.ccm_bss        0x0000000010000000        0x0
                0x0000000010000000                __ccm_start = .
                0x0000000010000000                __ccm_bss_start = .
 *(SORT_BY_ALIGNMENT(.ccm_bss))
 *(SORT_BY_ALIGNMENT(.ccm_bss.*))
                0x0000000010000000                __ccm_bss_end = .

.ccm_noinit     0x0000000010000000        0x0
                0x0000000010000000                __ccm_noinit_start = .
 *(SORT_BY_ALIGNMENT(.ccm_noinit))
 *(SORT_BY_ALIGNMENT(.ccm_noinit.*))
                0x0000000010000000                __ccm_noinit_end = .

.ccm_data       0x0000000010000000        0x0 load address 0x0000000008003aec
                0x0000000010000000                __ccm_data_start = .
 *(SORT_BY_ALIGNMENT(.ccm_data))
 *(SORT_BY_ALIGNMENT(.ccm_data.*))
                0x0000000010000000                __ccm_data_end = .
                0x0000000010000000                __ccm_end = .
                0x0000000008003aec                __ccm_data_rom_start = LOADADDR (.ccm_data)

.stab
 *(SORT_BY_ALIGNMENT(.stab))

.stabstr
 *(SORT_BY_ALIGNMENT(.stabstr))

.stab.excl
 *(SORT_BY_ALIGNMENT(.stab.excl))

.stab.exclstr
 *(SORT_BY_ALIGNMENT(.stab.exclstr))

.stab.index
 *(SORT_BY_ALIGNMENT(.stab.index))

.stab.indexstr
 *(SORT_BY_ALIGNMENT(.stab.indexstr))

.gnu.build.attributes
 *(SORT_BY_ALIGNMENT(.gnu.build.attributes) SORT_BY_ALIGNMENT(.gnu.build.attributes.*))

.comment        0x0000000000000000       0x32
 *(SORT_BY_ALIGNMENT(.comment))
 .comment       0x0000000000000000       0x32 zephyr/CMakeFiles/zephyr_final.dir/isr_tables.c.obj
                                         0x33 (size before relaxing)
 .comment       0x0000000000000032       0x33 app/libapp.a(main.c.obj)
 .comment       0x0000000000000032       0x33 zephyr/libzephyr.a(fdtable.c.obj)
 .comment       0x0000000000000032       0x33 zephyr/libzephyr.a(printk.c.obj)
 .comment       0x0000000000000032       0x33 zephyr/libzephyr.a(thread_entry.c.obj)
 .comment       0x0000000000000032       0x33 zephyr/libzephyr.a(heap.c.obj)
 .comment       0x0000000000000032       0x33 zephyr/libzephyr.a(configs.c.obj)
 .comment       0x0000000000000032       0x33 zephyr/libzephyr.a(soc.c.obj)
 .comment       0x0000000000000032       0x33 zephyr/libzephyr.a(uart_console.c.obj)
 .comment       0x0000000000000032       0x33 zephyr/libzephyr.a(intc_exti_stm32.c.obj)
 .comment       0x0000000000000032       0x33 zephyr/libzephyr.a(clock_stm32_ll_common.c.obj)
 .comment       0x0000000000000032       0x33 zephyr/libzephyr.a(clock_stm32f2_f4_f7.c.obj)
 .comment       0x0000000000000032       0x33 zephyr/libzephyr.a(pinmux_stm32.c.obj)
 .comment       0x0000000000000032       0x33 zephyr/libzephyr.a(sys_clock_init.c.obj)
 .comment       0x0000000000000032       0x33 zephyr/libzephyr.a(cortex_m_systick.c.obj)
 .comment       0x0000000000000032       0x33 zephyr/arch/common/libarch__common.a(isr_tables.c.obj)
 .comment       0x0000000000000032       0x33 zephyr/arch/arch/arm/core/aarch32/libarch__arm__core__aarch32.a(swap.c.obj)
 .comment       0x0000000000000032       0x33 zephyr/arch/arch/arm/core/aarch32/libarch__arm__core__aarch32.a(irq_manage.c.obj)
 .comment       0x0000000000000032       0x33 zephyr/arch/arch/arm/core/aarch32/libarch__arm__core__aarch32.a(thread.c.obj)
 .comment       0x0000000000000032       0x33 zephyr/arch/arch/arm/core/aarch32/libarch__arm__core__aarch32.a(fatal.c.obj)
 .comment       0x0000000000000032       0x33 zephyr/arch/arch/arm/core/aarch32/libarch__arm__core__aarch32.a(nmi.c.obj)
 .comment       0x0000000000000032       0x33 zephyr/arch/arch/arm/core/aarch32/libarch__arm__core__aarch32.a(prep_c.c.obj)
 .comment       0x0000000000000032       0x33 zephyr/arch/arch/arm/core/aarch32/cortex_m/libarch__arm__core__aarch32__cortex_m.a(fault.c.obj)
 .comment       0x0000000000000032       0x33 zephyr/arch/arch/arm/core/aarch32/cortex_m/libarch__arm__core__aarch32__cortex_m.a(irq_init.c.obj)
 .comment       0x0000000000000032       0x33 zephyr/arch/arch/arm/core/aarch32/cortex_m/libarch__arm__core__aarch32__cortex_m.a(thread_abort.c.obj)
 .comment       0x0000000000000032       0x33 zephyr/arch/arch/arm/core/aarch32/cortex_m/mpu/libarch__arm__core__aarch32__cortex_m__mpu.a(arm_core_mpu.c.obj)
 .comment       0x0000000000000032       0x33 zephyr/arch/arch/arm/core/aarch32/cortex_m/mpu/libarch__arm__core__aarch32__cortex_m__mpu.a(arm_mpu.c.obj)
 .comment       0x0000000000000032       0x33 zephyr/lib/libc/minimal/liblib__libc__minimal.a(string.c.obj)
 .comment       0x0000000000000032       0x33 zephyr/lib/libc/minimal/liblib__libc__minimal.a(stdout_console.c.obj)
 .comment       0x0000000000000032       0x33 zephyr/soc/arm/common/cortex_m/libsoc__arm__common__cortex_m.a(arm_mpu_regions.c.obj)
 .comment       0x0000000000000032       0x33 zephyr/boards/arm/stm32f4_disco/libboards__arm__stm32f4_disco.a(pinmux.c.obj)
 .comment       0x0000000000000032       0x33 zephyr/drivers/gpio/libdrivers__gpio.a(gpio_stm32.c.obj)
 .comment       0x0000000000000032       0x33 zephyr/drivers/pwm/libdrivers__pwm.a(pwm_stm32.c.obj)
 .comment       0x0000000000000032       0x33 zephyr/drivers/serial/libdrivers__serial.a(uart_stm32.c.obj)
 .comment       0x0000000000000032       0x33 modules/stm32/stm32cube/lib..__modules__hal__stm32__stm32cube.a(system_stm32f4xx.c.obj)
 .comment       0x0000000000000032       0x33 modules/stm32/stm32cube/lib..__modules__hal__stm32__stm32cube.a(stm32f4xx_hal_tim.c.obj)
 .comment       0x0000000000000032       0x33 modules/stm32/stm32cube/lib..__modules__hal__stm32__stm32cube.a(stm32f4xx_ll_utils.c.obj)
 .comment       0x0000000000000032       0x33 zephyr/kernel/libkernel.a(device.c.obj)
 .comment       0x0000000000000032       0x33 zephyr/kernel/libkernel.a(errno.c.obj)
 .comment       0x0000000000000032       0x33 zephyr/kernel/libkernel.a(fatal.c.obj)
 .comment       0x0000000000000032       0x33 zephyr/kernel/libkernel.a(init.c.obj)
 .comment       0x0000000000000032       0x33 zephyr/kernel/libkernel.a(sched.c.obj)
 .comment       0x0000000000000032       0x33 zephyr/kernel/libkernel.a(thread.c.obj)
 .comment       0x0000000000000032       0x33 zephyr/kernel/libkernel.a(timeout.c.obj)
 .comment       0x0000000000000032       0x33 zephyr/kernel/libkernel.a(idle.c.obj)
 .comment       0x0000000000000032       0x33 zephyr/kernel/libkernel.a(kheap.c.obj)
 .comment       0x0000000000000032       0x33 zephyr/CMakeFiles/offsets.dir/./arch/arm/core/offsets/offsets.c.obj

.debug
 *(SORT_BY_ALIGNMENT(.debug))

.line
 *(SORT_BY_ALIGNMENT(.line))

.debug_srcinfo
 *(SORT_BY_ALIGNMENT(.debug_srcinfo))

.debug_sfnames
 *(SORT_BY_ALIGNMENT(.debug_sfnames))

.debug_aranges  0x0000000000000000     0x1040
 *(SORT_BY_ALIGNMENT(.debug_aranges))
 .debug_aranges
                0x0000000000000000       0x28 zephyr/arch/arch/arm/core/aarch32/libarch__arm__core__aarch32.a(swap_helper.S.obj)
 .debug_aranges
                0x0000000000000028       0x30 zephyr/arch/arch/arm/core/aarch32/libarch__arm__core__aarch32.a(cpu_idle.S.obj)
 .debug_aranges
                0x0000000000000058       0x20 zephyr/arch/arch/arm/core/aarch32/libarch__arm__core__aarch32.a(nmi_on_reset.S.obj)
 .debug_aranges
                0x0000000000000078       0x20 zephyr/arch/arch/arm/core/aarch32/libarch__arm__core__aarch32.a(isr_wrapper.S.obj)
 .debug_aranges
                0x0000000000000098       0x20 zephyr/arch/arch/arm/core/aarch32/cortex_m/libarch__arm__core__aarch32__cortex_m.a(reset.S.obj)
 .debug_aranges
                0x00000000000000b8       0x20 zephyr/arch/arch/arm/core/aarch32/cortex_m/libarch__arm__core__aarch32__cortex_m.a(fault_s.S.obj)
 .debug_aranges
                0x00000000000000d8       0x20 zephyr/arch/arch/arm/core/aarch32/cortex_m/libarch__arm__core__aarch32__cortex_m.a(exc_exit.S.obj)
 .debug_aranges
                0x00000000000000f8       0x18 zephyr/CMakeFiles/zephyr_final.dir/isr_tables.c.obj
 .debug_aranges
                0x0000000000000110       0x40 app/libapp.a(main.c.obj)
 .debug_aranges
                0x0000000000000150       0x50 zephyr/libzephyr.a(fdtable.c.obj)
 .debug_aranges
                0x00000000000001a0       0x80 zephyr/libzephyr.a(printk.c.obj)
 .debug_aranges
                0x0000000000000220       0x20 zephyr/libzephyr.a(thread_entry.c.obj)
 .debug_aranges
                0x0000000000000240       0x60 zephyr/libzephyr.a(heap.c.obj)
 .debug_aranges
                0x00000000000002a0       0x20 zephyr/libzephyr.a(configs.c.obj)
 .debug_aranges
                0x00000000000002c0       0x20 zephyr/libzephyr.a(soc.c.obj)
 .debug_aranges
                0x00000000000002e0       0x28 zephyr/libzephyr.a(uart_console.c.obj)
 .debug_aranges
                0x0000000000000308       0xa8 zephyr/libzephyr.a(intc_exti_stm32.c.obj)
 .debug_aranges
                0x00000000000003b0       0x38 zephyr/libzephyr.a(clock_stm32_ll_common.c.obj)
 .debug_aranges
                0x00000000000003e8       0x30 zephyr/libzephyr.a(clock_stm32f2_f4_f7.c.obj)
 .debug_aranges
                0x0000000000000418       0x28 zephyr/libzephyr.a(pinmux_stm32.c.obj)
 .debug_aranges
                0x0000000000000440       0x40 zephyr/libzephyr.a(sys_clock_init.c.obj)
 .debug_aranges
                0x0000000000000480       0x58 zephyr/libzephyr.a(cortex_m_systick.c.obj)
 .debug_aranges
                0x00000000000004d8       0x18 zephyr/arch/common/libarch__common.a(isr_tables.c.obj)
 .debug_aranges
                0x00000000000004f0       0x20 zephyr/arch/arch/arm/core/aarch32/libarch__arm__core__aarch32.a(swap.c.obj)
 .debug_aranges
                0x0000000000000510       0x40 zephyr/arch/arch/arm/core/aarch32/libarch__arm__core__aarch32.a(irq_manage.c.obj)
 .debug_aranges
                0x0000000000000550       0x28 zephyr/arch/arch/arm/core/aarch32/libarch__arm__core__aarch32.a(thread.c.obj)
 .debug_aranges
                0x0000000000000578       0x30 zephyr/arch/arch/arm/core/aarch32/libarch__arm__core__aarch32.a(fatal.c.obj)
 .debug_aranges
                0x00000000000005a8       0x20 zephyr/arch/arch/arm/core/aarch32/libarch__arm__core__aarch32.a(nmi.c.obj)
 .debug_aranges
                0x00000000000005c8       0x20 zephyr/arch/arch/arm/core/aarch32/libarch__arm__core__aarch32.a(prep_c.c.obj)
 .debug_aranges
                0x00000000000005e8       0x40 zephyr/arch/arch/arm/core/aarch32/cortex_m/libarch__arm__core__aarch32__cortex_m.a(fault.c.obj)
 .debug_aranges
                0x0000000000000628       0x20 zephyr/arch/arch/arm/core/aarch32/cortex_m/libarch__arm__core__aarch32__cortex_m.a(irq_init.c.obj)
 .debug_aranges
                0x0000000000000648       0x20 zephyr/arch/arch/arm/core/aarch32/cortex_m/libarch__arm__core__aarch32__cortex_m.a(thread_abort.c.obj)
 .debug_aranges
                0x0000000000000668       0x28 zephyr/arch/arch/arm/core/aarch32/cortex_m/mpu/libarch__arm__core__aarch32__cortex_m__mpu.a(arm_core_mpu.c.obj)
 .debug_aranges
                0x0000000000000690       0x48 zephyr/arch/arch/arm/core/aarch32/cortex_m/mpu/libarch__arm__core__aarch32__cortex_m__mpu.a(arm_mpu.c.obj)
 .debug_aranges
                0x00000000000006d8       0x90 zephyr/lib/libc/minimal/liblib__libc__minimal.a(string.c.obj)
 .debug_aranges
                0x0000000000000768       0x58 zephyr/lib/libc/minimal/liblib__libc__minimal.a(stdout_console.c.obj)
 .debug_aranges
                0x00000000000007c0       0x18 zephyr/soc/arm/common/cortex_m/libsoc__arm__common__cortex_m.a(arm_mpu_regions.c.obj)
 .debug_aranges
                0x00000000000007d8       0x20 zephyr/boards/arm/stm32f4_disco/libboards__arm__stm32f4_disco.a(pinmux.c.obj)
 .debug_aranges
                0x00000000000007f8       0x80 zephyr/drivers/gpio/libdrivers__gpio.a(gpio_stm32.c.obj)
 .debug_aranges
                0x0000000000000878       0x30 zephyr/drivers/pwm/libdrivers__pwm.a(pwm_stm32.c.obj)
 .debug_aranges
                0x00000000000008a8       0x58 zephyr/drivers/serial/libdrivers__serial.a(uart_stm32.c.obj)
 .debug_aranges
                0x0000000000000900       0x28 modules/stm32/stm32cube/lib..__modules__hal__stm32__stm32cube.a(system_stm32f4xx.c.obj)
 .debug_aranges
                0x0000000000000928      0x278 modules/stm32/stm32cube/lib..__modules__hal__stm32__stm32cube.a(stm32f4xx_hal_tim.c.obj)
 .debug_aranges
                0x0000000000000ba0       0x58 modules/stm32/stm32cube/lib..__modules__hal__stm32__stm32cube.a(stm32f4xx_ll_utils.c.obj)
 .debug_aranges
                0x0000000000000bf8       0x30 zephyr/kernel/libkernel.a(device.c.obj)
 .debug_aranges
                0x0000000000000c28       0x20 zephyr/kernel/libkernel.a(errno.c.obj)
 .debug_aranges
                0x0000000000000c48       0x38 zephyr/kernel/libkernel.a(fatal.c.obj)
 .debug_aranges
                0x0000000000000c80       0x40 zephyr/kernel/libkernel.a(init.c.obj)
 .debug_aranges
                0x0000000000000cc0      0x1c0 zephyr/kernel/libkernel.a(sched.c.obj)
 .debug_aranges
                0x0000000000000e80       0xa0 zephyr/kernel/libkernel.a(thread.c.obj)
 .debug_aranges
                0x0000000000000f20       0x90 zephyr/kernel/libkernel.a(timeout.c.obj)
 .debug_aranges
                0x0000000000000fb0       0x28 zephyr/kernel/libkernel.a(idle.c.obj)
 .debug_aranges
                0x0000000000000fd8       0x48 zephyr/kernel/libkernel.a(kheap.c.obj)
 .debug_aranges
                0x0000000000001020       0x20 zephyr/CMakeFiles/offsets.dir/./arch/arm/core/offsets/offsets.c.obj

.debug_pubnames
 *(SORT_BY_ALIGNMENT(.debug_pubnames))

.debug_info     0x0000000000000000    0x359c3
 *(SORT_BY_ALIGNMENT(.debug_info) SORT_BY_ALIGNMENT(.gnu.linkonce.wi.*))
 .debug_info    0x0000000000000000      0x289 zephyr/CMakeFiles/zephyr_final.dir/isr_tables.c.obj
 .debug_info    0x0000000000000289     0x1700 app/libapp.a(main.c.obj)
 .debug_info    0x0000000000001989      0xf6e zephyr/libzephyr.a(fdtable.c.obj)
 .debug_info    0x00000000000028f7     0x13c5 zephyr/libzephyr.a(printk.c.obj)
 .debug_info    0x0000000000003cbc      0xa27 zephyr/libzephyr.a(thread_entry.c.obj)
 .debug_info    0x00000000000046e3     0x1f2b zephyr/libzephyr.a(heap.c.obj)
 .debug_info    0x000000000000660e       0x38 zephyr/libzephyr.a(configs.c.obj)
 .debug_info    0x0000000000006646      0xadf zephyr/libzephyr.a(soc.c.obj)
 .debug_info    0x0000000000007125      0xdb4 zephyr/libzephyr.a(uart_console.c.obj)
 .debug_info    0x0000000000007ed9     0x198e zephyr/libzephyr.a(intc_exti_stm32.c.obj)
 .debug_info    0x0000000000009867     0x1549 zephyr/libzephyr.a(clock_stm32_ll_common.c.obj)
 .debug_info    0x000000000000adb0      0xb8d zephyr/libzephyr.a(clock_stm32f2_f4_f7.c.obj)
 .debug_info    0x000000000000b93d      0xf75 zephyr/libzephyr.a(pinmux_stm32.c.obj)
 .debug_info    0x000000000000c8b2      0xb47 zephyr/libzephyr.a(sys_clock_init.c.obj)
 .debug_info    0x000000000000d3f9     0x1501 zephyr/libzephyr.a(cortex_m_systick.c.obj)
 .debug_info    0x000000000000e8fa      0x2c3 zephyr/arch/common/libarch__common.a(isr_tables.c.obj)
 .debug_info    0x000000000000ebbd      0xb7a zephyr/arch/arch/arm/core/aarch32/libarch__arm__core__aarch32.a(swap.c.obj)
 .debug_info    0x000000000000f737       0x22 zephyr/arch/arch/arm/core/aarch32/libarch__arm__core__aarch32.a(swap_helper.S.obj)
 .debug_info    0x000000000000f759     0x105e zephyr/arch/arch/arm/core/aarch32/libarch__arm__core__aarch32.a(irq_manage.c.obj)
 .debug_info    0x00000000000107b7      0xce0 zephyr/arch/arch/arm/core/aarch32/libarch__arm__core__aarch32.a(thread.c.obj)
 .debug_info    0x0000000000011497       0x22 zephyr/arch/arch/arm/core/aarch32/libarch__arm__core__aarch32.a(cpu_idle.S.obj)
 .debug_info    0x00000000000114b9      0xe5d zephyr/arch/arch/arm/core/aarch32/libarch__arm__core__aarch32.a(fatal.c.obj)
 .debug_info    0x0000000000012316      0x920 zephyr/arch/arch/arm/core/aarch32/libarch__arm__core__aarch32.a(nmi.c.obj)
 .debug_info    0x0000000000012c36       0x26 zephyr/arch/arch/arm/core/aarch32/libarch__arm__core__aarch32.a(nmi_on_reset.S.obj)
 .debug_info    0x0000000000012c5c      0xe65 zephyr/arch/arch/arm/core/aarch32/libarch__arm__core__aarch32.a(prep_c.c.obj)
 .debug_info    0x0000000000013ac1       0x26 zephyr/arch/arch/arm/core/aarch32/libarch__arm__core__aarch32.a(isr_wrapper.S.obj)
 .debug_info    0x0000000000013ae7       0x26 zephyr/arch/arch/arm/core/aarch32/cortex_m/libarch__arm__core__aarch32__cortex_m.a(reset.S.obj)
 .debug_info    0x0000000000013b0d       0x26 zephyr/arch/arch/arm/core/aarch32/cortex_m/libarch__arm__core__aarch32__cortex_m.a(fault_s.S.obj)
 .debug_info    0x0000000000013b33     0x17dd zephyr/arch/arch/arm/core/aarch32/cortex_m/libarch__arm__core__aarch32__cortex_m.a(fault.c.obj)
 .debug_info    0x0000000000015310       0x26 zephyr/arch/arch/arm/core/aarch32/cortex_m/libarch__arm__core__aarch32__cortex_m.a(exc_exit.S.obj)
 .debug_info    0x0000000000015336      0x7fb zephyr/arch/arch/arm/core/aarch32/cortex_m/libarch__arm__core__aarch32__cortex_m.a(irq_init.c.obj)
 .debug_info    0x0000000000015b31      0xc4c zephyr/arch/arch/arm/core/aarch32/cortex_m/libarch__arm__core__aarch32__cortex_m.a(thread_abort.c.obj)
 .debug_info    0x000000000001677d      0xd31 zephyr/arch/arch/arm/core/aarch32/cortex_m/mpu/libarch__arm__core__aarch32__cortex_m__mpu.a(arm_core_mpu.c.obj)
 .debug_info    0x00000000000174ae     0x1608 zephyr/arch/arch/arm/core/aarch32/cortex_m/mpu/libarch__arm__core__aarch32__cortex_m__mpu.a(arm_mpu.c.obj)
 .debug_info    0x0000000000018ab6      0x70d zephyr/lib/libc/minimal/liblib__libc__minimal.a(string.c.obj)
 .debug_info    0x00000000000191c3      0x691 zephyr/lib/libc/minimal/liblib__libc__minimal.a(stdout_console.c.obj)
 .debug_info    0x0000000000019854      0x23c zephyr/soc/arm/common/cortex_m/libsoc__arm__common__cortex_m.a(arm_mpu_regions.c.obj)
 .debug_info    0x0000000000019a90      0xab4 zephyr/boards/arm/stm32f4_disco/libboards__arm__stm32f4_disco.a(pinmux.c.obj)
 .debug_info    0x000000000001a544     0x2da0 zephyr/drivers/gpio/libdrivers__gpio.a(gpio_stm32.c.obj)
 .debug_info    0x000000000001d2e4     0x1936 zephyr/drivers/pwm/libdrivers__pwm.a(pwm_stm32.c.obj)
 .debug_info    0x000000000001ec1a     0x2596 zephyr/drivers/serial/libdrivers__serial.a(uart_stm32.c.obj)
 .debug_info    0x00000000000211b0      0x58e modules/stm32/stm32cube/lib..__modules__hal__stm32__stm32cube.a(system_stm32f4xx.c.obj)
 .debug_info    0x000000000002173e     0x3c1f modules/stm32/stm32cube/lib..__modules__hal__stm32__stm32cube.a(stm32f4xx_hal_tim.c.obj)
 .debug_info    0x000000000002535d      0xd9f modules/stm32/stm32cube/lib..__modules__hal__stm32__stm32cube.a(stm32f4xx_ll_utils.c.obj)
 .debug_info    0x00000000000260fc      0xb33 zephyr/kernel/libkernel.a(device.c.obj)
 .debug_info    0x0000000000026c2f      0x97c zephyr/kernel/libkernel.a(errno.c.obj)
 .debug_info    0x00000000000275ab     0x1490 zephyr/kernel/libkernel.a(fatal.c.obj)
 .debug_info    0x0000000000028a3b     0x1e54 zephyr/kernel/libkernel.a(init.c.obj)
 .debug_info    0x000000000002a88f     0x5742 zephyr/kernel/libkernel.a(sched.c.obj)
 .debug_info    0x000000000002ffd1     0x17d4 zephyr/kernel/libkernel.a(thread.c.obj)
 .debug_info    0x00000000000317a5     0x1d02 zephyr/kernel/libkernel.a(timeout.c.obj)
 .debug_info    0x00000000000334a7      0xa82 zephyr/kernel/libkernel.a(idle.c.obj)
 .debug_info    0x0000000000033f29     0x116a zephyr/kernel/libkernel.a(kheap.c.obj)
 .debug_info    0x0000000000035093      0x930 zephyr/CMakeFiles/offsets.dir/./arch/arm/core/offsets/offsets.c.obj

.debug_abbrev   0x0000000000000000     0x9a21
 *(SORT_BY_ALIGNMENT(.debug_abbrev))
 .debug_abbrev  0x0000000000000000      0x111 zephyr/CMakeFiles/zephyr_final.dir/isr_tables.c.obj
 .debug_abbrev  0x0000000000000111      0x481 app/libapp.a(main.c.obj)
 .debug_abbrev  0x0000000000000592      0x3fa zephyr/libzephyr.a(fdtable.c.obj)
 .debug_abbrev  0x000000000000098c      0x520 zephyr/libzephyr.a(printk.c.obj)
 .debug_abbrev  0x0000000000000eac      0x283 zephyr/libzephyr.a(thread_entry.c.obj)
 .debug_abbrev  0x000000000000112f      0x3d6 zephyr/libzephyr.a(heap.c.obj)
 .debug_abbrev  0x0000000000001505       0x2e zephyr/libzephyr.a(configs.c.obj)
 .debug_abbrev  0x0000000000001533      0x2bd zephyr/libzephyr.a(soc.c.obj)
 .debug_abbrev  0x00000000000017f0      0x3a0 zephyr/libzephyr.a(uart_console.c.obj)
 .debug_abbrev  0x0000000000001b90      0x503 zephyr/libzephyr.a(intc_exti_stm32.c.obj)
 .debug_abbrev  0x0000000000002093      0x490 zephyr/libzephyr.a(clock_stm32_ll_common.c.obj)
 .debug_abbrev  0x0000000000002523      0x264 zephyr/libzephyr.a(clock_stm32f2_f4_f7.c.obj)
 .debug_abbrev  0x0000000000002787      0x34f zephyr/libzephyr.a(pinmux_stm32.c.obj)
 .debug_abbrev  0x0000000000002ad6      0x28c zephyr/libzephyr.a(sys_clock_init.c.obj)
 .debug_abbrev  0x0000000000002d62      0x432 zephyr/libzephyr.a(cortex_m_systick.c.obj)
 .debug_abbrev  0x0000000000003194      0x111 zephyr/arch/common/libarch__common.a(isr_tables.c.obj)
 .debug_abbrev  0x00000000000032a5      0x251 zephyr/arch/arch/arm/core/aarch32/libarch__arm__core__aarch32.a(swap.c.obj)
 .debug_abbrev  0x00000000000034f6       0x12 zephyr/arch/arch/arm/core/aarch32/libarch__arm__core__aarch32.a(swap_helper.S.obj)
 .debug_abbrev  0x0000000000003508      0x335 zephyr/arch/arch/arm/core/aarch32/libarch__arm__core__aarch32.a(irq_manage.c.obj)
 .debug_abbrev  0x000000000000383d      0x2fc zephyr/arch/arch/arm/core/aarch32/libarch__arm__core__aarch32.a(thread.c.obj)
 .debug_abbrev  0x0000000000003b39       0x12 zephyr/arch/arch/arm/core/aarch32/libarch__arm__core__aarch32.a(cpu_idle.S.obj)
 .debug_abbrev  0x0000000000003b4b      0x396 zephyr/arch/arch/arm/core/aarch32/libarch__arm__core__aarch32.a(fatal.c.obj)
 .debug_abbrev  0x0000000000003ee1      0x1e6 zephyr/arch/arch/arm/core/aarch32/libarch__arm__core__aarch32.a(nmi.c.obj)
 .debug_abbrev  0x00000000000040c7       0x14 zephyr/arch/arch/arm/core/aarch32/libarch__arm__core__aarch32.a(nmi_on_reset.S.obj)
 .debug_abbrev  0x00000000000040db      0x2ef zephyr/arch/arch/arm/core/aarch32/libarch__arm__core__aarch32.a(prep_c.c.obj)
 .debug_abbrev  0x00000000000043ca       0x14 zephyr/arch/arch/arm/core/aarch32/libarch__arm__core__aarch32.a(isr_wrapper.S.obj)
 .debug_abbrev  0x00000000000043de       0x14 zephyr/arch/arch/arm/core/aarch32/cortex_m/libarch__arm__core__aarch32__cortex_m.a(reset.S.obj)
 .debug_abbrev  0x00000000000043f2       0x14 zephyr/arch/arch/arm/core/aarch32/cortex_m/libarch__arm__core__aarch32__cortex_m.a(fault_s.S.obj)
 .debug_abbrev  0x0000000000004406      0x46e zephyr/arch/arch/arm/core/aarch32/cortex_m/libarch__arm__core__aarch32__cortex_m.a(fault.c.obj)
 .debug_abbrev  0x0000000000004874       0x14 zephyr/arch/arch/arm/core/aarch32/cortex_m/libarch__arm__core__aarch32__cortex_m.a(exc_exit.S.obj)
 .debug_abbrev  0x0000000000004888      0x1e6 zephyr/arch/arch/arm/core/aarch32/cortex_m/libarch__arm__core__aarch32__cortex_m.a(irq_init.c.obj)
 .debug_abbrev  0x0000000000004a6e      0x2ed zephyr/arch/arch/arm/core/aarch32/cortex_m/libarch__arm__core__aarch32__cortex_m.a(thread_abort.c.obj)
 .debug_abbrev  0x0000000000004d5b      0x223 zephyr/arch/arch/arm/core/aarch32/cortex_m/mpu/libarch__arm__core__aarch32__cortex_m__mpu.a(arm_core_mpu.c.obj)
 .debug_abbrev  0x0000000000004f7e      0x4fc zephyr/arch/arch/arm/core/aarch32/cortex_m/mpu/libarch__arm__core__aarch32__cortex_m__mpu.a(arm_mpu.c.obj)
 .debug_abbrev  0x000000000000547a      0x1a2 zephyr/lib/libc/minimal/liblib__libc__minimal.a(string.c.obj)
 .debug_abbrev  0x000000000000561c      0x25a zephyr/lib/libc/minimal/liblib__libc__minimal.a(stdout_console.c.obj)
 .debug_abbrev  0x0000000000005876       0xe2 zephyr/soc/arm/common/cortex_m/libsoc__arm__common__cortex_m.a(arm_mpu_regions.c.obj)
 .debug_abbrev  0x0000000000005958      0x242 zephyr/boards/arm/stm32f4_disco/libboards__arm__stm32f4_disco.a(pinmux.c.obj)
 .debug_abbrev  0x0000000000005b9a      0x53d zephyr/drivers/gpio/libdrivers__gpio.a(gpio_stm32.c.obj)
 .debug_abbrev  0x00000000000060d7      0x42f zephyr/drivers/pwm/libdrivers__pwm.a(pwm_stm32.c.obj)
 .debug_abbrev  0x0000000000006506      0x550 zephyr/drivers/serial/libdrivers__serial.a(uart_stm32.c.obj)
 .debug_abbrev  0x0000000000006a56      0x148 modules/stm32/stm32cube/lib..__modules__hal__stm32__stm32cube.a(system_stm32f4xx.c.obj)
 .debug_abbrev  0x0000000000006b9e      0x376 modules/stm32/stm32cube/lib..__modules__hal__stm32__stm32cube.a(stm32f4xx_hal_tim.c.obj)
 .debug_abbrev  0x0000000000006f14      0x2fa modules/stm32/stm32cube/lib..__modules__hal__stm32__stm32cube.a(stm32f4xx_ll_utils.c.obj)
 .debug_abbrev  0x000000000000720e      0x2cf zephyr/kernel/libkernel.a(device.c.obj)
 .debug_abbrev  0x00000000000074dd      0x1e2 zephyr/kernel/libkernel.a(errno.c.obj)
 .debug_abbrev  0x00000000000076bf      0x43c zephyr/kernel/libkernel.a(fatal.c.obj)
 .debug_abbrev  0x0000000000007afb      0x5e2 zephyr/kernel/libkernel.a(init.c.obj)
 .debug_abbrev  0x00000000000080dd      0x65c zephyr/kernel/libkernel.a(sched.c.obj)
 .debug_abbrev  0x0000000000008739      0x57d zephyr/kernel/libkernel.a(thread.c.obj)
 .debug_abbrev  0x0000000000008cb6      0x4f7 zephyr/kernel/libkernel.a(timeout.c.obj)
 .debug_abbrev  0x00000000000091ad      0x2bd zephyr/kernel/libkernel.a(idle.c.obj)
 .debug_abbrev  0x000000000000946a      0x3e0 zephyr/kernel/libkernel.a(kheap.c.obj)
 .debug_abbrev  0x000000000000984a      0x1d7 zephyr/CMakeFiles/offsets.dir/./arch/arm/core/offsets/offsets.c.obj

.debug_line     0x0000000000000000    0x1665f
 *(SORT_BY_ALIGNMENT(.debug_line) SORT_BY_ALIGNMENT(.debug_line.*) SORT_BY_ALIGNMENT(.debug_line_end))
 .debug_line    0x0000000000000000      0x1ed zephyr/CMakeFiles/zephyr_final.dir/isr_tables.c.obj
 .debug_line    0x00000000000001ed      0x7d2 app/libapp.a(main.c.obj)
 .debug_line    0x00000000000009bf      0x61e zephyr/libzephyr.a(fdtable.c.obj)
 .debug_line    0x0000000000000fdd      0x956 zephyr/libzephyr.a(printk.c.obj)
 .debug_line    0x0000000000001933      0x3a1 zephyr/libzephyr.a(thread_entry.c.obj)
 .debug_line    0x0000000000001cd4      0xc73 zephyr/libzephyr.a(heap.c.obj)
 .debug_line    0x0000000000002947      0x111 zephyr/libzephyr.a(configs.c.obj)
 .debug_line    0x0000000000002a58      0x398 zephyr/libzephyr.a(soc.c.obj)
 .debug_line    0x0000000000002df0      0x46c zephyr/libzephyr.a(uart_console.c.obj)
 .debug_line    0x000000000000325c      0x873 zephyr/libzephyr.a(intc_exti_stm32.c.obj)
 .debug_line    0x0000000000003acf      0x75a zephyr/libzephyr.a(clock_stm32_ll_common.c.obj)
 .debug_line    0x0000000000004229      0x3e9 zephyr/libzephyr.a(clock_stm32f2_f4_f7.c.obj)
 .debug_line    0x0000000000004612      0x53f zephyr/libzephyr.a(pinmux_stm32.c.obj)
 .debug_line    0x0000000000004b51      0x39f zephyr/libzephyr.a(sys_clock_init.c.obj)
 .debug_line    0x0000000000004ef0      0x86e zephyr/libzephyr.a(cortex_m_systick.c.obj)
 .debug_line    0x000000000000575e      0x215 zephyr/arch/common/libarch__common.a(isr_tables.c.obj)
 .debug_line    0x0000000000005973      0x3ea zephyr/arch/arch/arm/core/aarch32/libarch__arm__core__aarch32.a(swap.c.obj)
 .debug_line    0x0000000000005d5d       0xc4 zephyr/arch/arch/arm/core/aarch32/libarch__arm__core__aarch32.a(swap_helper.S.obj)
 .debug_line    0x0000000000005e21      0x497 zephyr/arch/arch/arm/core/aarch32/libarch__arm__core__aarch32.a(irq_manage.c.obj)
 .debug_line    0x00000000000062b8      0x4ae zephyr/arch/arch/arm/core/aarch32/libarch__arm__core__aarch32.a(thread.c.obj)
 .debug_line    0x0000000000006766       0xa9 zephyr/arch/arch/arm/core/aarch32/libarch__arm__core__aarch32.a(cpu_idle.S.obj)
 .debug_line    0x000000000000680f      0x415 zephyr/arch/arch/arm/core/aarch32/libarch__arm__core__aarch32.a(fatal.c.obj)
 .debug_line    0x0000000000006c24      0x34d zephyr/arch/arch/arm/core/aarch32/libarch__arm__core__aarch32.a(nmi.c.obj)
 .debug_line    0x0000000000006f71       0x78 zephyr/arch/arch/arm/core/aarch32/libarch__arm__core__aarch32.a(nmi_on_reset.S.obj)
 .debug_line    0x0000000000006fe9      0x467 zephyr/arch/arch/arm/core/aarch32/libarch__arm__core__aarch32.a(prep_c.c.obj)
 .debug_line    0x0000000000007450       0x8f zephyr/arch/arch/arm/core/aarch32/libarch__arm__core__aarch32.a(isr_wrapper.S.obj)
 .debug_line    0x00000000000074df       0x8a zephyr/arch/arch/arm/core/aarch32/cortex_m/libarch__arm__core__aarch32__cortex_m.a(reset.S.obj)
 .debug_line    0x0000000000007569       0x81 zephyr/arch/arch/arm/core/aarch32/cortex_m/libarch__arm__core__aarch32__cortex_m.a(fault_s.S.obj)
 .debug_line    0x00000000000075ea      0x83a zephyr/arch/arch/arm/core/aarch32/cortex_m/libarch__arm__core__aarch32__cortex_m.a(fault.c.obj)
 .debug_line    0x0000000000007e24       0x8b zephyr/arch/arch/arm/core/aarch32/cortex_m/libarch__arm__core__aarch32__cortex_m.a(exc_exit.S.obj)
 .debug_line    0x0000000000007eaf      0x2db zephyr/arch/arch/arm/core/aarch32/cortex_m/libarch__arm__core__aarch32__cortex_m.a(irq_init.c.obj)
 .debug_line    0x000000000000818a      0x45c zephyr/arch/arch/arm/core/aarch32/cortex_m/libarch__arm__core__aarch32__cortex_m.a(thread_abort.c.obj)
 .debug_line    0x00000000000085e6      0x403 zephyr/arch/arch/arm/core/aarch32/cortex_m/mpu/libarch__arm__core__aarch32__cortex_m__mpu.a(arm_core_mpu.c.obj)
 .debug_line    0x00000000000089e9      0x834 zephyr/arch/arch/arm/core/aarch32/cortex_m/mpu/libarch__arm__core__aarch32__cortex_m__mpu.a(arm_mpu.c.obj)
 .debug_line    0x000000000000921d      0x56e zephyr/lib/libc/minimal/liblib__libc__minimal.a(string.c.obj)
 .debug_line    0x000000000000978b      0x2f1 zephyr/lib/libc/minimal/liblib__libc__minimal.a(stdout_console.c.obj)
 .debug_line    0x0000000000009a7c      0x209 zephyr/soc/arm/common/cortex_m/libsoc__arm__common__cortex_m.a(arm_mpu_regions.c.obj)
 .debug_line    0x0000000000009c85      0x39c zephyr/boards/arm/stm32f4_disco/libboards__arm__stm32f4_disco.a(pinmux.c.obj)
 .debug_line    0x000000000000a021      0xf94 zephyr/drivers/gpio/libdrivers__gpio.a(gpio_stm32.c.obj)
 .debug_line    0x000000000000afb5      0x6e6 zephyr/drivers/pwm/libdrivers__pwm.a(pwm_stm32.c.obj)
 .debug_line    0x000000000000b69b      0xb9e zephyr/drivers/serial/libdrivers__serial.a(uart_stm32.c.obj)
 .debug_line    0x000000000000c239      0x267 modules/stm32/stm32cube/lib..__modules__hal__stm32__stm32cube.a(system_stm32f4xx.c.obj)
 .debug_line    0x000000000000c4a0     0x32ce modules/stm32/stm32cube/lib..__modules__hal__stm32__stm32cube.a(stm32f4xx_hal_tim.c.obj)
 .debug_line    0x000000000000f76e      0x832 modules/stm32/stm32cube/lib..__modules__hal__stm32__stm32cube.a(stm32f4xx_ll_utils.c.obj)
 .debug_line    0x000000000000ffa0      0x451 zephyr/kernel/libkernel.a(device.c.obj)
 .debug_line    0x00000000000103f1      0x365 zephyr/kernel/libkernel.a(errno.c.obj)
 .debug_line    0x0000000000010756      0x5bf zephyr/kernel/libkernel.a(fatal.c.obj)
 .debug_line    0x0000000000010d15      0x879 zephyr/kernel/libkernel.a(init.c.obj)
 .debug_line    0x000000000001158e     0x2a54 zephyr/kernel/libkernel.a(sched.c.obj)
 .debug_line    0x0000000000013fe2      0x9ad zephyr/kernel/libkernel.a(thread.c.obj)
 .debug_line    0x000000000001498f      0xe56 zephyr/kernel/libkernel.a(timeout.c.obj)
 .debug_line    0x00000000000157e5      0x461 zephyr/kernel/libkernel.a(idle.c.obj)
 .debug_line    0x0000000000015c46      0x626 zephyr/kernel/libkernel.a(kheap.c.obj)
 .debug_line    0x000000000001626c      0x3f3 zephyr/CMakeFiles/offsets.dir/./arch/arm/core/offsets/offsets.c.obj

.debug_frame    0x0000000000000000     0x2660
 *(SORT_BY_ALIGNMENT(.debug_frame))
 .debug_frame   0x0000000000000000       0xa8 app/libapp.a(main.c.obj)
 .debug_frame   0x00000000000000a8       0xb4 zephyr/libzephyr.a(fdtable.c.obj)
 .debug_frame   0x000000000000015c      0x19c zephyr/libzephyr.a(printk.c.obj)
 .debug_frame   0x00000000000002f8       0x28 zephyr/libzephyr.a(thread_entry.c.obj)
 .debug_frame   0x0000000000000320      0x164 zephyr/libzephyr.a(heap.c.obj)
 .debug_frame   0x0000000000000484       0x20 zephyr/libzephyr.a(configs.c.obj)
 .debug_frame   0x00000000000004a4       0x20 zephyr/libzephyr.a(soc.c.obj)
 .debug_frame   0x00000000000004c4       0x44 zephyr/libzephyr.a(uart_console.c.obj)
 .debug_frame   0x0000000000000508      0x158 zephyr/libzephyr.a(intc_exti_stm32.c.obj)