Archive member included to satisfy reference by file (symbol)

app/libapp.a(main.c.obj)      (--whole-archive)
app/libapp.a(test.c.obj)      (--whole-archive)
zephyr/libzephyr.a(crc32_sw.c.obj)
                              (--whole-archive)
zephyr/libzephyr.a(crc16_sw.c.obj)
                              (--whole-archive)
zephyr/libzephyr.a(crc8_sw.c.obj)
                              (--whole-archive)
zephyr/libzephyr.a(crc7_sw.c.obj)
                              (--whole-archive)
zephyr/libzephyr.a(dec.c.obj)
                              (--whole-archive)
zephyr/libzephyr.a(fdtable.c.obj)
                              (--whole-archive)
zephyr/libzephyr.a(hex.c.obj)
                              (--whole-archive)
zephyr/libzephyr.a(mempool.c.obj)
                              (--whole-archive)
zephyr/libzephyr.a(notify.c.obj)
                              (--whole-archive)
zephyr/libzephyr.a(printk.c.obj)
                              (--whole-archive)
zephyr/libzephyr.a(onoff.c.obj)
                              (--whole-archive)
zephyr/libzephyr.a(rb.c.obj)  (--whole-archive)
zephyr/libzephyr.a(sem.c.obj)
                              (--whole-archive)
zephyr/libzephyr.a(thread_entry.c.obj)
                              (--whole-archive)
zephyr/libzephyr.a(timeutil.c.obj)
                              (--whole-archive)
zephyr/libzephyr.a(work_q.c.obj)
                              (--whole-archive)
zephyr/libzephyr.a(heap.c.obj)
                              (--whole-archive)
zephyr/libzephyr.a(heap-validate.c.obj)
                              (--whole-archive)
zephyr/libzephyr.a(configs.c.obj)
                              (--whole-archive)
zephyr/libzephyr.a(soc.c.obj)
                              (--whole-archive)
zephyr/libzephyr.a(stm32cube_hal.c.obj)
                              (--whole-archive)
zephyr/libzephyr.a(uart_console.c.obj)
                              (--whole-archive)
zephyr/libzephyr.a(intc_exti_stm32.c.obj)
                              (--whole-archive)
zephyr/libzephyr.a(clock_stm32_ll_common.c.obj)
                              (--whole-archive)
zephyr/libzephyr.a(clock_stm32f2_f4_f7.c.obj)
                              (--whole-archive)
zephyr/libzephyr.a(pinmux_stm32.c.obj)
                              (--whole-archive)
zephyr/libzephyr.a(sys_clock_init.c.obj)
                              (--whole-archive)
zephyr/libzephyr.a(cortex_m_systick.c.obj)
                              (--whole-archive)
zephyr/arch/common/libarch__common.a(isr_tables.c.obj)
                              (--whole-archive)
zephyr/arch/common/libarch__common.a(sw_isr_common.c.obj)
                              (--whole-archive)
zephyr/arch/arch/arm/core/aarch32/libarch__arm__core__aarch32.a(swap.c.obj)
                              (--whole-archive)
zephyr/arch/arch/arm/core/aarch32/libarch__arm__core__aarch32.a(swap_helper.S.obj)
                              (--whole-archive)
zephyr/arch/arch/arm/core/aarch32/libarch__arm__core__aarch32.a(irq_manage.c.obj)
                              (--whole-archive)
zephyr/arch/arch/arm/core/aarch32/libarch__arm__core__aarch32.a(thread.c.obj)
                              (--whole-archive)
zephyr/arch/arch/arm/core/aarch32/libarch__arm__core__aarch32.a(cpu_idle.S.obj)
                              (--whole-archive)
zephyr/arch/arch/arm/core/aarch32/libarch__arm__core__aarch32.a(fatal.c.obj)
                              (--whole-archive)
zephyr/arch/arch/arm/core/aarch32/libarch__arm__core__aarch32.a(nmi.c.obj)
                              (--whole-archive)
zephyr/arch/arch/arm/core/aarch32/libarch__arm__core__aarch32.a(nmi_on_reset.S.obj)
                              (--whole-archive)
zephyr/arch/arch/arm/core/aarch32/libarch__arm__core__aarch32.a(prep_c.c.obj)
                              (--whole-archive)
zephyr/arch/arch/arm/core/aarch32/libarch__arm__core__aarch32.a(isr_wrapper.S.obj)
                              (--whole-archive)
zephyr/arch/arch/arm/core/aarch32/cortex_m/libarch__arm__core__aarch32__cortex_m.a(vector_table.S.obj)
                              (--whole-archive)
zephyr/arch/arch/arm/core/aarch32/cortex_m/libarch__arm__core__aarch32__cortex_m.a(reset.S.obj)
                              (--whole-archive)
zephyr/arch/arch/arm/core/aarch32/cortex_m/libarch__arm__core__aarch32__cortex_m.a(fault_s.S.obj)
                              (--whole-archive)
zephyr/arch/arch/arm/core/aarch32/cortex_m/libarch__arm__core__aarch32__cortex_m.a(fault.c.obj)
                              (--whole-archive)
zephyr/arch/arch/arm/core/aarch32/cortex_m/libarch__arm__core__aarch32__cortex_m.a(exc_exit.S.obj)
                              (--whole-archive)
zephyr/arch/arch/arm/core/aarch32/cortex_m/libarch__arm__core__aarch32__cortex_m.a(scb.c.obj)
                              (--whole-archive)
zephyr/arch/arch/arm/core/aarch32/cortex_m/libarch__arm__core__aarch32__cortex_m.a(irq_init.c.obj)
                              (--whole-archive)
[...]
Memory Configuration

Name             Origin             Length             Attributes
FLASH            0x0000000008000000 0x0000000000100000 xr
CCM              0x0000000010000000 0x0000000000010000 rw
SRAM             0x0000000020000000 0x0000000000020000 xw
IDT_LIST         0x0000000020020000 0x0000000000000800 xw
*default*        0x0000000000000000 0xffffffffffffffff

Linker script and memory map

LOAD zephyr/CMakeFiles/zephyr_final.dir/misc/empty_file.c.obj
LOAD zephyr/CMakeFiles/zephyr_final.dir/isr_tables.c.obj
                0x0000000000000020                _region_min_align = 0x20

.rel.plt        0x0000000008000000        0x0
 *(SORT_BY_ALIGNMENT(.rel.plt))
                [!provide]                        PROVIDE (__rel_iplt_start = .)
 *(SORT_BY_ALIGNMENT(.rel.iplt))
 .rel.iplt      0x0000000008000000        0x0 zephyr/CMakeFiles/zephyr_final.dir/isr_tables.c.obj
                [!provide]                        PROVIDE (__rel_iplt_end = .)

.rela.plt       0x0000000000000000        0x0
 *(SORT_BY_ALIGNMENT(.rela.plt))
                [!provide]                        PROVIDE (__rela_iplt_start = .)
 *(SORT_BY_ALIGNMENT(.rela.iplt))
                [!provide]                        PROVIDE (__rela_iplt_end = .)

.rel.dyn
 *(SORT_BY_ALIGNMENT(.rel.*))

.rela.dyn
 *(SORT_BY_ALIGNMENT(.rela.*))

/DISCARD/
 *(SORT_BY_ALIGNMENT(.plt))
 *(SORT_BY_ALIGNMENT(.iplt))
 *(SORT_BY_ALIGNMENT(.got.plt))
 *(SORT_BY_ALIGNMENT(.igot.plt))
 *(SORT_BY_ALIGNMENT(.got))
 *(SORT_BY_ALIGNMENT(.igot))
 *(SORT_BY_ALIGNMENT(.irq_info))
 *(SORT_BY_ALIGNMENT(.intList))
 *(SORT_BY_ALIGNMENT(.note.GNU-stack))
                0x0000000008000000                _image_rom_start = 0x8000000

rom_start       0x0000000008000000      0x188
                0x0000000000000000                . = 0x0
                0x0000000000000000                . = ALIGN (0x4)
                0x0000000008000000                _vector_start = .
 *(SORT_BY_ALIGNMENT(.exc_vector_table))
 *(SORT_BY_ALIGNMENT(.exc_vector_table.*))
 .exc_vector_table._vector_table_section
                0x0000000008000000       0x40 zephyr/arch/arch/arm/core/aarch32/cortex_m/libarch__arm__core__aarch32__cortex_m.a(vector_table.S.obj)
                0x0000000008000000                _vector_table
 *(SORT_BY_ALIGNMENT(.gnu.linkonce.irq_vector_table))
 .gnu.linkonce.irq_vector_table
                0x0000000008000040      0x148 zephyr/CMakeFiles/zephyr_final.dir/isr_tables.c.obj
                0x0000000008000040                _irq_vector_table
 *(SORT_BY_ALIGNMENT(.vectors))
                0x0000000008000188                _vector_end = .
 *(SORT_BY_ALIGNMENT(.openocd_dbg))
 *(SORT_BY_ALIGNMENT(.openocd_dbg.*))

text            0x0000000008000188     0x3c9a
                0x0000000008000188                _image_text_start = .
 *(SORT_BY_ALIGNMENT(.text))
 .text          0x0000000008000188       0x30 /home/mateusz/zephyr-sdk-0.11.2/arm-zephyr-eabi/bin/../lib/gcc/arm-zephyr-eabi/9.2.0/thumb/v7e-m/nofp/libgcc.a(_aeabi_uldivmod.o)
                0x0000000008000188                __aeabi_uldivmod
 .text          0x00000000080001b8      0x2c4 /home/mateusz/zephyr-sdk-0.11.2/arm-zephyr-eabi/bin/../lib/gcc/arm-zephyr-eabi/9.2.0/thumb/v7e-m/nofp/libgcc.a(_udivmoddi4.o)
                0x00000000080001b8                __udivmoddi4
 .text          0x000000000800047c        0x4 /home/mateusz/zephyr-sdk-0.11.2/arm-zephyr-eabi/bin/../lib/gcc/arm-zephyr-eabi/9.2.0/thumb/v7e-m/nofp/libgcc.a(_dvmd_tls.o)
                0x000000000800047c                __aeabi_ldiv0
                0x000000000800047c                __aeabi_idiv0
 *(SORT_BY_ALIGNMENT(.text.*))
 .text.spi_init
                0x0000000008000480       0x1c app/libapp.a(main.c.obj)
                0x0000000008000480                spi_init
 .text.gpio_init
                0x000000000800049c       0x5c app/libapp.a(main.c.obj)
                0x000000000800049c                gpio_init
 .text.begin_trans
                0x00000000080004f8       0x1c app/libapp.a(main.c.obj)
                0x00000000080004f8                begin_trans
 .text.end_trans
                0x0000000008000514       0x1c app/libapp.a(main.c.obj)
                0x0000000008000514                end_trans
 .text.spi_send
                0x0000000008000530       0x6c app/libapp.a(main.c.obj)
                0x0000000008000530                spi_send
 .text.init_nrf
                0x000000000800059c       0xa8 app/libapp.a(main.c.obj)
                0x000000000800059c                init_nrf
 .text.dupa     0x0000000008000644        0xc app/libapp.a(main.c.obj)
                0x0000000008000644                dupa
 .text.main     0x0000000008000650       0x6c app/libapp.a(main.c.obj)
                0x0000000008000650                main
 .text.char_out
                0x00000000080006bc       0x10 zephyr/libzephyr.a(printk.c.obj)
 .text._printk_dec_ulong
                0x00000000080006cc       0xa0 zephyr/libzephyr.a(printk.c.obj)
 .text.__printk_hook_install
                0x000000000800076c        0xc zephyr/libzephyr.a(printk.c.obj)
                0x000000000800076c                __printk_hook_install
 .text.z_vprintk
                0x0000000008000778      0x328 zephyr/libzephyr.a(printk.c.obj)
                0x0000000008000778                z_vprintk
 .text.vprintk  0x0000000008000aa0       0x1c zephyr/libzephyr.a(printk.c.obj)
                0x0000000008000aa0                vprintk
 .text.st_stm32f4_init
                0x0000000008000abc       0x2c zephyr/libzephyr.a(soc.c.obj)
 .text.uart_console_init
                0x0000000008000ae8       0x2c zephyr/libzephyr.a(uart_console.c.obj)
 .text.console_out
                0x0000000008000b14       0x28 zephyr/libzephyr.a(uart_console.c.obj)
 .text.__stm32_exti_isr
                0x0000000008000b3c       0x40 zephyr/libzephyr.a(intc_exti_stm32.c.obj)
 .text.stm32_exti_enable
                0x0000000008000b7c       0x1c zephyr/libzephyr.a(intc_exti_stm32.c.obj)
                0x0000000008000b7c                stm32_exti_enable
 .text.stm32_exti_disable
                0x0000000008000b98       0x1c zephyr/libzephyr.a(intc_exti_stm32.c.obj)
                0x0000000008000b98                stm32_exti_disable
 .text.stm32_exti_trigger
                0x0000000008000bb4       0x68 zephyr/libzephyr.a(intc_exti_stm32.c.obj)
                0x0000000008000bb4                stm32_exti_trigger
 .text.stm32_exti_set_callback
                0x0000000008000c1c       0x24 zephyr/libzephyr.a(intc_exti_stm32.c.obj)
                0x0000000008000c1c                stm32_exti_set_callback
 .text.stm32_exti_unset_callback
                0x0000000008000c40       0x18 zephyr/libzephyr.a(intc_exti_stm32.c.obj)
                0x0000000008000c40                stm32_exti_unset_callback
 .text.stm32_clock_control_on
                0x0000000008000c58       0x70 zephyr/libzephyr.a(clock_stm32_ll_common.c.obj)
 .text.stm32_clock_control_off
                0x0000000008000cc8       0x54 zephyr/libzephyr.a(clock_stm32_ll_common.c.obj)
 .text.stm32_clock_control_get_subsys_rate
                0x0000000008000d1c       0x28 zephyr/libzephyr.a(clock_stm32_ll_common.c.obj)
 .text.stm32_clock_control_init
                0x0000000008000d44       0x88 zephyr/libzephyr.a(clock_stm32_ll_common.c.obj)
 .text.config_enable_default_clocks
                0x0000000008000dcc       0x20 zephyr/libzephyr.a(clock_stm32f2_f4_f7.c.obj)
                0x0000000008000dcc                config_enable_default_clocks
 .text.z_pinmux_stm32_set
                0x0000000008000dec       0x5c zephyr/libzephyr.a(pinmux_stm32.c.obj)
                0x0000000008000dec                z_pinmux_stm32_set
 .text.stm32_setup_pins
                0x0000000008000e48       0x30 zephyr/libzephyr.a(pinmux_stm32.c.obj)
                0x0000000008000e48                stm32_setup_pins
 .text.elapsed  0x0000000008000e78       0x3c zephyr/libzephyr.a(cortex_m_systick.c.obj)
 .text.z_clock_isr
                0x0000000008000eb4       0x44 zephyr/libzephyr.a(cortex_m_systick.c.obj)
                0x0000000008000eb4                z_clock_isr
 .text.z_clock_driver_init
                0x0000000008000ef8       0x38 zephyr/libzephyr.a(cortex_m_systick.c.obj)
                0x0000000008000ef8                z_clock_driver_init
 .text.z_clock_set_timeout
                0x0000000008000f30       0xc8 zephyr/libzephyr.a(cortex_m_systick.c.obj)
                0x0000000008000f30                z_clock_set_timeout
 .text.z_clock_elapsed
                0x0000000008000ff8       0x3c zephyr/libzephyr.a(cortex_m_systick.c.obj)
                0x0000000008000ff8                z_clock_elapsed
 .text.z_timer_cycle_get_32
                0x0000000008001034       0x2c zephyr/libzephyr.a(cortex_m_systick.c.obj)
                0x0000000008001034                z_timer_cycle_get_32
 .text.arch_swap
                0x0000000008001060       0x34 zephyr/arch/arch/arm/core/aarch32/libarch__arm__core__aarch32.a(swap.c.obj)
                0x0000000008001060                arch_swap
 .text.z_arm_pendsv
                0x0000000008001094       0x48 zephyr/arch/arch/arm/core/aarch32/libarch__arm__core__aarch32.a(swap_helper.S.obj)
                0x0000000008001094                z_arm_pendsv
 .text.z_arm_svc
                0x00000000080010dc       0x20 zephyr/arch/arch/arm/core/aarch32/libarch__arm__core__aarch32.a(swap_helper.S.obj)
                0x00000000080010dc                z_arm_svc
 .text.arch_irq_enable
                0x00000000080010fc       0x20 zephyr/arch/arch/arm/core/aarch32/libarch__arm__core__aarch32.a(irq_manage.c.obj)
                0x00000000080010fc                arch_irq_enable
 .text.z_arm_irq_priority_set
                0x000000000800111c       0x30 zephyr/arch/arch/arm/core/aarch32/libarch__arm__core__aarch32.a(irq_manage.c.obj)
                0x000000000800111c                z_arm_irq_priority_set
 .text.arch_new_thread
                0x000000000800114c       0x34 zephyr/arch/arch/arm/core/aarch32/libarch__arm__core__aarch32.a(thread.c.obj)
                0x000000000800114c                arch_new_thread
 .text.arch_switch_to_main_thread
                0x0000000008001180       0x38 zephyr/arch/arch/arm/core/aarch32/libarch__arm__core__aarch32.a(thread.c.obj)
                0x0000000008001180                arch_switch_to_main_thread
 .text.z_arm_cpu_idle_init
                0x00000000080011b8        0xc zephyr/arch/arch/arm/core/aarch32/libarch__arm__core__aarch32.a(cpu_idle.S.obj)
                0x00000000080011b8                z_arm_cpu_idle_init
 .text.arch_cpu_idle
                0x00000000080011c4       0x1c zephyr/arch/arch/arm/core/aarch32/libarch__arm__core__aarch32.a(cpu_idle.S.obj)
                0x00000000080011c4                arch_cpu_idle
 .text.z_SysNmiOnReset
                0x00000000080011e0        0x8 zephyr/arch/arch/arm/core/aarch32/libarch__arm__core__aarch32.a(nmi_on_reset.S.obj)
                0x00000000080011e0                z_SysNmiOnReset
 .text.z_arm_prep_c
                0x00000000080011e8       0x44 zephyr/arch/arch/arm/core/aarch32/libarch__arm__core__aarch32.a(prep_c.c.obj)
                0x00000000080011e8                z_arm_prep_c
 .text._isr_wrapper
                0x000000000800122c       0x28 zephyr/arch/arch/arm/core/aarch32/libarch__arm__core__aarch32.a(isr_wrapper.S.obj)
                0x000000000800122c                _isr_wrapper
 .text._reset_section
                0x0000000008001254       0x2c zephyr/arch/arch/arm/core/aarch32/cortex_m/libarch__arm__core__aarch32__cortex_m.a(reset.S.obj)
                0x0000000008001254                z_arm_reset
                0x0000000008001254                __start
 .text.__fault  0x0000000008001280       0x14 zephyr/arch/arch/arm/core/aarch32/cortex_m/libarch__arm__core__aarch32__cortex_m.a(fault_s.S.obj)
                0x0000000008001280                z_arm_bus_fault
                0x0000000008001280                z_arm_usage_fault
                0x0000000008001280                z_arm_mpu_fault
                0x0000000008001280                z_arm_exc_spurious
                0x0000000008001280                z_arm_debug_monitor
                0x0000000008001280                z_arm_hard_fault
 .text.mem_manage_fault.isra.0
                0x0000000008001294       0x38 zephyr/arch/arch/arm/core/aarch32/cortex_m/libarch__arm__core__aarch32__cortex_m.a(fault.c.obj)
 .text.bus_fault.isra.0
                0x00000000080012cc       0x3c zephyr/arch/arch/arm/core/aarch32/cortex_m/libarch__arm__core__aarch32__cortex_m.a(fault.c.obj)
 .text.usage_fault.isra.0
                0x0000000008001308       0x24 zephyr/arch/arch/arm/core/aarch32/cortex_m/libarch__arm__core__aarch32__cortex_m.a(fault.c.obj)
 .text.z_arm_fault
                0x000000000800132c       0xe8 zephyr/arch/arch/arm/core/aarch32/cortex_m/libarch__arm__core__aarch32__cortex_m.a(fault.c.obj)
                0x000000000800132c                z_arm_fault
 .text.z_arm_fault_init
                0x0000000008001414       0x10 zephyr/arch/arch/arm/core/aarch32/cortex_m/libarch__arm__core__aarch32__cortex_m.a(fault.c.obj)
                0x0000000008001414                z_arm_fault_init
 .text._HandlerModeExit
                0x0000000008001424       0x1c zephyr/arch/arch/arm/core/aarch32/cortex_m/libarch__arm__core__aarch32__cortex_m.a(exc_exit.S.obj)
                0x0000000008001424                z_arm_exc_exit
                0x0000000008001424                z_arm_int_exit
 .text.z_arm_interrupt_init
                0x0000000008001440       0x18 zephyr/arch/arch/arm/core/aarch32/cortex_m/libarch__arm__core__aarch32__cortex_m.a(irq_init.c.obj)
                0x0000000008001440                z_arm_interrupt_init
 .text.z_impl_k_thread_abort
                0x0000000008001458       0x4c zephyr/arch/arch/arm/core/aarch32/cortex_m/libarch__arm__core__aarch32__cortex_m.a(thread_abort.c.obj)
                0x0000000008001458                z_impl_k_thread_abort
 .text.z_arm_configure_static_mpu_regions
                0x00000000080014a4       0x38 zephyr/arch/arch/arm/core/aarch32/cortex_m/mpu/libarch__arm__core__aarch32__cortex_m__mpu.a(arm_core_mpu.c.obj)
                0x00000000080014a4                z_arm_configure_static_mpu_regions
 .text.mpu_configure_regions
                0x00000000080014dc       0x8c zephyr/arch/arch/arm/core/aarch32/cortex_m/mpu/libarch__arm__core__aarch32__cortex_m__mpu.a(arm_mpu.c.obj)
 .text.arm_core_mpu_enable
                0x0000000008001568       0x14 zephyr/arch/arch/arm/core/aarch32/cortex_m/mpu/libarch__arm__core__aarch32__cortex_m__mpu.a(arm_mpu.c.obj)
                0x0000000008001568                arm_core_mpu_enable
 .text.arm_core_mpu_disable
                0x000000000800157c       0x10 zephyr/arch/arch/arm/core/aarch32/cortex_m/mpu/libarch__arm__core__aarch32__cortex_m__mpu.a(arm_mpu.c.obj)
                0x000000000800157c                arm_core_mpu_disable
 .text.arm_mpu_init
                0x000000000800158c       0x5c zephyr/arch/arch/arm/core/aarch32/cortex_m/mpu/libarch__arm__core__aarch32__cortex_m__mpu.a(arm_mpu.c.obj)
 .text.arm_core_mpu_configure_static_mpu_regions
                0x00000000080015e8       0x14 zephyr/arch/arch/arm/core/aarch32/cortex_m/mpu/libarch__arm__core__aarch32__cortex_m__mpu.a(arm_mpu.c.obj)
                0x00000000080015e8                arm_core_mpu_configure_static_mpu_regions
 .text.__stdout_hook_install
                0x00000000080015fc        0xc zephyr/lib/libc/minimal/liblib__libc__minimal.a(stdout_console.c.obj)
                0x00000000080015fc                __stdout_hook_install
 .text.pinmux_stm32_init
                0x0000000008001608       0x14 zephyr/boards/arm/stm32f4_disco/libboards__arm__stm32f4_disco.a(pinmux.c.obj)
 .text.gpio_stm32_pin_interrupt_configure
                0x000000000800161c      0x134 zephyr/drivers/gpio/libdrivers__gpio.a(gpio_stm32.c.obj)
 .text.gpio_stm32_init
                0x0000000008001750       0x24 zephyr/drivers/gpio/libdrivers__gpio.a(gpio_stm32.c.obj)
 .text.pwm_stm32_pin_set
                0x0000000008001774       0xf8 zephyr/drivers/pwm/libdrivers__pwm.a(pwm_stm32.c.obj)
 .text.pwm_stm32_init
                0x000000000800186c       0x28 zephyr/drivers/pwm/libdrivers__pwm.a(pwm_stm32.c.obj)
 .text.spi_stm32_init
                0x0000000008001894       0x30 zephyr/drivers/spi/libdrivers__spi.a(spi_ll_stm32.c.obj)
 .text.spi_stm32_transceive
                0x00000000080018c4      0x470 zephyr/drivers/spi/libdrivers__spi.a(spi_ll_stm32.c.obj)
 .text.uart_stm32_irq_err_enable
                0x0000000008001d34       0x54 zephyr/drivers/serial/libdrivers__serial.a(uart_stm32.c.obj)
 .text.uart_stm32_irq_err_disable
                0x0000000008001d88       0x54 zephyr/drivers/serial/libdrivers__serial.a(uart_stm32.c.obj)
 .text.uart_stm32_configure
                0x0000000008001ddc      0x114 zephyr/drivers/serial/libdrivers__serial.a(uart_stm32.c.obj)
 .text.uart_stm32_init
                0x0000000008001ef0       0x84 zephyr/drivers/serial/libdrivers__serial.a(uart_stm32.c.obj)
 .text.TIM_OC1_SetConfig
                0x0000000008001f74       0x64 modules/stm32/stm32cube/lib..__modules__hal__stm32__stm32cube.a(stm32f4xx_hal_tim.c.obj)
 .text.TIM_OC3_SetConfig
                0x0000000008001fd8       0x6c modules/stm32/stm32cube/lib..__modules__hal__stm32__stm32cube.a(stm32f4xx_hal_tim.c.obj)
 .text.TIM_OC4_SetConfig
                0x0000000008002044       0x4c modules/stm32/stm32cube/lib..__modules__hal__stm32__stm32cube.a(stm32f4xx_hal_tim.c.obj)
 .text.TIM_Base_SetConfig
                0x0000000008002090       0xcc modules/stm32/stm32cube/lib..__modules__hal__stm32__stm32cube.a(stm32f4xx_hal_tim.c.obj)
                0x0000000008002090                TIM_Base_SetConfig
 .text.TIM_OC2_SetConfig
                0x000000000800215c       0x6c modules/stm32/stm32cube/lib..__modules__hal__stm32__stm32cube.a(stm32f4xx_hal_tim.c.obj)
                0x000000000800215c                TIM_OC2_SetConfig
 .text.HAL_TIM_OC_Start
                0x00000000080021c8       0x40 modules/stm32/stm32cube/lib..__modules__hal__stm32__stm32cube.a(stm32f4xx_hal_tim.c.obj)
                0x00000000080021c8                HAL_TIM_OC_Start
 .text.UTILS_PLL_IsBusy
                0x0000000008002208       0x1c modules/stm32/stm32cube/lib..__modules__hal__stm32__stm32cube.a(stm32f4xx_ll_utils.c.obj)
 .text.UTILS_SetFlashLatency.part.0
                0x0000000008002224       0xa8 modules/stm32/stm32cube/lib..__modules__hal__stm32__stm32cube.a(stm32f4xx_ll_utils.c.obj)
 .text.UTILS_EnablePLLAndSwitchSystem
                0x00000000080022cc       0xa0 modules/stm32/stm32cube/lib..__modules__hal__stm32__stm32cube.a(stm32f4xx_ll_utils.c.obj)
 .text.LL_PLL_ConfigSystemClock_HSE
                0x000000000800236c       0x94 modules/stm32/stm32cube/lib..__modules__hal__stm32__stm32cube.a(stm32f4xx_ll_utils.c.obj)
                0x000000000800236c                LL_PLL_ConfigSystemClock_HSE
 .text.z_sys_device_do_config_level
                0x0000000008002400       0x2c zephyr/kernel/libkernel.a(device.c.obj)
                0x0000000008002400                z_sys_device_do_config_level
 .text.z_impl_device_get_binding
                0x000000000800242c       0x4c zephyr/kernel/libkernel.a(device.c.obj)
                0x000000000800242c                z_impl_device_get_binding
 .text.z_bss_zero
                0x0000000008002478       0x30 zephyr/kernel/libkernel.a(init.c.obj)
                0x0000000008002478                z_bss_zero
 .text.z_data_copy
                0x00000000080024a8       0x4c zephyr/kernel/libkernel.a(init.c.obj)
                0x00000000080024a8                z_data_copy
 .text.bg_thread_main
                0x00000000080024f4       0x48 zephyr/kernel/libkernel.a(init.c.obj)
 .text.z_cstart
                0x000000000800253c      0x110 zephyr/kernel/libkernel.a(init.c.obj)
                0x000000000800253c                z_cstart
 .text.z_reset_time_slice
                0x000000000800264c       0x2c zephyr/kernel/libkernel.a(sched.c.obj)
                0x000000000800264c                z_reset_time_slice
 .text.k_sched_time_slice_set
                0x0000000008002678       0x40 zephyr/kernel/libkernel.a(sched.c.obj)
                0x0000000008002678                k_sched_time_slice_set
 .text.k_sched_lock
                0x00000000080026b8       0x28 zephyr/kernel/libkernel.a(sched.c.obj)
                0x00000000080026b8                k_sched_lock
 .text.z_priq_dumb_remove
                0x00000000080026e0       0x2c zephyr/kernel/libkernel.a(sched.c.obj)
                0x00000000080026e0                z_priq_dumb_remove
 .text.update_cache
                0x000000000800270c       0x48 zephyr/kernel/libkernel.a(sched.c.obj)
 .text.k_sched_unlock
                0x0000000008002754       0x38 zephyr/kernel/libkernel.a(sched.c.obj)
                0x0000000008002754                k_sched_unlock
 .text.ready_thread
                0x000000000800278c       0x68 zephyr/kernel/libkernel.a(sched.c.obj)
 .text.z_sched_start
                0x00000000080027f4       0x3c zephyr/kernel/libkernel.a(sched.c.obj)
                0x00000000080027f4                z_sched_start
 .text.z_move_thread_to_end_of_prio_q
                0x0000000008002830       0x8c zephyr/kernel/libkernel.a(sched.c.obj)
                0x0000000008002830                z_move_thread_to_end_of_prio_q
 .text.z_time_slice
                0x00000000080028bc       0x6c zephyr/kernel/libkernel.a(sched.c.obj)
                0x00000000080028bc                z_time_slice
 .text.z_impl_k_thread_suspend
                0x0000000008002928       0x68 zephyr/kernel/libkernel.a(sched.c.obj)
                0x0000000008002928                z_impl_k_thread_suspend
 .text.z_thread_single_abort
                0x0000000008002990       0xac zephyr/kernel/libkernel.a(sched.c.obj)
                0x0000000008002990                z_thread_single_abort
 .text.unready_thread
                0x0000000008002a3c       0x34 zephyr/kernel/libkernel.a(sched.c.obj)
 .text.z_tick_sleep.part.0
                0x0000000008002a70       0x5c zephyr/kernel/libkernel.a(sched.c.obj)
 .text.pend     0x0000000008002acc       0x4c zephyr/kernel/libkernel.a(sched.c.obj)
 .text.z_pend_curr
                0x0000000008002b18       0x28 zephyr/kernel/libkernel.a(sched.c.obj)
                0x0000000008002b18                z_pend_curr
 .text.z_sched_init
                0x0000000008002b40       0x18 zephyr/kernel/libkernel.a(sched.c.obj)
                0x0000000008002b40                z_sched_init
 .text.z_impl_k_yield
                0x0000000008002b58       0x9c zephyr/kernel/libkernel.a(sched.c.obj)
                0x0000000008002b58                z_impl_k_yield
 .text.z_impl_k_sleep
                0x0000000008002bf4       0x40 zephyr/kernel/libkernel.a(sched.c.obj)
                0x0000000008002bf4                z_impl_k_sleep
 .text.z_impl_k_current_get
                0x0000000008002c34        0xc zephyr/kernel/libkernel.a(sched.c.obj)
                0x0000000008002c34                z_impl_k_current_get
 .text.z_impl_k_sem_give
                0x0000000008002c40       0x40 zephyr/kernel/libkernel.a(sem.c.obj)
                0x0000000008002c40                z_impl_k_sem_give
 .text.z_impl_k_sem_take
                0x0000000008002c80       0x54 zephyr/kernel/libkernel.a(sem.c.obj)
                0x0000000008002c80                z_impl_k_sem_take
 .text.z_impl_k_busy_wait
                0x0000000008002cd4       0x2c zephyr/kernel/libkernel.a(thread.c.obj)
                0x0000000008002cd4                z_impl_k_busy_wait
 .text.z_setup_new_thread
                0x0000000008002d00       0x4c zephyr/kernel/libkernel.a(thread.c.obj)
                0x0000000008002d00                z_setup_new_thread
 .text.z_init_static_threads
                0x0000000008002d4c       0x94 zephyr/kernel/libkernel.a(thread.c.obj)
                0x0000000008002d4c                z_init_static_threads
 .text.elapsed  0x0000000008002de0       0x14 zephyr/kernel/libkernel.a(timeout.c.obj)
 .text.remove_timeout
                0x0000000008002df4       0x28 zephyr/kernel/libkernel.a(timeout.c.obj)
 .text.next_timeout
                0x0000000008002e1c       0x38 zephyr/kernel/libkernel.a(timeout.c.obj)
 .text.z_add_timeout
                0x0000000008002e54       0xf4 zephyr/kernel/libkernel.a(timeout.c.obj)
                0x0000000008002e54                z_add_timeout
 .text.z_clock_announce
                0x0000000008002f48       0xa8 zephyr/kernel/libkernel.a(timeout.c.obj)
                0x0000000008002f48                z_clock_announce
 .text.z_tick_get
                0x0000000008002ff0       0x34 zephyr/kernel/libkernel.a(timeout.c.obj)
                0x0000000008002ff0                z_tick_get
 .text.statics_init
                0x0000000008003024       0x24 zephyr/kernel/libkernel.a(kheap.c.obj)
 .text.gpio_pin_configure.constprop.0
                0x0000000008003048       0x22 app/libapp.a(main.c.obj)
 .text.write_register
                0x000000000800306a       0x1c app/libapp.a(main.c.obj)
                0x000000000800306a                write_register
 .text.read_register
                0x0000000008003086       0x14 app/libapp.a(main.c.obj)
                0x0000000008003086                read_register
 .text.set_data_rate
                0x000000000800309a       0x36 app/libapp.a(main.c.obj)
                0x000000000800309a                set_data_rate
 .text.toggle_features
                0x00000000080030d0       0x12 app/libapp.a(main.c.obj)
                0x00000000080030d0                toggle_features
 .text.set_channel
                0x00000000080030e2        0xe app/libapp.a(main.c.obj)
                0x00000000080030e2                set_channel
 .text.flush_rx
                0x00000000080030f0        0x6 app/libapp.a(main.c.obj)
                0x00000000080030f0                flush_rx
 .text.flush_tx
                0x00000000080030f6        0x6 app/libapp.a(main.c.obj)
                0x00000000080030f6                flush_tx
 .text.power_up
                0x00000000080030fc       0x28 app/libapp.a(main.c.obj)
                0x00000000080030fc                power_up
 .text.arch_printk_char_out
                0x0000000008003124        0x4 zephyr/libzephyr.a(printk.c.obj)
                0x0000000008003124                arch_printk_char_out
 .text.print_err
                0x0000000008003128       0x1c zephyr/libzephyr.a(printk.c.obj)
 .text.printk   0x0000000008003144       0x1a zephyr/libzephyr.a(printk.c.obj)
                0x0000000008003144                printk
 .text.z_thread_entry
                0x000000000800315e       0x14 zephyr/libzephyr.a(thread_entry.c.obj)
                0x000000000800315e                z_thread_entry
 .text.chunk_field
                0x0000000008003172       0x18 zephyr/libzephyr.a(heap.c.obj)
 .text.chunk_set
                0x000000000800318a       0x1a zephyr/libzephyr.a(heap.c.obj)
 .text.free_list_add
                0x00000000080031a4       0x9a zephyr/libzephyr.a(heap.c.obj)
 .text.sys_heap_init
                0x000000000800323e       0x88 zephyr/libzephyr.a(heap.c.obj)
                0x000000000800323e                sys_heap_init
 .text._ConfigAbsSyms
                0x00000000080032c6        0x2 zephyr/libzephyr.a(configs.c.obj)
                0x00000000080032c6                _ConfigAbsSyms
 .text.__stm32_exti_isr_0
                0x00000000080032c8        0xa zephyr/libzephyr.a(intc_exti_stm32.c.obj)
 .text.__stm32_exti_isr_1
                0x00000000080032d2        0xa zephyr/libzephyr.a(intc_exti_stm32.c.obj)
 .text.__stm32_exti_isr_2
                0x00000000080032dc        0xa zephyr/libzephyr.a(intc_exti_stm32.c.obj)
 .text.__stm32_exti_isr_3
                0x00000000080032e6        0xa zephyr/libzephyr.a(intc_exti_stm32.c.obj)
 .text.__stm32_exti_isr_4
                0x00000000080032f0        0xa zephyr/libzephyr.a(intc_exti_stm32.c.obj)
 .text.__stm32_exti_isr_9_5
                0x00000000080032fa        0xa zephyr/libzephyr.a(intc_exti_stm32.c.obj)
 .text.__stm32_exti_isr_15_10
                0x0000000008003304        0xa zephyr/libzephyr.a(intc_exti_stm32.c.obj)
 .text.__stm32_exti_isr_16
                0x000000000800330e        0xa zephyr/libzephyr.a(intc_exti_stm32.c.obj)
 .text.__stm32_exti_isr_18
                0x0000000008003318        0xa zephyr/libzephyr.a(intc_exti_stm32.c.obj)
 .text.__stm32_exti_isr_21
                0x0000000008003322        0xa zephyr/libzephyr.a(intc_exti_stm32.c.obj)
 .text.__stm32_exti_isr_22
                0x000000000800332c        0xa zephyr/libzephyr.a(intc_exti_stm32.c.obj)
 .text.stm32_exti_init
                0x0000000008003336       0x74 zephyr/libzephyr.a(intc_exti_stm32.c.obj)
 .text.config_pll_init
                0x00000000080033aa       0x10 zephyr/libzephyr.a(clock_stm32f2_f4_f7.c.obj)
                0x00000000080033aa                config_pll_init
 .text.LL_RCC_MSI_Disable
                0x00000000080033ba        0x2 zephyr/libzephyr.a(clock_stm32f2_f4_f7.c.obj)
                0x00000000080033ba                LL_RCC_MSI_Disable
 .text.z_irq_spurious
                0x00000000080033bc        0x8 zephyr/arch/arch/arm/core/aarch32/libarch__arm__core__aarch32.a(irq_manage.c.obj)
                0x00000000080033bc                z_irq_spurious
 .text.z_arm_fatal_error
                0x00000000080033c4        0x4 zephyr/arch/arch/arm/core/aarch32/libarch__arm__core__aarch32.a(fatal.c.obj)
                0x00000000080033c4                z_arm_fatal_error
 .text.z_do_kernel_oops
                0x00000000080033c8        0x8 zephyr/arch/arch/arm/core/aarch32/libarch__arm__core__aarch32.a(fatal.c.obj)
                0x00000000080033c8                z_do_kernel_oops
 .text.z_arm_nmi
                0x00000000080033d0        0xe zephyr/arch/arch/arm/core/aarch32/libarch__arm__core__aarch32.a(nmi.c.obj)
                0x00000000080033d0                z_arm_nmi
 .text.strcmp   0x00000000080033de       0x18 zephyr/lib/libc/minimal/liblib__libc__minimal.a(string.c.obj)
                0x00000000080033de                strcmp
 .text.memcpy   0x00000000080033f6       0x56 zephyr/lib/libc/minimal/liblib__libc__minimal.a(string.c.obj)
                0x00000000080033f6                memcpy
 .text.memset   0x000000000800344c       0x46 zephyr/lib/libc/minimal/liblib__libc__minimal.a(string.c.obj)
                0x000000000800344c                memset
 .text._stdout_hook_default
                0x0000000008003492        0x6 zephyr/lib/libc/minimal/liblib__libc__minimal.a(stdout_console.c.obj)
 .text.gpio_stm32_isr
                0x0000000008003498       0x3c zephyr/drivers/gpio/libdrivers__gpio.a(gpio_stm32.c.obj)
 .text.gpio_stm32_port_get_raw
                0x00000000080034d4        0xe zephyr/drivers/gpio/libdrivers__gpio.a(gpio_stm32.c.obj)
 .text.gpio_stm32_port_set_masked_raw
                0x00000000080034e2       0x14 zephyr/drivers/gpio/libdrivers__gpio.a(gpio_stm32.c.obj)
 .text.gpio_stm32_port_set_bits_raw
                0x00000000080034f6        0xc zephyr/drivers/gpio/libdrivers__gpio.a(gpio_stm32.c.obj)
 .text.gpio_stm32_port_clear_bits_raw
                0x0000000008003502        0xe zephyr/drivers/gpio/libdrivers__gpio.a(gpio_stm32.c.obj)
 .text.gpio_stm32_port_toggle_bits
                0x0000000008003510       0x10 zephyr/drivers/gpio/libdrivers__gpio.a(gpio_stm32.c.obj)
 .text.gpio_stm32_manage_callback
                0x0000000008003520       0x56 zephyr/drivers/gpio/libdrivers__gpio.a(gpio_stm32.c.obj)
 .text.gpio_stm32_enable_callback
                0x0000000008003576       0x12 zephyr/drivers/gpio/libdrivers__gpio.a(gpio_stm32.c.obj)
 .text.gpio_stm32_disable_callback
                0x0000000008003588       0x14 zephyr/drivers/gpio/libdrivers__gpio.a(gpio_stm32.c.obj)
 .text.gpio_stm32_configure
                0x000000000800359c      0x106 zephyr/drivers/gpio/libdrivers__gpio.a(gpio_stm32.c.obj)
                0x000000000800359c                gpio_stm32_configure
 .text.gpio_stm32_config
                0x00000000080036a2       0x7a zephyr/drivers/gpio/libdrivers__gpio.a(gpio_stm32.c.obj)
 .text.pwm_stm32_get_cycles_per_sec
                0x000000000800371c       0x3e zephyr/drivers/pwm/libdrivers__pwm.a(pwm_stm32.c.obj)
 .text.gpio_pin_set
                0x000000000800375a       0x20 zephyr/drivers/spi/libdrivers__spi.a(spi_ll_stm32.c.obj)
 .text._spi_context_cs_control.isra.0
                0x000000000800377a       0x54 zephyr/drivers/spi/libdrivers__spi.a(spi_ll_stm32.c.obj)
 .text.spi_context_unlock_unconditionally
                0x00000000080037ce       0x1c zephyr/drivers/spi/libdrivers__spi.a(spi_ll_stm32.c.obj)
 .text.spi_stm32_release
                0x00000000080037ea        0xc zephyr/drivers/spi/libdrivers__spi.a(spi_ll_stm32.c.obj)
 .text.LL_USART_ClearFlag_PE
                0x00000000080037f6       0x12 zephyr/drivers/serial/libdrivers__serial.a(uart_stm32.c.obj)
 .text.uart_stm32_poll_in
                0x0000000008003808       0x24 zephyr/drivers/serial/libdrivers__serial.a(uart_stm32.c.obj)
 .text.uart_stm32_poll_out
                0x000000000800382c       0x16 zephyr/drivers/serial/libdrivers__serial.a(uart_stm32.c.obj)
 .text.uart_stm32_err_check
                0x0000000008003842       0x42 zephyr/drivers/serial/libdrivers__serial.a(uart_stm32.c.obj)
 .text.uart_stm32_fifo_fill
                0x0000000008003884       0x24 zephyr/drivers/serial/libdrivers__serial.a(uart_stm32.c.obj)
 .text.uart_stm32_fifo_read
                0x00000000080038a8       0x2e zephyr/drivers/serial/libdrivers__serial.a(uart_stm32.c.obj)
 .text.uart_stm32_irq_tx_enable
                0x00000000080038d6       0x10 zephyr/drivers/serial/libdrivers__serial.a(uart_stm32.c.obj)
 .text.uart_stm32_irq_tx_disable
                0x00000000080038e6       0x10 zephyr/drivers/serial/libdrivers__serial.a(uart_stm32.c.obj)
 .text.uart_stm32_irq_tx_ready
                0x00000000080038f6        0xe zephyr/drivers/serial/libdrivers__serial.a(uart_stm32.c.obj)
 .text.uart_stm32_irq_tx_complete
                0x0000000008003904        0xe zephyr/drivers/serial/libdrivers__serial.a(uart_stm32.c.obj)
 .text.uart_stm32_irq_rx_enable
                0x0000000008003912       0x10 zephyr/drivers/serial/libdrivers__serial.a(uart_stm32.c.obj)
 .text.uart_stm32_irq_rx_disable
                0x0000000008003922       0x10 zephyr/drivers/serial/libdrivers__serial.a(uart_stm32.c.obj)
 .text.uart_stm32_irq_rx_ready
                0x0000000008003932        0xe zephyr/drivers/serial/libdrivers__serial.a(uart_stm32.c.obj)
 .text.uart_stm32_irq_is_pending
                0x0000000008003940       0x26 zephyr/drivers/serial/libdrivers__serial.a(uart_stm32.c.obj)
 .text.uart_stm32_irq_update
                0x0000000008003966        0x4 zephyr/drivers/serial/libdrivers__serial.a(uart_stm32.c.obj)
 .text.uart_stm32_irq_callback_set
                0x000000000800396a        0x8 zephyr/drivers/serial/libdrivers__serial.a(uart_stm32.c.obj)
 .text.uart_stm32_isr
                0x0000000008003972        0xc zephyr/drivers/serial/libdrivers__serial.a(uart_stm32.c.obj)
 .text.uart_stm32_irq_config_func_0
                0x000000000800397e       0x16 zephyr/drivers/serial/libdrivers__serial.a(uart_stm32.c.obj)
 .text.uart_stm32_irq_config_func_1
                0x0000000008003994       0x16 zephyr/drivers/serial/libdrivers__serial.a(uart_stm32.c.obj)
 .text.uart_stm32_set_baudrate
                0x00000000080039aa       0x4a zephyr/drivers/serial/libdrivers__serial.a(uart_stm32.c.obj)
 .text.uart_stm32_config_get
                0x00000000080039f4       0x6c zephyr/drivers/serial/libdrivers__serial.a(uart_stm32.c.obj)
 .text.HAL_TIM_PWM_MspInit
                0x0000000008003a60        0x2 modules/stm32/stm32cube/lib..__modules__hal__stm32__stm32cube.a(stm32f4xx_hal_tim.c.obj)
                0x0000000008003a60                HAL_TIM_PWM_MspInit
 .text.HAL_TIM_PWM_Init
                0x0000000008003a62       0x34 modules/stm32/stm32cube/lib..__modules__hal__stm32__stm32cube.a(stm32f4xx_hal_tim.c.obj)
                0x0000000008003a62                HAL_TIM_PWM_Init
 .text.HAL_TIM_PWM_ConfigChannel
                0x0000000008003a96       0xc0 modules/stm32/stm32cube/lib..__modules__hal__stm32__stm32cube.a(stm32f4xx_hal_tim.c.obj)
                0x0000000008003a96                HAL_TIM_PWM_ConfigChannel
 .text.TIM_CCxChannelCmd
                0x0000000008003b56       0x1c modules/stm32/stm32cube/lib..__modules__hal__stm32__stm32cube.a(stm32f4xx_hal_tim.c.obj)
                0x0000000008003b56                TIM_CCxChannelCmd
 .text.HAL_TIM_PWM_Start
                0x0000000008003b72        0x4 modules/stm32/stm32cube/lib..__modules__hal__stm32__stm32cube.a(stm32f4xx_hal_tim.c.obj)
                0x0000000008003b72                HAL_TIM_PWM_Start
 .text.arch_system_halt
                0x0000000008003b76       0x12 zephyr/kernel/libkernel.a(fatal.c.obj)
                0x0000000008003b76                arch_system_halt
 .text.k_sys_fatal_error_handler
                0x0000000008003b88        0x6 zephyr/kernel/libkernel.a(fatal.c.obj)
                0x0000000008003b88                k_sys_fatal_error_handler
 .text.z_fatal_error
                0x0000000008003b8e       0x36 zephyr/kernel/libkernel.a(fatal.c.obj)
                0x0000000008003b8e                z_fatal_error
 .text.z_reschedule
                0x0000000008003bc4       0x16 zephyr/kernel/libkernel.a(sched.c.obj)
                0x0000000008003bc4                z_reschedule
 .text.z_reschedule_irqlock
                0x0000000008003bda       0x18 zephyr/kernel/libkernel.a(sched.c.obj)
                0x0000000008003bda                z_reschedule_irqlock
 .text.z_reschedule_unlocked
                0x0000000008003bf2       0x14 zephyr/kernel/libkernel.a(sched.c.obj)
 .text.z_priq_dumb_best
                0x0000000008003c06       0x14 zephyr/kernel/libkernel.a(sched.c.obj)
                0x0000000008003c06                z_priq_dumb_best
 .text.z_ready_thread
                0x0000000008003c1a       0x20 zephyr/kernel/libkernel.a(sched.c.obj)
                0x0000000008003c1a                z_ready_thread
 .text.z_thread_timeout
                0x0000000008003c3a       0x56 zephyr/kernel/libkernel.a(sched.c.obj)
                0x0000000008003c3a                z_thread_timeout
 .text.z_remove_thread_from_ready_q
                0x0000000008003c90       0x20 zephyr/kernel/libkernel.a(sched.c.obj)
                0x0000000008003c90                z_remove_thread_from_ready_q
 .text.add_to_waitq_locked
                0x0000000008003cb0       0x56 zephyr/kernel/libkernel.a(sched.c.obj)
 .text.z_unpend_first_thread
                0x0000000008003d06       0x5a zephyr/kernel/libkernel.a(sched.c.obj)
                0x0000000008003d06                z_unpend_first_thread
 .text.z_abort_timeout
                0x0000000008003d60       0x2c zephyr/kernel/libkernel.a(timeout.c.obj)
                0x0000000008003d60                z_abort_timeout
 .text.z_get_next_timeout_expiry
                0x0000000008003d8c       0x20 zephyr/kernel/libkernel.a(timeout.c.obj)
                0x0000000008003d8c                z_get_next_timeout_expiry
 .text.z_set_timeout_expiry
                0x0000000008003dac       0x34 zephyr/kernel/libkernel.a(timeout.c.obj)
                0x0000000008003dac                z_set_timeout_expiry
 .text.z_tick_get_32
                0x0000000008003de0        0x8 zephyr/kernel/libkernel.a(timeout.c.obj)
                0x0000000008003de0                z_tick_get_32
 .text.idle     0x0000000008003de8       0x28 zephyr/kernel/libkernel.a(idle.c.obj)
                0x0000000008003de8                idle
 .text.k_heap_init
                0x0000000008003e10       0x10 zephyr/kernel/libkernel.a(kheap.c.obj)
                0x0000000008003e10                k_heap_init
 .text._OffsetAbsSyms
                0x0000000008003e20        0x2 zephyr/CMakeFiles/offsets.dir/./arch/arm/core/offsets/offsets.c.obj
                0x0000000008003e20                _OffsetAbsSyms
 *(SORT_BY_ALIGNMENT(.gnu.linkonce.t.*))
 *(SORT_BY_ALIGNMENT(.glue_7t))
 .glue_7t       0x0000000008003e22        0x0 linker stubs
 *(SORT_BY_ALIGNMENT(.glue_7))
 .glue_7        0x0000000008003e22        0x0 linker stubs
 *(SORT_BY_ALIGNMENT(.vfp11_veneer))
 .vfp11_veneer  0x0000000008003e22        0x0 linker stubs
 *(SORT_BY_ALIGNMENT(.v4_bx))
 .v4_bx         0x0000000008003e22        0x0 linker stubs
                0x0000000008003e22                _image_text_end = .

.ARM.exidx      0x0000000008003e24        0x8
                0x0000000008003e24                __exidx_start = .
 *(SORT_BY_ALIGNMENT(.ARM.exidx*) SORT_BY_ALIGNMENT(gnu.linkonce.armexidx.*))
 .ARM.exidx     0x0000000008003e24        0x8 /home/mateusz/zephyr-sdk-0.11.2/arm-zephyr-eabi/bin/../lib/gcc/arm-zephyr-eabi/9.2.0/thumb/v7e-m/nofp/libgcc.a(_udivmoddi4.o)
                0x0000000008003e2c                __exidx_end = .
                0x0000000008003e2c                _image_rodata_start = .

sw_isr_table    0x0000000008003e2c      0x290
                0x0000000008003e2c                . = ALIGN (0x0)
 *(SORT_BY_ALIGNMENT(.gnu.linkonce.sw_isr_table))
 .gnu.linkonce.sw_isr_table
                0x0000000008003e2c      0x290 zephyr/CMakeFiles/zephyr_final.dir/isr_tables.c.obj
                0x0000000008003e2c                _sw_isr_table

app_shmem_regions
                0x00000000080040bc        0x0
                0x00000000080040bc                __app_shmem_regions_start = .
 *(SORT_BY_NAME(SORT_BY_ALIGNMENT(.app_regions.*)))
                0x00000000080040bc                __app_shmem_regions_end = .

devconfig       0x00000000080040bc       0xfc
                0x00000000080040bc                __devconfig_start = .
 *(SORT_BY_ALIGNMENT(.devconfig.*))
 .devconfig.init
                0x00000000080040bc        0xc zephyr/libzephyr.a(soc.c.obj)
 .devconfig.init
                0x00000000080040c8        0xc zephyr/libzephyr.a(uart_console.c.obj)
 .devconfig.init
                0x00000000080040d4        0xc zephyr/libzephyr.a(intc_exti_stm32.c.obj)
 .devconfig.init
                0x00000000080040e0        0xc zephyr/libzephyr.a(clock_stm32_ll_common.c.obj)
 .devconfig.init
                0x00000000080040ec        0xc zephyr/libzephyr.a(sys_clock_init.c.obj)
 .devconfig.init
                0x00000000080040f8        0xc zephyr/arch/arch/arm/core/aarch32/cortex_m/mpu/libarch__arm__core__aarch32__cortex_m__mpu.a(arm_mpu.c.obj)
 .devconfig.init
                0x0000000008004104        0xc zephyr/boards/arm/stm32f4_disco/libboards__arm__stm32f4_disco.a(pinmux.c.obj)
 .devconfig.init
                0x0000000008004110       0x6c zephyr/drivers/gpio/libdrivers__gpio.a(gpio_stm32.c.obj)
 .devconfig.init
                0x000000000800417c        0xc zephyr/drivers/pwm/libdrivers__pwm.a(pwm_stm32.c.obj)
 .devconfig.init
                0x0000000008004188        0xc zephyr/drivers/spi/libdrivers__spi.a(spi_ll_stm32.c.obj)
 .devconfig.init
                0x0000000008004194       0x18 zephyr/drivers/serial/libdrivers__serial.a(uart_stm32.c.obj)
 .devconfig.init
                0x00000000080041ac        0xc zephyr/kernel/libkernel.a(kheap.c.obj)
 *(SORT_BY_NAME(SORT_BY_ALIGNMENT(.devconfig*)))
                0x00000000080041b8                __devconfig_end = .

net_l2          0x00000000080041b8        0x0
                0x00000000080041b8                __net_l2_start = .
 *(SORT_BY_ALIGNMENT(.net_l2.init))
 *(SORT_BY_NAME(SORT_BY_ALIGNMENT(.net_l2.init*)))
                0x00000000080041b8                __net_l2_end = .

_bt_channels_area
                0x00000000080041b8        0x0
                0x00000000080041b8                _bt_l2cap_fixed_chan_list_start = .
 *(SORT_BY_NAME(SORT_BY_ALIGNMENT(._bt_l2cap_fixed_chan.static.*)))
                0x00000000080041b8                _bt_l2cap_fixed_chan_list_end = .

_bt_services_area
                0x00000000080041b8        0x0
                0x00000000080041b8                _bt_gatt_service_static_list_start = .
 *(SORT_BY_NAME(SORT_BY_ALIGNMENT(._bt_gatt_service_static.static.*)))
                0x00000000080041b8                _bt_gatt_service_static_list_end = .

log_const_sections
                0x00000000080041b8        0x0
                0x00000000080041b8                __log_const_start = .
 *(SORT_BY_NAME(SORT_BY_ALIGNMENT(.log_const_*)))
                0x00000000080041b8                __log_const_end = .

log_backends_sections
                0x00000000080041b8        0x0
                0x00000000080041b8                __log_backends_start = .
 *(SORT_BY_ALIGNMENT(._log_backend.*))
                0x00000000080041b8                __log_backends_end = .

shell_sections  0x00000000080041b8        0x0
                0x00000000080041b8                _shell_list_start = .
 *(SORT_BY_NAME(SORT_BY_ALIGNMENT(._shell.static.*)))
                0x00000000080041b8                _shell_list_end = .

shell_root_cmds_sections
                0x00000000080041b8        0x0
                0x00000000080041b8                __shell_root_cmds_start = .
 *(SORT_BY_NAME(SORT_BY_ALIGNMENT(.shell_root_cmd_*)))
                0x00000000080041b8                __shell_root_cmds_end = .

font_entry_sections
                0x00000000080041b8        0x0
                0x00000000080041b8                __font_entry_start = .
 *(SORT_BY_NAME(SORT_BY_ALIGNMENT(._cfb_font.*)))
                0x00000000080041b8                __font_entry_end = .

tracing_backends_sections
                0x00000000080041b8        0x0
                0x00000000080041b8                _tracing_backend_list_start = .
 *(SORT_BY_ALIGNMENT(._tracing_backend.*))
                0x00000000080041b8                _tracing_backend_list_end = .

rodata          0x00000000080041b8      0x404
 *(SORT_BY_ALIGNMENT(.rodata))
 .rodata        0x00000000080041b8       0x20 app/libapp.a(main.c.obj)
 .rodata        0x00000000080041d8        0x8 zephyr/drivers/gpio/libdrivers__gpio.a(gpio_stm32.c.obj)
 .rodata        0x00000000080041e0       0x20 zephyr/drivers/spi/libdrivers__spi.a(spi_ll_stm32.c.obj)
 *(SORT_BY_ALIGNMENT(.rodata.*))
 .rodata.ports_enable
                0x0000000008004200       0x2c zephyr/libzephyr.a(pinmux_stm32.c.obj)
 .rodata.mpu_config
                0x000000000800422c        0x8 zephyr/soc/arm/common/cortex_m/libsoc__arm__common__cortex_m.a(arm_mpu_regions.c.obj)
                0x000000000800422c                mpu_config
 .rodata.mpu_regions
                0x0000000008004234       0x18 zephyr/soc/arm/common/cortex_m/libsoc__arm__common__cortex_m.a(arm_mpu_regions.c.obj)
 .rodata.pinconf
                0x000000000800424c       0x48 zephyr/boards/arm/stm32f4_disco/libboards__arm__stm32f4_disco.a(pinmux.c.obj)
 .rodata.gpio_stm32_cfg_a
                0x0000000008004294       0x14 zephyr/drivers/gpio/libdrivers__gpio.a(gpio_stm32.c.obj)
 .rodata.gpio_stm32_cfg_b
                0x00000000080042a8       0x14 zephyr/drivers/gpio/libdrivers__gpio.a(gpio_stm32.c.obj)
 .rodata.gpio_stm32_cfg_c
                0x00000000080042bc       0x14 zephyr/drivers/gpio/libdrivers__gpio.a(gpio_stm32.c.obj)
 .rodata.gpio_stm32_cfg_d
                0x00000000080042d0       0x14 zephyr/drivers/gpio/libdrivers__gpio.a(gpio_stm32.c.obj)
 .rodata.gpio_stm32_cfg_e
                0x00000000080042e4       0x14 zephyr/drivers/gpio/libdrivers__gpio.a(gpio_stm32.c.obj)
 .rodata.gpio_stm32_cfg_f
                0x00000000080042f8       0x14 zephyr/drivers/gpio/libdrivers__gpio.a(gpio_stm32.c.obj)
 .rodata.gpio_stm32_cfg_g
                0x000000000800430c       0x14 zephyr/drivers/gpio/libdrivers__gpio.a(gpio_stm32.c.obj)
 .rodata.gpio_stm32_cfg_h
                0x0000000008004320       0x14 zephyr/drivers/gpio/libdrivers__gpio.a(gpio_stm32.c.obj)
 .rodata.gpio_stm32_cfg_i
                0x0000000008004334       0x14 zephyr/drivers/gpio/libdrivers__gpio.a(gpio_stm32.c.obj)
 .rodata.gpio_stm32_driver
                0x0000000008004348       0x2c zephyr/drivers/gpio/libdrivers__gpio.a(gpio_stm32.c.obj)
 .rodata.pwm_stm32_dev_cfg_0
                0x0000000008004374        0xc zephyr/drivers/pwm/libdrivers__pwm.a(pwm_stm32.c.obj)
 .rodata.pwm_stm32_drv_api_funcs
                0x0000000008004380        0x8 zephyr/drivers/pwm/libdrivers__pwm.a(pwm_stm32.c.obj)
 .rodata.api_funcs
                0x0000000008004388        0x8 zephyr/drivers/spi/libdrivers__spi.a(spi_ll_stm32.c.obj)
 .rodata.spi_stm32_cfg_0
                0x0000000008004390        0xc zephyr/drivers/spi/libdrivers__spi.a(spi_ll_stm32.c.obj)
 .rodata.uart_stm32_cfg_0
                0x000000000800439c       0x18 zephyr/drivers/serial/libdrivers__serial.a(uart_stm32.c.obj)
 .rodata.uart_stm32_cfg_1
                0x00000000080043b4       0x18 zephyr/drivers/serial/libdrivers__serial.a(uart_stm32.c.obj)
 .rodata.uart_stm32_driver_api
                0x00000000080043cc       0x4c zephyr/drivers/serial/libdrivers__serial.a(uart_stm32.c.obj)
 .rodata.config_levels.13584
                0x0000000008004418       0x14 zephyr/kernel/libkernel.a(device.c.obj)
 .rodata._k_neg_eagain
                0x000000000800442c        0x4 zephyr/kernel/libkernel.a(errno.c.obj)
                0x000000000800442c                _k_neg_eagain
 .rodata.CSWTCH.74
                0x0000000008004430        0x6 zephyr/drivers/serial/libdrivers__serial.a(uart_stm32.c.obj)
 .rodata.spi_init.str1.1
                0x0000000008004436        0x6 app/libapp.a(main.c.obj)
 .rodata.gpio_init.str1.1
                0x000000000800443c       0x1a app/libapp.a(main.c.obj)
 .rodata.spi_send_test.str1.1
                0x0000000008004456       0x30 app/libapp.a(main.c.obj)
 .rodata.init_nrf.str1.1
                0x0000000008004486       0x1b app/libapp.a(main.c.obj)
                                         0x1f (size before relaxing)
 .rodata.dupa.str1.1
                0x00000000080044a1        0x6 app/libapp.a(main.c.obj)
 .rodata.main.str1.1
                0x00000000080044a7       0x48 app/libapp.a(main.c.obj)
 .rodata.str1.1
                0x00000000080044ef       0x48 zephyr/libzephyr.a(soc.c.obj)
                                          0x1 (size before relaxing)
 .rodata.uart_console_init.str1.1
                0x00000000080044ef        0x7 zephyr/libzephyr.a(uart_console.c.obj)
 .rodata.str1.1
                0x00000000080044f6        0x1 zephyr/libzephyr.a(uart_console.c.obj)
 .rodata.str1.1
                0x00000000080044f6        0xb zephyr/libzephyr.a(intc_exti_stm32.c.obj)
 .rodata.exti_irq_table
                0x0000000008004501       0x17 zephyr/libzephyr.a(intc_exti_stm32.c.obj)
                0x0000000008004501                exti_irq_table
 .rodata.str1.1
                0x0000000008004518        0x9 zephyr/libzephyr.a(clock_stm32_ll_common.c.obj)
 .rodata.z_pinmux_stm32_set.str1.1
                0x0000000008004521        0x9 zephyr/libzephyr.a(pinmux_stm32.c.obj)
 .rodata.str1.1
                0x0000000008004521        0xa zephyr/libzephyr.a(sys_clock_init.c.obj)
 .rodata.str1.1
                0x000000000800452b        0x1 zephyr/arch/arch/arm/core/aarch32/cortex_m/mpu/libarch__arm__core__aarch32__cortex_m__mpu.a(arm_mpu.c.obj)
 .rodata.str1.1
                0x000000000800452b        0xf zephyr/soc/arm/common/cortex_m/libsoc__arm__common__cortex_m.a(arm_mpu_regions.c.obj)
 .rodata.str1.1
                0x000000000800453a        0x1 zephyr/boards/arm/stm32f4_disco/libboards__arm__stm32f4_disco.a(pinmux.c.obj)
 .rodata.gpio_stm32_pin_interrupt_configure.str1.1
                0x000000000800453a        0x9 zephyr/drivers/gpio/libdrivers__gpio.a(gpio_stm32.c.obj)
 .rodata.str1.1
                0x000000000800453a       0x2a zephyr/drivers/gpio/libdrivers__gpio.a(gpio_stm32.c.obj)
                                         0x36 (size before relaxing)
 .rodata.pwm_stm32_init.str1.1
                0x0000000008004564        0x9 zephyr/drivers/pwm/libdrivers__pwm.a(pwm_stm32.c.obj)
 .rodata.str1.1
                0x0000000008004564        0x6 zephyr/drivers/pwm/libdrivers__pwm.a(pwm_stm32.c.obj)
 .rodata.spi_stm32_init.str1.1
                0x000000000800456a        0x9 zephyr/drivers/spi/libdrivers__spi.a(spi_ll_stm32.c.obj)
 .rodata.str1.1
                0x000000000800456a        0x6 zephyr/drivers/spi/libdrivers__spi.a(spi_ll_stm32.c.obj)
 .rodata.uart_stm32_init.str1.1
                0x000000000800456a        0x9 zephyr/drivers/serial/libdrivers__serial.a(uart_stm32.c.obj)
 .rodata.str1.1
                0x000000000800456a        0x7 zephyr/drivers/serial/libdrivers__serial.a(uart_stm32.c.obj)
                                          0xe (size before relaxing)
 .rodata.AHBPrescTable
                0x0000000008004571       0x10 modules/stm32/stm32cube/lib..__modules__hal__stm32__stm32cube.a(system_stm32f4xx.c.obj)
                0x0000000008004571                AHBPrescTable
 .rodata.bg_thread_main.str1.1
                0x0000000008004581       0x30 zephyr/kernel/libkernel.a(init.c.obj)
                                         0x31 (size before relaxing)
 .rodata.z_cstart.str1.1
                0x00000000080045b1        0xa zephyr/kernel/libkernel.a(init.c.obj)
 .rodata.str1.1
                0x00000000080045bb        0x1 zephyr/kernel/libkernel.a(kheap.c.obj)
 *(SORT_BY_ALIGNMENT(.gnu.linkonce.r.*))
                0x00000000080045bc                . = ALIGN (0x4)
 *fill*         0x00000000080045bb        0x1 
                0x00000000080045bc                _image_rodata_end = .
                0x00000000080045c0                . = ALIGN (_region_min_align)
                0x0000000008008000                . = ALIGN ((0x1 << LOG2CEIL ((_image_rodata_end - _image_rom_start))))
                0x0000000008008000                _image_rom_end = .
                0x0000000020000000                . = 0x20000000
                0x0000000020000000                . = ALIGN (_region_min_align)
                0x0000000020000000                _image_ram_start = .

.ramfunc        0x0000000020000000        0x0 load address 0x00000000080045bc
                0x0000000020000000                . = ALIGN (_region_min_align)
                0x0000000020000000                . = ALIGN ((0x1 << LOG2CEIL (_ramfunc_ram_size)))
                0x0000000020000000                _ramfunc_ram_start = .
 *(SORT_BY_ALIGNMENT(.ramfunc))
 *(SORT_BY_ALIGNMENT(.ramfunc.*))
                0x0000000020000000                . = ALIGN (_region_min_align)
                0x0000000020000000                . = ALIGN ((0x1 << LOG2CEIL (_ramfunc_ram_size)))
                0x0000000020000000                _ramfunc_ram_end = .
                0x0000000000000000                _ramfunc_ram_size = (_ramfunc_ram_end - _ramfunc_ram_start)
                0x00000000080045bc                _ramfunc_rom_start = LOADADDR (.ramfunc)

bss             0x0000000020000000      0x2e1
                0x0000000020000000                . = ALIGN (0x4)
                0x0000000020000000                __bss_start = .
                0x0000000020000000                __kernel_ram_start = .
 *(SORT_BY_ALIGNMENT(.bss))
 *(SORT_BY_ALIGNMENT(.bss.*))
 .bss.curr_tick
                0x0000000020000000        0x8 zephyr/kernel/libkernel.a(timeout.c.obj)
 .bss.gpio_CE_dev
                0x0000000020000008        0x4 app/libapp.a(main.c.obj)
                0x0000000020000008                gpio_CE_dev
 .bss.gpio_CSN_dev
                0x000000002000000c        0x4 app/libapp.a(main.c.obj)
                0x000000002000000c                gpio_CSN_dev
 .bss.spi_dev   0x0000000020000010        0x4 app/libapp.a(main.c.obj)
                0x0000000020000010                spi_dev
 .bss.uart_console_dev
                0x0000000020000014        0x4 zephyr/libzephyr.a(uart_console.c.obj)
 .bss.exti_data
                0x0000000020000018       0xb8 zephyr/libzephyr.a(intc_exti_stm32.c.obj)
 .bss.announced_cycles
                0x00000000200000d0        0x4 zephyr/libzephyr.a(cortex_m_systick.c.obj)
 .bss.cycle_count
                0x00000000200000d4        0x4 zephyr/libzephyr.a(cortex_m_systick.c.obj)
 .bss.last_load
                0x00000000200000d8        0x4 zephyr/libzephyr.a(cortex_m_systick.c.obj)
 .bss.overflow_cyc
                0x00000000200000dc        0x4 zephyr/libzephyr.a(cortex_m_systick.c.obj)
 .bss.gpio_stm32_data_a
                0x00000000200000e0       0x10 zephyr/drivers/gpio/libdrivers__gpio.a(gpio_stm32.c.obj)
 .bss.gpio_stm32_data_b
                0x00000000200000f0       0x10 zephyr/drivers/gpio/libdrivers__gpio.a(gpio_stm32.c.obj)
 .bss.gpio_stm32_data_c
                0x0000000020000100       0x10 zephyr/drivers/gpio/libdrivers__gpio.a(gpio_stm32.c.obj)
 .bss.gpio_stm32_data_d
                0x0000000020000110       0x10 zephyr/drivers/gpio/libdrivers__gpio.a(gpio_stm32.c.obj)
 .bss.gpio_stm32_data_e
                0x0000000020000120       0x10 zephyr/drivers/gpio/libdrivers__gpio.a(gpio_stm32.c.obj)
 .bss.gpio_stm32_data_f
                0x0000000020000130       0x10 zephyr/drivers/gpio/libdrivers__gpio.a(gpio_stm32.c.obj)
 .bss.gpio_stm32_data_g
                0x0000000020000140       0x10 zephyr/drivers/gpio/libdrivers__gpio.a(gpio_stm32.c.obj)
 .bss.gpio_stm32_data_h
                0x0000000020000150       0x10 zephyr/drivers/gpio/libdrivers__gpio.a(gpio_stm32.c.obj)
 .bss.gpio_stm32_data_i
                0x0000000020000160       0x10 zephyr/drivers/gpio/libdrivers__gpio.a(gpio_stm32.c.obj)
 .bss.pwm_stm32_dev_data_0
                0x0000000020000170       0x48 zephyr/drivers/pwm/libdrivers__pwm.a(pwm_stm32.c.obj)
 .bss.z_idle_threads
                0x00000000200001b8       0x74 zephyr/kernel/libkernel.a(init.c.obj)
                0x00000000200001b8                z_idle_threads
 .bss.z_main_thread
                0x000000002000022c       0x74 zephyr/kernel/libkernel.a(init.c.obj)
                0x000000002000022c                z_main_thread
 .bss._kernel   0x00000000200002a0       0x2c zephyr/kernel/libkernel.a(sched.c.obj)
                0x00000000200002a0                _kernel
 .bss.pending_current
                0x00000000200002cc        0x4 zephyr/kernel/libkernel.a(sched.c.obj)
 .bss.slice_max_prio
                0x00000000200002d0        0x4 zephyr/kernel/libkernel.a(sched.c.obj)
 .bss.slice_time
                0x00000000200002d4        0x4 zephyr/kernel/libkernel.a(sched.c.obj)
 .bss.announce_remaining
                0x00000000200002d8        0x4 zephyr/kernel/libkernel.a(timeout.c.obj)
 .bss.rx_buffer.13985
                0x00000000200002dc        0x1 app/libapp.a(main.c.obj)
 .bss.rx_buffer.13995
                0x00000000200002dd        0x1 app/libapp.a(main.c.obj)
 .bss.tx_buffer.13994
                0x00000000200002de        0x1 app/libapp.a(main.c.obj)
 .bss.static_regions_num
                0x00000000200002df        0x1 zephyr/arch/arch/arm/core/aarch32/cortex_m/mpu/libarch__arm__core__aarch32__cortex_m__mpu.a(arm_mpu.c.obj)
 .bss.z_sys_post_kernel
                0x00000000200002e0        0x1 zephyr/kernel/libkernel.a(init.c.obj)
                0x00000000200002e0                z_sys_post_kernel
 .bss.sched_spinlock
                0x00000000200002e1        0x0 zephyr/kernel/libkernel.a(sched.c.obj)
 .bss.lock      0x00000000200002e1        0x0 zephyr/kernel/libkernel.a(sem.c.obj)
 *(SORT_BY_ALIGNMENT(COMMON))
 *(SORT_BY_ALIGNMENT(.kernel_bss.*))
                0x00000000200002e4                __bss_end = ALIGN (0x4)

noinit          0x00000000200002e8     0x1940
 *(SORT_BY_ALIGNMENT(.noinit))
 *(SORT_BY_ALIGNMENT(.noinit.*))
 .noinit."WEST_TOPDIR/zephyr/kernel/init.c".2
                0x00000000200002e8     0x1000 zephyr/kernel/libkernel.a(init.c.obj)
                0x00000000200002e8                z_main_stack
 .noinit."WEST_TOPDIR/zephyr/kernel/init.c".3
                0x00000000200012e8      0x140 zephyr/kernel/libkernel.a(init.c.obj)
 .noinit."WEST_TOPDIR/zephyr/kernel/init.c".4
                0x0000000020001428      0x800 zephyr/kernel/libkernel.a(init.c.obj)
                0x0000000020001428                z_interrupt_stacks
 *(SORT_BY_ALIGNMENT(.kernel_noinit.*))

datas           0x0000000020001c28       0x9d load address 0x00000000080045bc
                0x0000000020001c28                __data_ram_start = .
 *(SORT_BY_ALIGNMENT(.data))
 *(SORT_BY_ALIGNMENT(.data.*))
 .data.config   0x0000000020001c28        0xc app/libapp.a(main.c.obj)
                0x0000000020001c28                config
 .data._char_out
                0x0000000020001c34        0x4 zephyr/libzephyr.a(printk.c.obj)
                0x0000000020001c34                _char_out
 .data.stm32_clock_control_api
                0x0000000020001c38       0x14 zephyr/libzephyr.a(clock_stm32_ll_common.c.obj)
 .data._stdout_hook
                0x0000000020001c4c        0x4 zephyr/lib/libc/minimal/liblib__libc__minimal.a(stdout_console.c.obj)
 .data.spi_stm32_dev_data_0
                0x0000000020001c50       0x48 zephyr/drivers/spi/libdrivers__spi.a(spi_ll_stm32.c.obj)
 .data.uart_stm32_data_0
                0x0000000020001c98       0x10 zephyr/drivers/serial/libdrivers__serial.a(uart_stm32.c.obj)
 .data.uart_stm32_data_1
                0x0000000020001ca8       0x10 zephyr/drivers/serial/libdrivers__serial.a(uart_stm32.c.obj)
 .data.SystemCoreClock
                0x0000000020001cb8        0x4 modules/stm32/stm32cube/lib..__modules__hal__stm32__stm32cube.a(system_stm32f4xx.c.obj)
                0x0000000020001cb8                SystemCoreClock
 .data.timeout_list
                0x0000000020001cbc        0x8 zephyr/kernel/libkernel.a(timeout.c.obj)
 .data.tx_buffer.13984
                0x0000000020001cc4        0x1 app/libapp.a(main.c.obj)
 *(SORT_BY_ALIGNMENT(.kernel.*))
                0x00000000080045bc                __data_rom_start = LOADADDR (datas)

initlevel       0x0000000020001cc8       0xfc load address 0x000000000800465c
                0x0000000020001cc8                __device_init_start = .
                0x0000000020001cc8                __device_PRE_KERNEL_1_start = .
 *(SORT_BY_NAME(SORT_BY_ALIGNMENT(.init_PRE_KERNEL_1[0-9])))
 .init_PRE_KERNEL_10
                0x0000000020001cc8        0xc zephyr/libzephyr.a(soc.c.obj)
 .init_PRE_KERNEL_11
                0x0000000020001cd4        0xc zephyr/libzephyr.a(clock_stm32_ll_common.c.obj)
 .init_PRE_KERNEL_12
                0x0000000020001ce0        0xc zephyr/boards/arm/stm32f4_disco/libboards__arm__stm32f4_disco.a(pinmux.c.obj)
 *(SORT_BY_NAME(SORT_BY_ALIGNMENT(.init_PRE_KERNEL_1[1-9][0-9])))
 .init_PRE_KERNEL_130
                0x0000000020001cec        0xc zephyr/kernel/libkernel.a(kheap.c.obj)
 .init_PRE_KERNEL_140
                0x0000000020001cf8        0xc zephyr/arch/arch/arm/core/aarch32/cortex_m/mpu/libarch__arm__core__aarch32__cortex_m__mpu.a(arm_mpu.c.obj)
 .init_PRE_KERNEL_150
                0x0000000020001d04        0xc zephyr/libzephyr.a(intc_exti_stm32.c.obj)
 .init_PRE_KERNEL_150
                0x0000000020001d10       0x18 zephyr/drivers/serial/libdrivers__serial.a(uart_stm32.c.obj)
 .init_PRE_KERNEL_160
                0x0000000020001d28        0xc zephyr/libzephyr.a(uart_console.c.obj)
                0x0000000020001d34                __device_PRE_KERNEL_2_start = .
 *(SORT_BY_NAME(SORT_BY_ALIGNMENT(.init_PRE_KERNEL_2[0-9])))
 .init_PRE_KERNEL_20
                0x0000000020001d34        0xc zephyr/libzephyr.a(sys_clock_init.c.obj)
 *(SORT_BY_NAME(SORT_BY_ALIGNMENT(.init_PRE_KERNEL_2[1-9][0-9])))
                0x0000000020001d40                __device_POST_KERNEL_start = .
 *(SORT_BY_NAME(SORT_BY_ALIGNMENT(.init_POST_KERNEL[0-9])))
 *(SORT_BY_NAME(SORT_BY_ALIGNMENT(.init_POST_KERNEL[1-9][0-9])))
 .init_POST_KERNEL40
                0x0000000020001d40       0x6c zephyr/drivers/gpio/libdrivers__gpio.a(gpio_stm32.c.obj)
 .init_POST_KERNEL50
                0x0000000020001dac        0xc zephyr/drivers/pwm/libdrivers__pwm.a(pwm_stm32.c.obj)
 .init_POST_KERNEL70
                0x0000000020001db8        0xc zephyr/drivers/spi/libdrivers__spi.a(spi_ll_stm32.c.obj)
                0x0000000020001dc4                __device_APPLICATION_start = .
 *(SORT_BY_NAME(SORT_BY_ALIGNMENT(.init_APPLICATION[0-9])))
 *(SORT_BY_NAME(SORT_BY_ALIGNMENT(.init_APPLICATION[1-9][0-9])))
                0x0000000020001dc4                __device_SMP_start = .
 *(SORT_BY_NAME(SORT_BY_ALIGNMENT(.init_SMP[0-9])))
 *(SORT_BY_NAME(SORT_BY_ALIGNMENT(.init_SMP[1-9][0-9])))
                0x0000000020001dc4                __device_init_end = .

initlevel_error
                0x0000000020001cc5        0x0
 *(SORT_BY_NAME(SORT_BY_ALIGNMENT(.init_[_A-Z0-9]*)))
                0x0000000000000001                ASSERT ((SIZEOF (initlevel_error) == 0x0), Undefined initialization levels used.)

initshell       0x0000000020001dc4        0x0 load address 0x0000000008004758
                0x0000000020001dc4                __shell_module_start = .
 *(SORT_BY_ALIGNMENT(.shell_module_*))
                0x0000000020001dc4                __shell_module_end = .
                0x0000000020001dc4                __shell_cmd_start = .
 *(SORT_BY_ALIGNMENT(.shell_cmd_*))
                0x0000000020001dc4                __shell_cmd_end = .

log_dynamic_sections
                0x0000000020001dc4        0x0 load address 0x0000000008004758
                0x0000000020001dc4                __log_dynamic_start = .
 *(SORT_BY_NAME(SORT_BY_ALIGNMENT(.log_dynamic_*)))
                0x0000000020001dc4                __log_dynamic_end = .

_static_thread_area
                0x0000000020001dc4        0x0 load address 0x0000000008004758
                0x0000000020001dc4                __static_thread_data_list_start = .
 *(SORT_BY_NAME(SORT_BY_ALIGNMENT(.__static_thread_data.static.*)))
                0x0000000020001dc4                __static_thread_data_list_end = .

_k_timer_area   0x0000000020001dc4        0x0 load address 0x0000000008004758
                0x0000000020001dc4                _k_timer_list_start = .
 *(SORT_BY_ALIGNMENT(._k_timer.static.*))
                0x0000000020001dc4                _k_timer_list_end = .

_k_mem_slab_area
                0x0000000020001dc4        0x0 load address 0x0000000008004758
                0x0000000020001dc4                _k_mem_slab_list_start = .
 *(SORT_BY_ALIGNMENT(._k_mem_slab.static.*))
                0x0000000020001dc4                _k_mem_slab_list_end = .

_k_mem_pool_area
                0x0000000020001dc4        0x0 load address 0x0000000008004758
                0x0000000020001dc4                _k_mem_pool_list_start = .
 *(SORT_BY_ALIGNMENT(._k_mem_pool.static.*))
                0x0000000020001dc4                _k_mem_pool_list_end = .

_k_heap_area    0x0000000020001dc4        0x0 load address 0x0000000008004758
                0x0000000020001dc4                _k_heap_list_start = .
 *(SORT_BY_ALIGNMENT(._k_heap.static.*))
                0x0000000020001dc4                _k_heap_list_end = .

_k_sem_area     0x0000000020001dc4        0x0 load address 0x0000000008004758
                0x0000000020001dc4                _k_sem_list_start = .
 *(SORT_BY_ALIGNMENT(._k_sem.static.*))
 *(SORT_BY_ALIGNMENT(._sys_sem.static.*))
                0x0000000020001dc4                _k_sem_list_end = .

_k_mutex_area   0x0000000020001dc4       0x14 load address 0x0000000008004758
                0x0000000020001dc4                _k_mutex_list_start = .
 *(SORT_BY_ALIGNMENT(._k_mutex.static.*))
 ._k_mutex.static.fdtable_lock
                0x0000000020001dc4       0x14 zephyr/libzephyr.a(fdtable.c.obj)
                0x0000000020001dd8                _k_mutex_list_end = .

_k_queue_area   0x0000000020001dd8        0x0 load address 0x000000000800476c
                0x0000000020001dd8                _k_queue_list_start = .
 *(SORT_BY_ALIGNMENT(._k_queue.static.*))
 *(SORT_BY_ALIGNMENT(._k_fifo.static.*))
 *(SORT_BY_ALIGNMENT(._k_lifo.static.*))
                0x0000000020001dd8                _k_queue_list_end = .

_k_stack_area   0x0000000020001dd8        0x0 load address 0x000000000800476c
                0x0000000020001dd8                _k_stack_list_start = .
 *(SORT_BY_ALIGNMENT(._k_stack.static.*))
                0x0000000020001dd8                _k_stack_list_end = .

_k_msgq_area    0x0000000020001dd8        0x0 load address 0x000000000800476c
                0x0000000020001dd8                _k_msgq_list_start = .
 *(SORT_BY_ALIGNMENT(._k_msgq.static.*))
                0x0000000020001dd8                _k_msgq_list_end = .

_k_mbox_area    0x0000000020001dd8        0x0 load address 0x000000000800476c
                0x0000000020001dd8                _k_mbox_list_start = .
 *(SORT_BY_ALIGNMENT(._k_mbox.static.*))
                0x0000000020001dd8                _k_mbox_list_end = .

_k_pipe_area    0x0000000020001dd8        0x0 load address 0x000000000800476c
                0x0000000020001dd8                _k_pipe_list_start = .
 *(SORT_BY_ALIGNMENT(._k_pipe.static.*))
                0x0000000020001dd8                _k_pipe_list_end = .

_net_buf_pool_area
                0x0000000020001dd8        0x0 load address 0x000000000800476c
                0x0000000020001dd8                _net_buf_pool_list = .
 *(SORT_BY_NAME(SORT_BY_ALIGNMENT(._net_buf_pool.static.*)))

net_if          0x0000000020001dd8        0x0 load address 0x000000000800476c
                0x0000000020001dd8                __net_if_start = .
 *(SORT_BY_ALIGNMENT(.net_if.*))
 *(SORT_BY_NAME(SORT_BY_ALIGNMENT(.net_if.*)))
                0x0000000020001dd8                __net_if_end = .

net_if_dev      0x0000000020001dd8        0x0 load address 0x000000000800476c
                0x0000000020001dd8                __net_if_dev_start = .
 *(SORT_BY_ALIGNMENT(.net_if_dev.*))
 *(SORT_BY_NAME(SORT_BY_ALIGNMENT(.net_if_dev.*)))
                0x0000000020001dd8                __net_if_dev_end = .

net_l2_data     0x0000000020001dd8        0x0 load address 0x000000000800476c
                0x0000000020001dd8                __net_l2_data_start = .
 *(SORT_BY_ALIGNMENT(.net_l2.data))
 *(SORT_BY_NAME(SORT_BY_ALIGNMENT(.net_l2.data*)))
                0x0000000020001dd8                __net_l2_data_end = .
                0x0000000020001dd8                __data_ram_end = .
                0x0000000020001dd8                _image_ram_end = .
                0x0000000020001dd8                _end = .
                0x0000000020020000                __kernel_ram_end = 0x20020000
                0x0000000000020000                __kernel_ram_size = (__kernel_ram_end - __kernel_ram_start)

.ccm_bss        0x0000000010000000        0x0
                0x0000000010000000                __ccm_start = .
                0x0000000010000000                __ccm_bss_start = .
 *(SORT_BY_ALIGNMENT(.ccm_bss))
 *(SORT_BY_ALIGNMENT(.ccm_bss.*))
                0x0000000010000000                __ccm_bss_end = .

.ccm_noinit     0x0000000010000000        0x0
                0x0000000010000000                __ccm_noinit_start = .
 *(SORT_BY_ALIGNMENT(.ccm_noinit))
 *(SORT_BY_ALIGNMENT(.ccm_noinit.*))
                0x0000000010000000                __ccm_noinit_end = .

.ccm_data       0x0000000010000000        0x0 load address 0x000000000800476c
                0x0000000010000000                __ccm_data_start = .
 *(SORT_BY_ALIGNMENT(.ccm_data))
 *(SORT_BY_ALIGNMENT(.ccm_data.*))
                0x0000000010000000                __ccm_data_end = .
                0x0000000010000000                __ccm_end = .
                0x000000000800476c                __ccm_data_rom_start = LOADADDR (.ccm_data)

.stab
 *(SORT_BY_ALIGNMENT(.stab))

.stabstr
 *(SORT_BY_ALIGNMENT(.stabstr))

.stab.excl
 *(SORT_BY_ALIGNMENT(.stab.excl))

.stab.exclstr
 *(SORT_BY_ALIGNMENT(.stab.exclstr))

.stab.index
 *(SORT_BY_ALIGNMENT(.stab.index))

.stab.indexstr
 *(SORT_BY_ALIGNMENT(.stab.indexstr))

.gnu.build.attributes
 *(SORT_BY_ALIGNMENT(.gnu.build.attributes) SORT_BY_ALIGNMENT(.gnu.build.attributes.*))

.comment        0x0000000000000000       0x32
 *(SORT_BY_ALIGNMENT(.comment))
 .comment       0x0000000000000000       0x32 zephyr/CMakeFiles/zephyr_final.dir/isr_tables.c.obj
                                         0x33 (size before relaxing)
 .comment       0x0000000000000032       0x33 app/libapp.a(main.c.obj)
 .comment       0x0000000000000032       0x33 zephyr/libzephyr.a(fdtable.c.obj)
 .comment       0x0000000000000032       0x33 zephyr/libzephyr.a(printk.c.obj)
 .comment       0x0000000000000032       0x33 zephyr/libzephyr.a(thread_entry.c.obj)
 .comment       0x0000000000000032       0x33 zephyr/libzephyr.a(heap.c.obj)
 .comment       0x0000000000000032       0x33 zephyr/libzephyr.a(configs.c.obj)
 .comment       0x0000000000000032       0x33 zephyr/libzephyr.a(soc.c.obj)
 .comment       0x0000000000000032       0x33 zephyr/libzephyr.a(uart_console.c.obj)
 .comment       0x0000000000000032       0x33 zephyr/libzephyr.a(intc_exti_stm32.c.obj)
 .comment       0x0000000000000032       0x33 zephyr/libzephyr.a(clock_stm32_ll_common.c.obj)
 .comment       0x0000000000000032       0x33 zephyr/libzephyr.a(clock_stm32f2_f4_f7.c.obj)
 .comment       0x0000000000000032       0x33 zephyr/libzephyr.a(pinmux_stm32.c.obj)
 .comment       0x0000000000000032       0x33 zephyr/libzephyr.a(sys_clock_init.c.obj)
 .comment       0x0000000000000032       0x33 zephyr/libzephyr.a(cortex_m_systick.c.obj)
 .comment       0x0000000000000032       0x33 zephyr/arch/common/libarch__common.a(isr_tables.c.obj)
 .comment       0x0000000000000032       0x33 zephyr/arch/arch/arm/core/aarch32/libarch__arm__core__aarch32.a(swap.c.obj)
 .comment       0x0000000000000032       0x33 zephyr/arch/arch/arm/core/aarch32/libarch__arm__core__aarch32.a(irq_manage.c.obj)
 .comment       0x0000000000000032       0x33 zephyr/arch/arch/arm/core/aarch32/libarch__arm__core__aarch32.a(thread.c.obj)
 .comment       0x0000000000000032       0x33 zephyr/arch/arch/arm/core/aarch32/libarch__arm__core__aarch32.a(fatal.c.obj)
 .comment       0x0000000000000032       0x33 zephyr/arch/arch/arm/core/aarch32/libarch__arm__core__aarch32.a(nmi.c.obj)
 .comment       0x0000000000000032       0x33 zephyr/arch/arch/arm/core/aarch32/libarch__arm__core__aarch32.a(prep_c.c.obj)
 .comment       0x0000000000000032       0x33 zephyr/arch/arch/arm/core/aarch32/cortex_m/libarch__arm__core__aarch32__cortex_m.a(fault.c.obj)
 .comment       0x0000000000000032       0x33 zephyr/arch/arch/arm/core/aarch32/cortex_m/libarch__arm__core__aarch32__cortex_m.a(irq_init.c.obj)
 .comment       0x0000000000000032       0x33 zephyr/arch/arch/arm/core/aarch32/cortex_m/libarch__arm__core__aarch32__cortex_m.a(thread_abort.c.obj)
 .comment       0x0000000000000032       0x33 zephyr/arch/arch/arm/core/aarch32/cortex_m/mpu/libarch__arm__core__aarch32__cortex_m__mpu.a(arm_core_mpu.c.obj)
 .comment       0x0000000000000032       0x33 zephyr/arch/arch/arm/core/aarch32/cortex_m/mpu/libarch__arm__core__aarch32__cortex_m__mpu.a(arm_mpu.c.obj)
 .comment       0x0000000000000032       0x33 zephyr/lib/libc/minimal/liblib__libc__minimal.a(string.c.obj)
 .comment       0x0000000000000032       0x33 zephyr/lib/libc/minimal/liblib__libc__minimal.a(stdout_console.c.obj)
 .comment       0x0000000000000032       0x33 zephyr/soc/arm/common/cortex_m/libsoc__arm__common__cortex_m.a(arm_mpu_regions.c.obj)
 .comment       0x0000000000000032       0x33 zephyr/boards/arm/stm32f4_disco/libboards__arm__stm32f4_disco.a(pinmux.c.obj)
 .comment       0x0000000000000032       0x33 zephyr/drivers/gpio/libdrivers__gpio.a(gpio_stm32.c.obj)
 .comment       0x0000000000000032       0x33 zephyr/drivers/pwm/libdrivers__pwm.a(pwm_stm32.c.obj)
 .comment       0x0000000000000032       0x33 zephyr/drivers/spi/libdrivers__spi.a(spi_ll_stm32.c.obj)
 .comment       0x0000000000000032       0x33 zephyr/drivers/serial/libdrivers__serial.a(uart_stm32.c.obj)
 .comment       0x0000000000000032       0x33 modules/stm32/stm32cube/lib..__modules__hal__stm32__stm32cube.a(system_stm32f4xx.c.obj)
 .comment       0x0000000000000032       0x33 modules/stm32/stm32cube/lib..__modules__hal__stm32__stm32cube.a(stm32f4xx_hal_tim.c.obj)
 .comment       0x0000000000000032       0x33 modules/stm32/stm32cube/lib..__modules__hal__stm32__stm32cube.a(stm32f4xx_ll_utils.c.obj)
 .comment       0x0000000000000032       0x33 zephyr/kernel/libkernel.a(device.c.obj)
 .comment       0x0000000000000032       0x33 zephyr/kernel/libkernel.a(errno.c.obj)
 .comment       0x0000000000000032       0x33 zephyr/kernel/libkernel.a(fatal.c.obj)
 .comment       0x0000000000000032       0x33 zephyr/kernel/libkernel.a(init.c.obj)
 .comment       0x0000000000000032       0x33 zephyr/kernel/libkernel.a(sched.c.obj)
 .comment       0x0000000000000032       0x33 zephyr/kernel/libkernel.a(sem.c.obj)
 .comment       0x0000000000000032       0x33 zephyr/kernel/libkernel.a(thread.c.obj)
 .comment       0x0000000000000032       0x33 zephyr/kernel/libkernel.a(timeout.c.obj)
 .comment       0x0000000000000032       0x33 zephyr/kernel/libkernel.a(idle.c.obj)
 .comment       0x0000000000000032       0x33 zephyr/kernel/libkernel.a(kheap.c.obj)
 .comment       0x0000000000000032       0x33 zephyr/CMakeFiles/offsets.dir/./arch/arm/core/offsets/offsets.c.obj

.debug
 *(SORT_BY_ALIGNMENT(.debug))

.line
 *(SORT_BY_ALIGNMENT(.line))

.debug_srcinfo
 *(SORT_BY_ALIGNMENT(.debug_srcinfo))

.debug_sfnames
 *(SORT_BY_ALIGNMENT(.debug_sfnames))

.debug_aranges  0x0000000000000000     0x11b8
 *(SORT_BY_ALIGNMENT(.debug_aranges))
 .debug_aranges
                0x0000000000000000       0x28 zephyr/arch/arch/arm/core/aarch32/libarch__arm__core__aarch32.a(swap_helper.S.obj)
 .debug_aranges
                0x0000000000000028       0x30 zephyr/arch/arch/arm/core/aarch32/libarch__arm__core__aarch32.a(cpu_idle.S.obj)
 .debug_aranges
                0x0000000000000058       0x20 zephyr/arch/arch/arm/core/aarch32/libarch__arm__core__aarch32.a(nmi_on_reset.S.obj)
 .debug_aranges
                0x0000000000000078       0x20 zephyr/arch/arch/arm/core/aarch32/libarch__arm__core__aarch32.a(isr_wrapper.S.obj)
 .debug_aranges
                0x0000000000000098       0x20 zephyr/arch/arch/arm/core/aarch32/cortex_m/libarch__arm__core__aarch32__cortex_m.a(reset.S.obj)
 .debug_aranges
                0x00000000000000b8       0x20 zephyr/arch/arch/arm/core/aarch32/cortex_m/libarch__arm__core__aarch32__cortex_m.a(fault_s.S.obj)
 .debug_aranges
                0x00000000000000d8       0x20 zephyr/arch/arch/arm/core/aarch32/cortex_m/libarch__arm__core__aarch32__cortex_m.a(exc_exit.S.obj)
 .debug_aranges
                0x00000000000000f8       0x18 zephyr/CMakeFiles/zephyr_final.dir/isr_tables.c.obj
 .debug_aranges
                0x0000000000000110       0xb8 app/libapp.a(main.c.obj)
 .debug_aranges
                0x00000000000001c8       0x50 zephyr/libzephyr.a(fdtable.c.obj)
 .debug_aranges
                0x0000000000000218       0x80 zephyr/libzephyr.a(printk.c.obj)
 .debug_aranges
                0x0000000000000298       0x20 zephyr/libzephyr.a(thread_entry.c.obj)
 .debug_aranges
                0x00000000000002b8       0x60 zephyr/libzephyr.a(heap.c.obj)
 .debug_aranges
                0x0000000000000318       0x20 zephyr/libzephyr.a(configs.c.obj)
 .debug_aranges
                0x0000000000000338       0x20 zephyr/libzephyr.a(soc.c.obj)
 .debug_aranges
                0x0000000000000358       0x28 zephyr/libzephyr.a(uart_console.c.obj)
 .debug_aranges
                0x0000000000000380       0xa8 zephyr/libzephyr.a(intc_exti_stm32.c.obj)
 .debug_aranges
                0x0000000000000428       0x38 zephyr/libzephyr.a(clock_stm32_ll_common.c.obj)
 .debug_aranges
                0x0000000000000460       0x30 zephyr/libzephyr.a(clock_stm32f2_f4_f7.c.obj)
 .debug_aranges
                0x0000000000000490       0x28 zephyr/libzephyr.a(pinmux_stm32.c.obj)
 .debug_aranges
                0x00000000000004b8       0x40 zephyr/libzephyr.a(sys_clock_init.c.obj)
 .debug_aranges
                0x00000000000004f8       0x58 zephyr/libzephyr.a(cortex_m_systick.c.obj)
 .debug_aranges
                0x0000000000000550       0x18 zephyr/arch/common/libarch__common.a(isr_tables.c.obj)
 .debug_aranges
                0x0000000000000568       0x20 zephyr/arch/arch/arm/core/aarch32/libarch__arm__core__aarch32.a(swap.c.obj)
 .debug_aranges
                0x0000000000000588       0x40 zephyr/arch/arch/arm/core/aarch32/libarch__arm__core__aarch32.a(irq_manage.c.obj)
 .debug_aranges
                0x00000000000005c8       0x28 zephyr/arch/arch/arm/core/aarch32/libarch__arm__core__aarch32.a(thread.c.obj)
 .debug_aranges
                0x00000000000005f0       0x30 zephyr/arch/arch/arm/core/aarch32/libarch__arm__core__aarch32.a(fatal.c.obj)
 .debug_aranges
                0x0000000000000620       0x20 zephyr/arch/arch/arm/core/aarch32/libarch__arm__core__aarch32.a(nmi.c.obj)
 .debug_aranges
                0x0000000000000640       0x20 zephyr/arch/arch/arm/core/aarch32/libarch__arm__core__aarch32.a(prep_c.c.obj)
 .debug_aranges
                0x0000000000000660       0x40 zephyr/arch/arch/arm/core/aarch32/cortex_m/libarch__arm__core__aarch32__cortex_m.a(fault.c.obj)
 .debug_aranges
                0x00000000000006a0       0x20 zephyr/arch/arch/arm/core/aarch32/cortex_m/libarch__arm__core__aarch32__cortex_m.a(irq_init.c.obj)
 .debug_aranges
                0x00000000000006c0       0x20 zephyr/arch/arch/arm/core/aarch32/cortex_m/libarch__arm__core__aarch32__cortex_m.a(thread_abort.c.obj)
 .debug_aranges
                0x00000000000006e0       0x28 zephyr/arch/arch/arm/core/aarch32/cortex_m/mpu/libarch__arm__core__aarch32__cortex_m__mpu.a(arm_core_mpu.c.obj)
 .debug_aranges
                0x0000000000000708       0x48 zephyr/arch/arch/arm/core/aarch32/cortex_m/mpu/libarch__arm__core__aarch32__cortex_m__mpu.a(arm_mpu.c.obj)
 .debug_aranges
                0x0000000000000750       0x90 zephyr/lib/libc/minimal/liblib__libc__minimal.a(string.c.obj)
 .debug_aranges
                0x00000000000007e0       0x58 zephyr/lib/libc/minimal/liblib__libc__minimal.a(stdout_console.c.obj)
 .debug_aranges
                0x0000000000000838       0x18 zephyr/soc/arm/common/cortex_m/libsoc__arm__common__cortex_m.a(arm_mpu_regions.c.obj)
 .debug_aranges
                0x0000000000000850       0x20 zephyr/boards/arm/stm32f4_disco/libboards__arm__stm32f4_disco.a(pinmux.c.obj)
 .debug_aranges
                0x0000000000000870       0x80 zephyr/drivers/gpio/libdrivers__gpio.a(gpio_stm32.c.obj)
 .debug_aranges
                0x00000000000008f0       0x30 zephyr/drivers/pwm/libdrivers__pwm.a(pwm_stm32.c.obj)
 .debug_aranges
                0x0000000000000920       0x48 zephyr/drivers/spi/libdrivers__spi.a(spi_ll_stm32.c.obj)
 .debug_aranges
                0x0000000000000968       0xe0 zephyr/drivers/serial/libdrivers__serial.a(uart_stm32.c.obj)
 .debug_aranges
                0x0000000000000a48       0x28 modules/stm32/stm32cube/lib..__modules__hal__stm32__stm32cube.a(system_stm32f4xx.c.obj)
 .debug_aranges
                0x0000000000000a70      0x278 modules/stm32/stm32cube/lib..__modules__hal__stm32__stm32cube.a(stm32f4xx_hal_tim.c.obj)
 .debug_aranges
                0x0000000000000ce8       0x58 modules/stm32/stm32cube/lib..__modules__hal__stm32__stm32cube.a(stm32f4xx_ll_utils.c.obj)
 .debug_aranges
                0x0000000000000d40       0x30 zephyr/kernel/libkernel.a(device.c.obj)
 .debug_aranges
                0x0000000000000d70       0x20 zephyr/kernel/libkernel.a(errno.c.obj)
 .debug_aranges
                0x0000000000000d90       0x38 zephyr/kernel/libkernel.a(fatal.c.obj)
 .debug_aranges
                0x0000000000000dc8       0x40 zephyr/kernel/libkernel.a(init.c.obj)
 .debug_aranges
                0x0000000000000e08      0x1c0 zephyr/kernel/libkernel.a(sched.c.obj)
 .debug_aranges
                0x0000000000000fc8       0x30 zephyr/kernel/libkernel.a(sem.c.obj)
 .debug_aranges
                0x0000000000000ff8       0xa0 zephyr/kernel/libkernel.a(thread.c.obj)
 .debug_aranges
                0x0000000000001098       0x90 zephyr/kernel/libkernel.a(timeout.c.obj)
 .debug_aranges
                0x0000000000001128       0x28 zephyr/kernel/libkernel.a(idle.c.obj)
 .debug_aranges
                0x0000000000001150       0x48 zephyr/kernel/libkernel.a(kheap.c.obj)
 .debug_aranges
                0x0000000000001198       0x20 zephyr/CMakeFiles/offsets.dir/./arch/arm/core/offsets/offsets.c.obj

.debug_pubnames
 *(SORT_BY_ALIGNMENT(.debug_pubnames))

.debug_info     0x0000000000000000    0x3bd5f
 *(SORT_BY_ALIGNMENT(.debug_info) SORT_BY_ALIGNMENT(.gnu.linkonce.wi.*))
 .debug_info    0x0000000000000000      0x289 zephyr/CMakeFiles/zephyr_final.dir/isr_tables.c.obj
 .debug_info    0x0000000000000289     0x228d app/libapp.a(main.c.obj)
 .debug_info    0x0000000000002516      0xf6e zephyr/libzephyr.a(fdtable.c.obj)
 .debug_info    0x0000000000003484     0x13c5 zephyr/libzephyr.a(printk.c.obj)
 .debug_info    0x0000000000004849      0xa27 zephyr/libzephyr.a(thread_entry.c.obj)
 .debug_info    0x0000000000005270     0x1f2b zephyr/libzephyr.a(heap.c.obj)
 .debug_info    0x000000000000719b       0x38 zephyr/libzephyr.a(configs.c.obj)
 .debug_info    0x00000000000071d3      0xadf zephyr/libzephyr.a(soc.c.obj)
 .debug_info    0x0000000000007cb2      0xf05 zephyr/libzephyr.a(uart_console.c.obj)
 .debug_info    0x0000000000008bb7     0x198e zephyr/libzephyr.a(intc_exti_stm32.c.obj)
 .debug_info    0x000000000000a545     0x1549 zephyr/libzephyr.a(clock_stm32_ll_common.c.obj)
 .debug_info    0x000000000000ba8e      0xb8d zephyr/libzephyr.a(clock_stm32f2_f4_f7.c.obj)
 .debug_info    0x000000000000c61b      0xf75 zephyr/libzephyr.a(pinmux_stm32.c.obj)
 .debug_info    0x000000000000d590      0xb47 zephyr/libzephyr.a(sys_clock_init.c.obj)
 .debug_info    0x000000000000e0d7     0x1501 zephyr/libzephyr.a(cortex_m_systick.c.obj)
 .debug_info    0x000000000000f5d8      0x2c3 zephyr/arch/common/libarch__common.a(isr_tables.c.obj)
 .debug_info    0x000000000000f89b      0xb7a zephyr/arch/arch/arm/core/aarch32/libarch__arm__core__aarch32.a(swap.c.obj)
 .debug_info    0x0000000000010415       0x22 zephyr/arch/arch/arm/core/aarch32/libarch__arm__core__aarch32.a(swap_helper.S.obj)
 .debug_info    0x0000000000010437     0x105e zephyr/arch/arch/arm/core/aarch32/libarch__arm__core__aarch32.a(irq_manage.c.obj)
 .debug_info    0x0000000000011495      0xce0 zephyr/arch/arch/arm/core/aarch32/libarch__arm__core__aarch32.a(thread.c.obj)
 .debug_info    0x0000000000012175       0x22 zephyr/arch/arch/arm/core/aarch32/libarch__arm__core__aarch32.a(cpu_idle.S.obj)
 .debug_info    0x0000000000012197      0xe5d zephyr/arch/arch/arm/core/aarch32/libarch__arm__core__aarch32.a(fatal.c.obj)
 .debug_info    0x0000000000012ff4      0x920 zephyr/arch/arch/arm/core/aarch32/libarch__arm__core__aarch32.a(nmi.c.obj)
 .debug_info    0x0000000000013914       0x26 zephyr/arch/arch/arm/core/aarch32/libarch__arm__core__aarch32.a(nmi_on_reset.S.obj)
 .debug_info    0x000000000001393a      0xe65 zephyr/arch/arch/arm/core/aarch32/libarch__arm__core__aarch32.a(prep_c.c.obj)
 .debug_info    0x000000000001479f       0x26 zephyr/arch/arch/arm/core/aarch32/libarch__arm__core__aarch32.a(isr_wrapper.S.obj)
 .debug_info    0x00000000000147c5       0x26 zephyr/arch/arch/arm/core/aarch32/cortex_m/libarch__arm__core__aarch32__cortex_m.a(reset.S.obj)
 .debug_info    0x00000000000147eb       0x26 zephyr/arch/arch/arm/core/aarch32/cortex_m/libarch__arm__core__aarch32__cortex_m.a(fault_s.S.obj)
 .debug_info    0x0000000000014811     0x17dd zephyr/arch/arch/arm/core/aarch32/cortex_m/libarch__arm__core__aarch32__cortex_m.a(fault.c.obj)
 .debug_info    0x0000000000015fee       0x26 zephyr/arch/arch/arm/core/aarch32/cortex_m/libarch__arm__core__aarch32__cortex_m.a(exc_exit.S.obj)
 .debug_info    0x0000000000016014      0x7fb zephyr/arch/arch/arm/core/aarch32/cortex_m/libarch__arm__core__aarch32__cortex_m.a(irq_init.c.obj)
 .debug_info    0x000000000001680f      0xc4c zephyr/arch/arch/arm/core/aarch32/cortex_m/libarch__arm__core__aarch32__cortex_m.a(thread_abort.c.obj)
 .debug_info    0x000000000001745b      0xd31 zephyr/arch/arch/arm/core/aarch32/cortex_m/mpu/libarch__arm__core__aarch32__cortex_m__mpu.a(arm_core_mpu.c.obj)
 .debug_info    0x000000000001818c     0x1608 zephyr/arch/arch/arm/core/aarch32/cortex_m/mpu/libarch__arm__core__aarch32__cortex_m__mpu.a(arm_mpu.c.obj)
 .debug_info    0x0000000000019794      0x70d zephyr/lib/libc/minimal/liblib__libc__minimal.a(string.c.obj)
 .debug_info    0x0000000000019ea1      0x691 zephyr/lib/libc/minimal/liblib__libc__minimal.a(stdout_console.c.obj)
 .debug_info    0x000000000001a532      0x23c zephyr/soc/arm/common/cortex_m/libsoc__arm__common__cortex_m.a(arm_mpu_regions.c.obj)
 .debug_info    0x000000000001a76e      0xab4 zephyr/boards/arm/stm32f4_disco/libboards__arm__stm32f4_disco.a(pinmux.c.obj)
 .debug_info    0x000000000001b222     0x2da0 zephyr/drivers/gpio/libdrivers__gpio.a(gpio_stm32.c.obj)
 .debug_info    0x000000000001dfc2     0x18e9 zephyr/drivers/pwm/libdrivers__pwm.a(pwm_stm32.c.obj)
 .debug_info    0x000000000001f8ab     0x3c2b zephyr/drivers/spi/libdrivers__spi.a(spi_ll_stm32.c.obj)
 .debug_info    0x00000000000234d6     0x318e zephyr/drivers/serial/libdrivers__serial.a(uart_stm32.c.obj)
 .debug_info    0x0000000000026664      0x58e modules/stm32/stm32cube/lib..__modules__hal__stm32__stm32cube.a(system_stm32f4xx.c.obj)
 .debug_info    0x0000000000026bf2     0x3c1f modules/stm32/stm32cube/lib..__modules__hal__stm32__stm32cube.a(stm32f4xx_hal_tim.c.obj)
 .debug_info    0x000000000002a811      0xd9f modules/stm32/stm32cube/lib..__modules__hal__stm32__stm32cube.a(stm32f4xx_ll_utils.c.obj)
 .debug_info    0x000000000002b5b0      0xb33 zephyr/kernel/libkernel.a(device.c.obj)
 .debug_info    0x000000000002c0e3      0x97c zephyr/kernel/libkernel.a(errno.c.obj)
 .debug_info    0x000000000002ca5f     0x1490 zephyr/kernel/libkernel.a(fatal.c.obj)
 .debug_info    0x000000000002deef     0x1e54 zephyr/kernel/libkernel.a(init.c.obj)
 .debug_info    0x000000000002fd43     0x5742 zephyr/kernel/libkernel.a(sched.c.obj)
 .debug_info    0x0000000000035485      0xee8 zephyr/kernel/libkernel.a(sem.c.obj)
 .debug_info    0x000000000003636d     0x17d4 zephyr/kernel/libkernel.a(thread.c.obj)
 .debug_info    0x0000000000037b41     0x1d02 zephyr/kernel/libkernel.a(timeout.c.obj)
 .debug_info    0x0000000000039843      0xa82 zephyr/kernel/libkernel.a(idle.c.obj)
 .debug_info    0x000000000003a2c5     0x116a zephyr/kernel/libkernel.a(kheap.c.obj)
 .debug_info    0x000000000003b42f      0x930 zephyr/CMakeFiles/offsets.dir/./arch/arm/core/offsets/offsets.c.obj

.debug_abbrev   0x0000000000000000     0xa48b
 *(SORT_BY_ALIGNMENT(.debug_abbrev))
 .debug_abbrev  0x0000000000000000      0x111 zephyr/CMakeFiles/zephyr_final.dir/isr_tables.c.obj
 .debug_abbrev  0x0000000000000111      0x537 app/libapp.a(main.c.obj)
 .debug_abbrev  0x0000000000000648      0x3fa zephyr/libzephyr.a(fdtable.c.obj)
 .debug_abbrev  0x0000000000000a42      0x520 zephyr/libzephyr.a(printk.c.obj)
 .debug_abbrev  0x0000000000000f62      0x283 zephyr/libzephyr.a(thread_entry.c.obj)
 .debug_abbrev  0x00000000000011e5      0x3d6 zephyr/libzephyr.a(heap.c.obj)
 .debug_abbrev  0x00000000000015bb       0x2e zephyr/libzephyr.a(configs.c.obj)
 .debug_abbrev  0x00000000000015e9      0x2bd zephyr/libzephyr.a(soc.c.obj)
 .debug_abbrev  0x00000000000018a6      0x3af zephyr/libzephyr.a(uart_console.c.obj)
 .debug_abbrev  0x0000000000001c55      0x503 zephyr/libzephyr.a(intc_exti_stm32.c.obj)
 .debug_abbrev  0x0000000000002158      0x490 zephyr/libzephyr.a(clock_stm32_ll_common.c.obj)
 .debug_abbrev  0x00000000000025e8      0x264 zephyr/libzephyr.a(clock_stm32f2_f4_f7.c.obj)
 .debug_abbrev  0x000000000000284c      0x34f zephyr/libzephyr.a(pinmux_stm32.c.obj)
 .debug_abbrev  0x0000000000002b9b      0x28c zephyr/libzephyr.a(sys_clock_init.c.obj)
 .debug_abbrev  0x0000000000002e27      0x432 zephyr/libzephyr.a(cortex_m_systick.c.obj)
 .debug_abbrev  0x0000000000003259      0x111 zephyr/arch/common/libarch__common.a(isr_tables.c.obj)
 .debug_abbrev  0x000000000000336a      0x251 zephyr/arch/arch/arm/core/aarch32/libarch__arm__core__aarch32.a(swap.c.obj)
 .debug_abbrev  0x00000000000035bb       0x12 zephyr/arch/arch/arm/core/aarch32/libarch__arm__core__aarch32.a(swap_helper.S.obj)
 .debug_abbrev  0x00000000000035cd      0x335 zephyr/arch/arch/arm/core/aarch32/libarch__arm__core__aarch32.a(irq_manage.c.obj)
 .debug_abbrev  0x0000000000003902      0x2fc zephyr/arch/arch/arm/core/aarch32/libarch__arm__core__aarch32.a(thread.c.obj)
 .debug_abbrev  0x0000000000003bfe       0x12 zephyr/arch/arch/arm/core/aarch32/libarch__arm__core__aarch32.a(cpu_idle.S.obj)
 .debug_abbrev  0x0000000000003c10      0x396 zephyr/arch/arch/arm/core/aarch32/libarch__arm__core__aarch32.a(fatal.c.obj)
 .debug_abbrev  0x0000000000003fa6      0x1e6 zephyr/arch/arch/arm/core/aarch32/libarch__arm__core__aarch32.a(nmi.c.obj)
 .debug_abbrev  0x000000000000418c       0x14 zephyr/arch/arch/arm/core/aarch32/libarch__arm__core__aarch32.a(nmi_on_reset.S.obj)
 .debug_abbrev  0x00000000000041a0      0x2ef zephyr/arch/arch/arm/core/aarch32/libarch__arm__core__aarch32.a(prep_c.c.obj)
 .debug_abbrev  0x000000000000448f       0x14 zephyr/arch/arch/arm/core/aarch32/libarch__arm__core__aarch32.a(isr_wrapper.S.obj)
 .debug_abbrev  0x00000000000044a3       0x14 zephyr/arch/arch/arm/core/aarch32/cortex_m/libarch__arm__core__aarch32__cortex_m.a(reset.S.obj)
 .debug_abbrev  0x00000000000044b7       0x14 zephyr/arch/arch/arm/core/aarch32/cortex_m/libarch__arm__core__aarch32__cortex_m.a(fault_s.S.obj)
 .debug_abbrev  0x00000000000044cb      0x46e zephyr/arch/arch/arm/core/aarch32/cortex_m/libarch__arm__core__aarch32__cortex_m.a(fault.c.obj)
 .debug_abbrev  0x0000000000004939       0x14 zephyr/arch/arch/arm/core/aarch32/cortex_m/libarch__arm__core__aarch32__cortex_m.a(exc_exit.S.obj)
 .debug_abbrev  0x000000000000494d      0x1e6 zephyr/arch/arch/arm/core/aarch32/cortex_m/libarch__arm__core__aarch32__cortex_m.a(irq_init.c.obj)
 .debug_abbrev  0x0000000000004b33      0x2ed zephyr/arch/arch/arm/core/aarch32/cortex_m/libarch__arm__core__aarch32__cortex_m.a(thread_abort.c.obj)
 .debug_abbrev  0x0000000000004e20      0x223 zephyr/arch/arch/arm/core/aarch32/cortex_m/mpu/libarch__arm__core__aarch32__cortex_m__mpu.a(arm_core_mpu.c.obj)